Archive member included to satisfy reference by file (symbol)

/Applications/Simplicity Studio.app/Contents/Eclipse/developer/toolchains/gnu_arm/10.3_2021.10/bin/../lib/gcc/arm-none-eabi/10.3.1/thumb/v8-m.main+fp/hard/libgcc.a(_aeabi_ldivmod.o)
                              vscode-build/obj/gecko_sdk_4.3.1/platform/emlib/src/em_eusart.o (__aeabi_ldivmod)
/Applications/Simplicity Studio.app/Contents/Eclipse/developer/toolchains/gnu_arm/10.3_2021.10/bin/../lib/gcc/arm-none-eabi/10.3.1/thumb/v8-m.main+fp/hard/libgcc.a(_aeabi_uldivmod.o)
                              vscode-build/obj/gecko_sdk_4.3.1/platform/emlib/src/em_eusart.o (__aeabi_uldivmod)
/Applications/Simplicity Studio.app/Contents/Eclipse/developer/toolchains/gnu_arm/10.3_2021.10/bin/../lib/gcc/arm-none-eabi/10.3.1/thumb/v8-m.main+fp/hard/libgcc.a(_udivmoddi4.o)
                              /Applications/Simplicity Studio.app/Contents/Eclipse/developer/toolchains/gnu_arm/10.3_2021.10/bin/../lib/gcc/arm-none-eabi/10.3.1/thumb/v8-m.main+fp/hard/libgcc.a(_aeabi_ldivmod.o) (__udivmoddi4)
/Applications/Simplicity Studio.app/Contents/Eclipse/developer/toolchains/gnu_arm/10.3_2021.10/bin/../lib/gcc/arm-none-eabi/10.3.1/thumb/v8-m.main+fp/hard/libgcc.a(_dvmd_tls.o)
                              /Applications/Simplicity Studio.app/Contents/Eclipse/developer/toolchains/gnu_arm/10.3_2021.10/bin/../lib/gcc/arm-none-eabi/10.3.1/thumb/v8-m.main+fp/hard/libgcc.a(_aeabi_ldivmod.o) (__aeabi_ldiv0)
/Applications/Simplicity Studio.app/Contents/Eclipse/developer/toolchains/gnu_arm/10.3_2021.10/bin/../lib/gcc/arm-none-eabi/10.3.1/../../../../arm-none-eabi/lib/thumb/v8-m.main+fp/hard/libc_nano.a(lib_a-ctype_.o)
                              vscode-build/obj/gecko_sdk_4.3.1/platform/common/src/sl_string.o (_ctype_)
/Applications/Simplicity Studio.app/Contents/Eclipse/developer/toolchains/gnu_arm/10.3_2021.10/bin/../lib/gcc/arm-none-eabi/10.3.1/../../../../arm-none-eabi/lib/thumb/v8-m.main+fp/hard/libc_nano.a(lib_a-exit.o)
                              /Applications/Simplicity Studio.app/Contents/Eclipse/developer/toolchains/gnu_arm/10.3_2021.10/bin/../lib/gcc/arm-none-eabi/10.3.1/../../../../arm-none-eabi/lib/thumb/v8-m.main+fp/hard/crt0.o (exit)
/Applications/Simplicity Studio.app/Contents/Eclipse/developer/toolchains/gnu_arm/10.3_2021.10/bin/../lib/gcc/arm-none-eabi/10.3.1/../../../../arm-none-eabi/lib/thumb/v8-m.main+fp/hard/libc_nano.a(lib_a-impure.o)
                              /Applications/Simplicity Studio.app/Contents/Eclipse/developer/toolchains/gnu_arm/10.3_2021.10/bin/../lib/gcc/arm-none-eabi/10.3.1/../../../../arm-none-eabi/lib/thumb/v8-m.main+fp/hard/libc_nano.a(lib_a-exit.o) (_global_impure_ptr)
/Applications/Simplicity Studio.app/Contents/Eclipse/developer/toolchains/gnu_arm/10.3_2021.10/bin/../lib/gcc/arm-none-eabi/10.3.1/../../../../arm-none-eabi/lib/thumb/v8-m.main+fp/hard/libc_nano.a(lib_a-init.o)
                              /Applications/Simplicity Studio.app/Contents/Eclipse/developer/toolchains/gnu_arm/10.3_2021.10/bin/../lib/gcc/arm-none-eabi/10.3.1/../../../../arm-none-eabi/lib/thumb/v8-m.main+fp/hard/crt0.o (__libc_init_array)
/Applications/Simplicity Studio.app/Contents/Eclipse/developer/toolchains/gnu_arm/10.3_2021.10/bin/../lib/gcc/arm-none-eabi/10.3.1/../../../../arm-none-eabi/lib/thumb/v8-m.main+fp/hard/libc_nano.a(lib_a-memcmp.o)
                              vscode-build/obj/gecko_sdk_4.3.1/platform/emdrv/nvm3/src/nvm3_hal_flash.o (memcmp)
/Applications/Simplicity Studio.app/Contents/Eclipse/developer/toolchains/gnu_arm/10.3_2021.10/bin/../lib/gcc/arm-none-eabi/10.3.1/../../../../arm-none-eabi/lib/thumb/v8-m.main+fp/hard/libc_nano.a(lib_a-memcpy-stub.o)
                              vscode-build/obj/gecko_sdk_4.3.1/platform/emdrv/nvm3/src/nvm3_hal_flash.o (memcpy)
/Applications/Simplicity Studio.app/Contents/Eclipse/developer/toolchains/gnu_arm/10.3_2021.10/bin/../lib/gcc/arm-none-eabi/10.3.1/../../../../arm-none-eabi/lib/thumb/v8-m.main+fp/hard/libc_nano.a(lib_a-memmove.o)
                              vscode-build/obj/gecko_sdk_4.3.1/platform/service/cli/src/sl_cli_input.o (memmove)
/Applications/Simplicity Studio.app/Contents/Eclipse/developer/toolchains/gnu_arm/10.3_2021.10/bin/../lib/gcc/arm-none-eabi/10.3.1/../../../../arm-none-eabi/lib/thumb/v8-m.main+fp/hard/libc_nano.a(lib_a-memset.o)
                              /Applications/Simplicity Studio.app/Contents/Eclipse/developer/toolchains/gnu_arm/10.3_2021.10/bin/../lib/gcc/arm-none-eabi/10.3.1/../../../../arm-none-eabi/lib/thumb/v8-m.main+fp/hard/crt0.o (memset)
/Applications/Simplicity Studio.app/Contents/Eclipse/developer/toolchains/gnu_arm/10.3_2021.10/bin/../lib/gcc/arm-none-eabi/10.3.1/../../../../arm-none-eabi/lib/thumb/v8-m.main+fp/hard/libc_nano.a(lib_a-printf.o)
                              vscode-build/obj/nvm3_app.o (printf)
[...]
Memory Configuration

Name             Origin             Length             Attributes
FLASH            0x0000000008000000 0x000000000007e000 xr
RAM              0x0000000020000000 0x0000000000010000 xrw
*default*        0x0000000000000000 0xffffffffffffffff

Linker script and memory map

LOAD /Applications/Simplicity Studio.app/Contents/Eclipse/developer/toolchains/gnu_arm/10.3_2021.10/bin/../lib/gcc/arm-none-eabi/10.3.1/thumb/v8-m.main+fp/hard/crti.o
LOAD /Applications/Simplicity Studio.app/Contents/Eclipse/developer/toolchains/gnu_arm/10.3_2021.10/bin/../lib/gcc/arm-none-eabi/10.3.1/thumb/v8-m.main+fp/hard/crtbegin.o
LOAD /Applications/Simplicity Studio.app/Contents/Eclipse/developer/toolchains/gnu_arm/10.3_2021.10/bin/../lib/gcc/arm-none-eabi/10.3.1/../../../../arm-none-eabi/lib/thumb/v8-m.main+fp/hard/crt0.o
LOAD vscode-build/obj/gecko_sdk_4.3.1/platform/service/udelay/src/sl_udelay_armv6m_gcc.o
LOAD vscode-build/obj/app.o
LOAD vscode-build/obj/autogen/sl_board_default_init.o
LOAD vscode-build/obj/autogen/sl_cli_command_table.o
LOAD vscode-build/obj/autogen/sl_cli_instances.o
LOAD vscode-build/obj/autogen/sl_device_init_clocks.o
LOAD vscode-build/obj/autogen/sl_event_handler.o
LOAD vscode-build/obj/autogen/sl_iostream_handles.o
LOAD vscode-build/obj/autogen/sl_iostream_init_eusart_instances.o
LOAD vscode-build/obj/autogen/sli_cli_hooks.o
LOAD vscode-build/obj/gecko_sdk_4.3.1/hardware/board/src/sl_board_control_gpio.o
LOAD vscode-build/obj/gecko_sdk_4.3.1/hardware/board/src/sl_board_init.o
LOAD vscode-build/obj/gecko_sdk_4.3.1/hardware/driver/configuration_over_swo/src/sl_cos.o
LOAD vscode-build/obj/gecko_sdk_4.3.1/hardware/driver/mx25_flash_shutdown/src/sl_mx25_flash_shutdown_usart/sl_mx25_flash_shutdown.o
LOAD vscode-build/obj/gecko_sdk_4.3.1/platform/Device/SiliconLabs/EFR32ZG23/Source/startup_efr32zg23.o
LOAD vscode-build/obj/gecko_sdk_4.3.1/platform/Device/SiliconLabs/EFR32ZG23/Source/system_efr32zg23.o
LOAD vscode-build/obj/gecko_sdk_4.3.1/platform/common/src/sl_assert.o
LOAD vscode-build/obj/gecko_sdk_4.3.1/platform/common/src/sl_slist.o
LOAD vscode-build/obj/gecko_sdk_4.3.1/platform/common/src/sl_string.o
LOAD vscode-build/obj/gecko_sdk_4.3.1/platform/common/toolchain/src/sl_memory.o
LOAD vscode-build/obj/gecko_sdk_4.3.1/platform/driver/debug/src/sl_debug_swo.o
LOAD vscode-build/obj/gecko_sdk_4.3.1/platform/emdrv/dmadrv/src/dmadrv.o
LOAD vscode-build/obj/gecko_sdk_4.3.1/platform/emdrv/nvm3/src/nvm3_default_common_linker.o
LOAD vscode-build/obj/gecko_sdk_4.3.1/platform/emdrv/nvm3/src/nvm3_hal_flash.o
LOAD vscode-build/obj/gecko_sdk_4.3.1/platform/emdrv/nvm3/src/nvm3_lock.o
LOAD vscode-build/obj/gecko_sdk_4.3.1/platform/emlib/src/em_cmu.o
LOAD vscode-build/obj/gecko_sdk_4.3.1/platform/emlib/src/em_core.o
LOAD vscode-build/obj/gecko_sdk_4.3.1/platform/emlib/src/em_emu.o
LOAD vscode-build/obj/gecko_sdk_4.3.1/platform/emlib/src/em_eusart.o
LOAD vscode-build/obj/gecko_sdk_4.3.1/platform/emlib/src/em_gpio.o
LOAD vscode-build/obj/gecko_sdk_4.3.1/platform/emlib/src/em_ldma.o
LOAD vscode-build/obj/gecko_sdk_4.3.1/platform/emlib/src/em_msc.o
LOAD vscode-build/obj/gecko_sdk_4.3.1/platform/emlib/src/em_system.o
LOAD vscode-build/obj/gecko_sdk_4.3.1/platform/emlib/src/em_usart.o
LOAD vscode-build/obj/gecko_sdk_4.3.1/platform/service/cli/src/sl_cli.o
LOAD vscode-build/obj/gecko_sdk_4.3.1/platform/service/cli/src/sl_cli_arguments.o
LOAD vscode-build/obj/gecko_sdk_4.3.1/platform/service/cli/src/sl_cli_command.o
LOAD vscode-build/obj/gecko_sdk_4.3.1/platform/service/cli/src/sl_cli_input.o
LOAD vscode-build/obj/gecko_sdk_4.3.1/platform/service/cli/src/sl_cli_io.o
LOAD vscode-build/obj/gecko_sdk_4.3.1/platform/service/cli/src/sl_cli_tokenize.o
LOAD vscode-build/obj/gecko_sdk_4.3.1/platform/service/device_init/src/sl_device_init_dcdc_s2.o
LOAD vscode-build/obj/gecko_sdk_4.3.1/platform/service/device_init/src/sl_device_init_emu_s2.o
LOAD vscode-build/obj/gecko_sdk_4.3.1/platform/service/device_init/src/sl_device_init_hfxo_s2.o
LOAD vscode-build/obj/gecko_sdk_4.3.1/platform/service/device_init/src/sl_device_init_lfxo_s2.o
LOAD vscode-build/obj/gecko_sdk_4.3.1/platform/service/device_init/src/sl_device_init_nvic.o
LOAD vscode-build/obj/gecko_sdk_4.3.1/platform/service/iostream/src/sl_iostream.o
LOAD vscode-build/obj/gecko_sdk_4.3.1/platform/service/iostream/src/sl_iostream_eusart.o
LOAD vscode-build/obj/gecko_sdk_4.3.1/platform/service/iostream/src/sl_iostream_retarget_stdio.o
LOAD vscode-build/obj/gecko_sdk_4.3.1/platform/service/iostream/src/sl_iostream_stdlib_config.o
LOAD vscode-build/obj/gecko_sdk_4.3.1/platform/service/iostream/src/sl_iostream_uart.o
LOAD vscode-build/obj/gecko_sdk_4.3.1/platform/service/system/src/sl_system_init.o
LOAD vscode-build/obj/gecko_sdk_4.3.1/platform/service/system/src/sl_system_process_action.o
LOAD vscode-build/obj/gecko_sdk_4.3.1/platform/service/udelay/src/sl_udelay.o
LOAD vscode-build/obj/main.o
LOAD vscode-build/obj/nvm3_app.o
START GROUP
LOAD /Applications/Simplicity Studio.app/Contents/Eclipse/developer/toolchains/gnu_arm/10.3_2021.10/bin/../lib/gcc/arm-none-eabi/10.3.1/thumb/v8-m.main+fp/hard/libgcc.a
LOAD /Applications/Simplicity Studio.app/Contents/Eclipse/developer/toolchains/gnu_arm/10.3_2021.10/bin/../lib/gcc/arm-none-eabi/10.3.1/../../../../arm-none-eabi/lib/thumb/v8-m.main+fp/hard/libc_nano.a
LOAD /Applications/Simplicity Studio.app/Contents/Eclipse/developer/toolchains/gnu_arm/10.3_2021.10/bin/../lib/gcc/arm-none-eabi/10.3.1/../../../../arm-none-eabi/lib/thumb/v8-m.main+fp/hard/libm.a
LOAD /Applications/Simplicity Studio.app/Contents/Eclipse/developer/toolchains/gnu_arm/10.3_2021.10/bin/../lib/gcc/arm-none-eabi/10.3.1/../../../../arm-none-eabi/lib/thumb/v8-m.main+fp/hard/libnosys.a
LOAD gecko_sdk_4.3.1/platform/emdrv/nvm3/lib/libnvm3_CM33_gcc.a
END GROUP
START GROUP
LOAD /Applications/Simplicity Studio.app/Contents/Eclipse/developer/toolchains/gnu_arm/10.3_2021.10/bin/../lib/gcc/arm-none-eabi/10.3.1/thumb/v8-m.main+fp/hard/libgcc.a
LOAD /Applications/Simplicity Studio.app/Contents/Eclipse/developer/toolchains/gnu_arm/10.3_2021.10/bin/../lib/gcc/arm-none-eabi/10.3.1/../../../../arm-none-eabi/lib/thumb/v8-m.main+fp/hard/libc_nano.a
END GROUP
START GROUP
LOAD /Applications/Simplicity Studio.app/Contents/Eclipse/developer/toolchains/gnu_arm/10.3_2021.10/bin/../lib/gcc/arm-none-eabi/10.3.1/thumb/v8-m.main+fp/hard/libgcc.a
LOAD /Applications/Simplicity Studio.app/Contents/Eclipse/developer/toolchains/gnu_arm/10.3_2021.10/bin/../lib/gcc/arm-none-eabi/10.3.1/../../../../arm-none-eabi/lib/thumb/v8-m.main+fp/hard/libc_nano.a
END GROUP
LOAD /Applications/Simplicity Studio.app/Contents/Eclipse/developer/toolchains/gnu_arm/10.3_2021.10/bin/../lib/gcc/arm-none-eabi/10.3.1/thumb/v8-m.main+fp/hard/crtend.o
LOAD /Applications/Simplicity Studio.app/Contents/Eclipse/developer/toolchains/gnu_arm/10.3_2021.10/bin/../lib/gcc/arm-none-eabi/10.3.1/thumb/v8-m.main+fp/hard/crtn.o

.text           0x0000000008000000     0x9850
                0x0000000008000000                linker_vectors_begin = .
 *(.vectors)
 .vectors       0x0000000008000000      0x170 vscode-build/obj/gecko_sdk_4.3.1/platform/Device/SiliconLabs/EFR32ZG23/Source/startup_efr32zg23.o
                0x0000000008000000                __Vectors
                0x0000000008000170                linker_vectors_end = .
                0x0000000008000170                __Vectors_End = .
                0x0000000008000170                __Vectors_Size = (__Vectors_End - __Vectors)
                0x0000000008000170                linker_code_begin = .
 *(SORT_BY_ALIGNMENT(.text*))
 .text          0x0000000008000170        0x8 vscode-build/obj/gecko_sdk_4.3.1/platform/service/udelay/src/sl_udelay_armv6m_gcc.o
                0x0000000008000170                sli_delay_loop
 .text          0x0000000008000178       0x40 /Applications/Simplicity Studio.app/Contents/Eclipse/developer/toolchains/gnu_arm/10.3_2021.10/bin/../lib/gcc/arm-none-eabi/10.3.1/thumb/v8-m.main+fp/hard/crtbegin.o
 .text          0x00000000080001b8       0x7c /Applications/Simplicity Studio.app/Contents/Eclipse/developer/toolchains/gnu_arm/10.3_2021.10/bin/../lib/gcc/arm-none-eabi/10.3.1/../../../../arm-none-eabi/lib/thumb/v8-m.main+fp/hard/crt0.o
                0x00000000080001b8                _stack_init
                0x00000000080001c0                _mainCRTStartup
                0x00000000080001c0                _start
 .text.sl_cli_instances_init
                0x0000000008000234       0x40 vscode-build/obj/autogen/sl_cli_instances.o
                0x0000000008000234                sl_cli_instances_init
 .text.sl_cli_instances_tick
                0x0000000008000274       0x28 vscode-build/obj/autogen/sl_cli_instances.o
                0x0000000008000274                sl_cli_instances_tick
 .text.sl_device_init_clocks
                0x000000000800029c       0xac vscode-build/obj/autogen/sl_device_init_clocks.o
                0x000000000800029c                sl_device_init_clocks
 .text.sl_platform_init
                0x0000000008000348       0x9c vscode-build/obj/autogen/sl_event_handler.o
                0x0000000008000348                sl_platform_init
 .text.sl_iostream_eusart_init_vcom
                0x00000000080003e4       0xb0 vscode-build/obj/autogen/sl_iostream_init_eusart_instances.o
                0x00000000080003e4                sl_iostream_eusart_init_vcom
 .text.EUSART0_RX_IRQHandler
                0x0000000008000494        0xc vscode-build/obj/autogen/sl_iostream_init_eusart_instances.o
                0x0000000008000494                EUSART0_RX_IRQHandler
 .text.cs_high  0x00000000080004a0       0x10 vscode-build/obj/gecko_sdk_4.3.1/hardware/driver/mx25_flash_shutdown/src/sl_mx25_flash_shutdown_usart/sl_mx25_flash_shutdown.o
 .text.cs_low   0x00000000080004b0       0x10 vscode-build/obj/gecko_sdk_4.3.1/hardware/driver/mx25_flash_shutdown/src/sl_mx25_flash_shutdown_usart/sl_mx25_flash_shutdown.o
 .text.sl_mx25_flash_shutdown
                0x00000000080004c0      0x118 vscode-build/obj/gecko_sdk_4.3.1/hardware/driver/mx25_flash_shutdown/src/sl_mx25_flash_shutdown_usart/sl_mx25_flash_shutdown.o
                0x00000000080004c0                sl_mx25_flash_shutdown
 .text.Reset_Handler
                0x00000000080005d8       0x60 vscode-build/obj/gecko_sdk_4.3.1/platform/Device/SiliconLabs/EFR32ZG23/Source/startup_efr32zg23.o
                0x00000000080005d8                Reset_Handler
 .text.SystemInit
                0x0000000008000638       0x68 vscode-build/obj/gecko_sdk_4.3.1/platform/Device/SiliconLabs/EFR32ZG23/Source/system_efr32zg23.o
                0x0000000008000638                SystemInit
 .text.SystemHFRCODPLLClockGet
                0x00000000080006a0        0xc vscode-build/obj/gecko_sdk_4.3.1/platform/Device/SiliconLabs/EFR32ZG23/Source/system_efr32zg23.o
                0x00000000080006a0                SystemHFRCODPLLClockGet
 .text.SystemSYSCLKGet
                0x00000000080006ac       0x34 vscode-build/obj/gecko_sdk_4.3.1/platform/Device/SiliconLabs/EFR32ZG23/Source/system_efr32zg23.o
                0x00000000080006ac                SystemSYSCLKGet
 .text.SystemHCLKGet
                0x00000000080006e0       0x24 vscode-build/obj/gecko_sdk_4.3.1/platform/Device/SiliconLabs/EFR32ZG23/Source/system_efr32zg23.o
                0x00000000080006e0                SystemHCLKGet
 .text.SystemMaxCoreClockGet
                0x0000000008000704        0x8 vscode-build/obj/gecko_sdk_4.3.1/platform/Device/SiliconLabs/EFR32ZG23/Source/system_efr32zg23.o
                0x0000000008000704                SystemMaxCoreClockGet
 .text.SystemHFXOClockGet
                0x000000000800070c        0xc vscode-build/obj/gecko_sdk_4.3.1/platform/Device/SiliconLabs/EFR32ZG23/Source/system_efr32zg23.o
                0x000000000800070c                SystemHFXOClockGet
 .text.SystemHFXOClockSet
                0x0000000008000718       0x20 vscode-build/obj/gecko_sdk_4.3.1/platform/Device/SiliconLabs/EFR32ZG23/Source/system_efr32zg23.o
                0x0000000008000718                SystemHFXOClockSet
 .text.SystemFSRCOClockGet
                0x0000000008000738        0x8 vscode-build/obj/gecko_sdk_4.3.1/platform/Device/SiliconLabs/EFR32ZG23/Source/system_efr32zg23.o
                0x0000000008000738                SystemFSRCOClockGet
 .text.SystemHFRCOEM23ClockGet
                0x0000000008000740       0x84 vscode-build/obj/gecko_sdk_4.3.1/platform/Device/SiliconLabs/EFR32ZG23/Source/system_efr32zg23.o
                0x0000000008000740                SystemHFRCOEM23ClockGet
 .text.SystemLFXOClockGet
                0x00000000080007c4        0xc vscode-build/obj/gecko_sdk_4.3.1/platform/Device/SiliconLabs/EFR32ZG23/Source/system_efr32zg23.o
                0x00000000080007c4                SystemLFXOClockGet
 .text.sl_slist_push
                0x00000000080007d0       0x20 vscode-build/obj/gecko_sdk_4.3.1/platform/common/src/sl_slist.o
                0x00000000080007d0                sl_slist_push
 .text.sl_strcasecmp
                0x00000000080007f0       0x44 vscode-build/obj/gecko_sdk_4.3.1/platform/common/src/sl_string.o
                0x00000000080007f0                sl_strcasecmp
 .text._sbrk    0x0000000008000834       0x20 vscode-build/obj/gecko_sdk_4.3.1/platform/common/toolchain/src/sl_memory.o
                0x0000000008000834                _sbrk
 .text.sl_debug_swo_init
                0x0000000008000854       0xc0 vscode-build/obj/gecko_sdk_4.3.1/platform/driver/debug/src/sl_debug_swo.o
                0x0000000008000854                sl_debug_swo_init
 .text.sl_debug_swo_write_u8
                0x0000000008000914       0x44 vscode-build/obj/gecko_sdk_4.3.1/platform/driver/debug/src/sl_debug_swo.o
                0x0000000008000914                sl_debug_swo_write_u8
 .text.StartTransfer
                0x0000000008000958      0x17c vscode-build/obj/gecko_sdk_4.3.1/platform/emdrv/dmadrv/src/dmadrv.o
 .text.DMADRV_AllocateChannel
                0x0000000008000ad4       0x60 vscode-build/obj/gecko_sdk_4.3.1/platform/emdrv/dmadrv/src/dmadrv.o
                0x0000000008000ad4                DMADRV_AllocateChannel
 .text.DMADRV_DeInit
                0x0000000008000b34       0x44 vscode-build/obj/gecko_sdk_4.3.1/platform/emdrv/dmadrv/src/dmadrv.o
                0x0000000008000b34                DMADRV_DeInit
 .text.DMADRV_FreeChannel
                0x0000000008000b78       0x4c vscode-build/obj/gecko_sdk_4.3.1/platform/emdrv/dmadrv/src/dmadrv.o
                0x0000000008000b78                DMADRV_FreeChannel
 .text.DMADRV_Init
                0x0000000008000bc4       0x68 vscode-build/obj/gecko_sdk_4.3.1/platform/emdrv/dmadrv/src/dmadrv.o
                0x0000000008000bc4                DMADRV_Init
 .text.DMADRV_PauseTransfer
                0x0000000008000c2c       0x40 vscode-build/obj/gecko_sdk_4.3.1/platform/emdrv/dmadrv/src/dmadrv.o
                0x0000000008000c2c                DMADRV_PauseTransfer
 .text.DMADRV_ResumeTransfer
                0x0000000008000c6c       0x40 vscode-build/obj/gecko_sdk_4.3.1/platform/emdrv/dmadrv/src/dmadrv.o
                0x0000000008000c6c                DMADRV_ResumeTransfer
 .text.DMADRV_StopTransfer
                0x0000000008000cac       0x40 vscode-build/obj/gecko_sdk_4.3.1/platform/emdrv/dmadrv/src/dmadrv.o
                0x0000000008000cac                DMADRV_StopTransfer
 .text.DMADRV_TransferCompletePending
                0x0000000008000cec       0x50 vscode-build/obj/gecko_sdk_4.3.1/platform/emdrv/dmadrv/src/dmadrv.o
                0x0000000008000cec                DMADRV_TransferCompletePending
 .text.DMADRV_TransferDone
                0x0000000008000d3c       0x44 vscode-build/obj/gecko_sdk_4.3.1/platform/emdrv/dmadrv/src/dmadrv.o
                0x0000000008000d3c                DMADRV_TransferDone
 .text.LDMA_IRQHandler
                0x0000000008000d80       0x74 vscode-build/obj/gecko_sdk_4.3.1/platform/emdrv/dmadrv/src/dmadrv.o
                0x0000000008000d80                LDMA_IRQHandler
 .text.nvm3_initDefault
                0x0000000008000df4       0x14 vscode-build/obj/gecko_sdk_4.3.1/platform/emdrv/nvm3/src/nvm3_default_common_linker.o
                0x0000000008000df4                nvm3_initDefault
 .text.nvm3_halFlashWriteWords
                0x0000000008000e08       0x40 vscode-build/obj/gecko_sdk_4.3.1/platform/emdrv/nvm3/src/nvm3_hal_flash.o
 .text.nvm3_halFlashPageErase
                0x0000000008000e48       0x44 vscode-build/obj/gecko_sdk_4.3.1/platform/emdrv/nvm3/src/nvm3_hal_flash.o
 .text.nvm3_lockBegin
                0x0000000008000e8c       0x10 vscode-build/obj/gecko_sdk_4.3.1/platform/emdrv/nvm3/src/nvm3_lock.o
                0x0000000008000e8c                nvm3_lockBegin
 .text.nvm3_lockEnd
                0x0000000008000e9c        0xc vscode-build/obj/gecko_sdk_4.3.1/platform/emdrv/nvm3/src/nvm3_lock.o
                0x0000000008000e9c                nvm3_lockEnd
 .text.EMU_VScaleGet
                0x0000000008000ea8       0x18 vscode-build/obj/gecko_sdk_4.3.1/platform/emlib/src/em_cmu.o
 .text.em01GrpaClkGet
                0x0000000008000ec0       0x74 vscode-build/obj/gecko_sdk_4.3.1/platform/emlib/src/em_cmu.o
 .text.em01GrpcClkGet
                0x0000000008000f34       0x70 vscode-build/obj/gecko_sdk_4.3.1/platform/emlib/src/em_cmu.o
 .text.iadcClkGet
                0x0000000008000fa4       0x60 vscode-build/obj/gecko_sdk_4.3.1/platform/emlib/src/em_cmu.o
 .text.lesenseHFClkGet
                0x0000000008001004       0x48 vscode-build/obj/gecko_sdk_4.3.1/platform/emlib/src/em_cmu.o
 .text.eusart0ClkGet
                0x000000000800104c       0x74 vscode-build/obj/gecko_sdk_4.3.1/platform/emlib/src/em_cmu.o
 .text.em23GrpaClkGet
                0x00000000080010c0       0x48 vscode-build/obj/gecko_sdk_4.3.1/platform/emlib/src/em_cmu.o
 .text.vdac0ClkGet
                0x0000000008001108       0x70 vscode-build/obj/gecko_sdk_4.3.1/platform/emlib/src/em_cmu.o
 .text.pcnt0ClkGet
                0x0000000008001178       0x4c vscode-build/obj/gecko_sdk_4.3.1/platform/emlib/src/em_cmu.o
 .text.wdog0ClkGet
                0x00000000080011c4       0x64 vscode-build/obj/gecko_sdk_4.3.1/platform/emlib/src/em_cmu.o
 .text.wdog1ClkGet
                0x0000000008001228       0x64 vscode-build/obj/gecko_sdk_4.3.1/platform/emlib/src/em_cmu.o
 .text.sysrtcClkGet
                0x000000000800128c       0x48 vscode-build/obj/gecko_sdk_4.3.1/platform/emlib/src/em_cmu.o
 .text.lcdClkGet
                0x00000000080012d4       0x54 vscode-build/obj/gecko_sdk_4.3.1/platform/emlib/src/em_cmu.o
 .text.em4GrpaClkGet
                0x0000000008001328       0x48 vscode-build/obj/gecko_sdk_4.3.1/platform/emlib/src/em_cmu.o
 .text.CMU_ClockDivGet
                0x0000000008001370       0x84 vscode-build/obj/gecko_sdk_4.3.1/platform/emlib/src/em_cmu.o
                0x0000000008001370                CMU_ClockDivGet
 .text.flashWaitStateControl
                0x00000000080013f4       0x58 vscode-build/obj/gecko_sdk_4.3.1/platform/emlib/src/em_cmu.o
 .text.CMU_ClockEnable
                0x000000000800144c       0x58 vscode-build/obj/gecko_sdk_4.3.1/platform/emlib/src/em_cmu.o
                0x000000000800144c                CMU_ClockEnable
 .text.CMU_ClockFreqGet
                0x00000000080014a4      0x270 vscode-build/obj/gecko_sdk_4.3.1/platform/emlib/src/em_cmu.o
                0x00000000080014a4                CMU_ClockFreqGet
 .text.rhclkPrescOptimize
                0x0000000008001714       0x20 vscode-build/obj/gecko_sdk_4.3.1/platform/emlib/src/em_cmu.o
 .text.CMU_ClockSelectGet
                0x0000000008001734      0x268 vscode-build/obj/gecko_sdk_4.3.1/platform/emlib/src/em_cmu.o
                0x0000000008001734                CMU_ClockSelectGet
 .text.sli_em_cmu_HFXOSetForceEnable
                0x000000000800199c       0x1c vscode-build/obj/gecko_sdk_4.3.1/platform/emlib/src/em_cmu.o
                0x000000000800199c                sli_em_cmu_HFXOSetForceEnable
 .text.CMU_HFXOInit
                0x00000000080019b8      0x23c vscode-build/obj/gecko_sdk_4.3.1/platform/emlib/src/em_cmu.o
                0x00000000080019b8                CMU_HFXOInit
 .text.CMU_HFXOCTuneDeltaGet
                0x0000000008001bf4        0xc vscode-build/obj/gecko_sdk_4.3.1/platform/emlib/src/em_cmu.o
                0x0000000008001bf4                CMU_HFXOCTuneDeltaGet
 .text.CMU_LFXOInit
                0x0000000008001c00       0xc4 vscode-build/obj/gecko_sdk_4.3.1/platform/emlib/src/em_cmu.o
                0x0000000008001c00                CMU_LFXOInit
 .text.CMU_LFXOPrecisionSet
                0x0000000008001cc4        0xc vscode-build/obj/gecko_sdk_4.3.1/platform/emlib/src/em_cmu.o
                0x0000000008001cc4                CMU_LFXOPrecisionSet
 .text.CMU_HFXOPrecisionSet
                0x0000000008001cd0        0xc vscode-build/obj/gecko_sdk_4.3.1/platform/emlib/src/em_cmu.o
                0x0000000008001cd0                CMU_HFXOPrecisionSet
 .text.CMU_ClockDivSet
                0x0000000008001cdc      0x104 vscode-build/obj/gecko_sdk_4.3.1/platform/emlib/src/em_cmu.o
                0x0000000008001cdc                CMU_ClockDivSet
 .text.sli_em_cmu_SYSCLKInitPreClockSelect
                0x0000000008001de0       0x20 vscode-build/obj/gecko_sdk_4.3.1/platform/emlib/src/em_cmu.o
                0x0000000008001de0                sli_em_cmu_SYSCLKInitPreClockSelect
 .text.pclkDivOptimize
                0x0000000008001e00       0x24 vscode-build/obj/gecko_sdk_4.3.1/platform/emlib/src/em_cmu.o
 .text.EMU_DCDCSync
                0x0000000008001e24       0x10 vscode-build/obj/gecko_sdk_4.3.1/platform/emlib/src/em_emu.o
 .text.EMU_EM4Init
                0x0000000008001e34       0x14 vscode-build/obj/gecko_sdk_4.3.1/platform/emlib/src/em_emu.o
                0x0000000008001e34                EMU_EM4Init
 .text.EMU_VScaleEM01
                0x0000000008001e48       0xb0 vscode-build/obj/gecko_sdk_4.3.1/platform/emlib/src/em_emu.o
                0x0000000008001e48                EMU_VScaleEM01
 .text.EMU_VScaleEM01ByClock
                0x0000000008001ef8       0x30 vscode-build/obj/gecko_sdk_4.3.1/platform/emlib/src/em_emu.o
                0x0000000008001ef8                EMU_VScaleEM01ByClock
 .text.EMU_DCDCModeSet
                0x0000000008001f28       0xac vscode-build/obj/gecko_sdk_4.3.1/platform/emlib/src/em_emu.o
                0x0000000008001f28                EMU_DCDCModeSet
 .text.EMU_DCDCInit
                0x0000000008001fd4       0x70 vscode-build/obj/gecko_sdk_4.3.1/platform/emlib/src/em_emu.o
                0x0000000008001fd4                EMU_DCDCInit
 .text.EMU_DCDCSetPFMXModePeakCurrent
                0x0000000008002044       0x70 vscode-build/obj/gecko_sdk_4.3.1/platform/emlib/src/em_emu.o
                0x0000000008002044                EMU_DCDCSetPFMXModePeakCurrent
 .text.EUSART_Reset
                0x00000000080020b4       0x50 vscode-build/obj/gecko_sdk_4.3.1/platform/emlib/src/em_eusart.o
                0x00000000080020b4                EUSART_Reset
 .text.EUSART_Enable
                0x0000000008002104       0x74 vscode-build/obj/gecko_sdk_4.3.1/platform/emlib/src/em_eusart.o
                0x0000000008002104                EUSART_Enable
 .text.EUSART_BaudrateSet
                0x0000000008002178      0x1e4 vscode-build/obj/gecko_sdk_4.3.1/platform/emlib/src/em_eusart.o
                0x0000000008002178                EUSART_BaudrateSet
 .text.EUSART_AsyncInitCommon.constprop.0
                0x000000000800235c      0x1dc vscode-build/obj/gecko_sdk_4.3.1/platform/emlib/src/em_eusart.o
 .text.EUSART_UartInitLf
                0x0000000008002538       0xb4 vscode-build/obj/gecko_sdk_4.3.1/platform/emlib/src/em_eusart.o
                0x0000000008002538                EUSART_UartInitLf
 .text.EUSART_UartInitHf
                0x00000000080025ec       0x64 vscode-build/obj/gecko_sdk_4.3.1/platform/emlib/src/em_eusart.o
                0x00000000080025ec                EUSART_UartInitHf
 .text.GPIO_PinOutSet
                0x0000000008002650       0x50 vscode-build/obj/gecko_sdk_4.3.1/platform/emlib/src/em_gpio.o
 .text.GPIO_PinOutClear
                0x00000000080026a0       0x50 vscode-build/obj/gecko_sdk_4.3.1/platform/emlib/src/em_gpio.o
 .text.GPIO_PinModeSet
                0x00000000080026f0       0xa8 vscode-build/obj/gecko_sdk_4.3.1/platform/emlib/src/em_gpio.o
                0x00000000080026f0                GPIO_PinModeSet
 .text.LDMA_DeInit
                0x0000000008002798       0x3c vscode-build/obj/gecko_sdk_4.3.1/platform/emlib/src/em_ldma.o
                0x0000000008002798                LDMA_DeInit
 .text.LDMA_EnableChannelRequest
                0x00000000080027d4       0x44 vscode-build/obj/gecko_sdk_4.3.1/platform/emlib/src/em_ldma.o
                0x00000000080027d4                LDMA_EnableChannelRequest
 .text.LDMA_Init
                0x0000000008002818       0x94 vscode-build/obj/gecko_sdk_4.3.1/platform/emlib/src/em_ldma.o
                0x0000000008002818                LDMA_Init
 .text.LDMA_StartTransfer
                0x00000000080028ac      0x104 vscode-build/obj/gecko_sdk_4.3.1/platform/emlib/src/em_ldma.o
                0x00000000080028ac                LDMA_StartTransfer
 .text.LDMA_StopTransfer
                0x00000000080029b0       0x38 vscode-build/obj/gecko_sdk_4.3.1/platform/emlib/src/em_ldma.o
                0x00000000080029b0                LDMA_StopTransfer
 .text.LDMA_TransferDone
                0x00000000080029e8       0x44 vscode-build/obj/gecko_sdk_4.3.1/platform/emlib/src/em_ldma.o
                0x00000000080029e8                LDMA_TransferDone
 .text.MSC_Init
                0x0000000008002a2c       0x20 vscode-build/obj/gecko_sdk_4.3.1/platform/emlib/src/em_msc.o
                0x0000000008002a2c                MSC_Init
 .text.MSC_Deinit
                0x0000000008002a4c       0x24 vscode-build/obj/gecko_sdk_4.3.1/platform/emlib/src/em_msc.o
                0x0000000008002a4c                MSC_Deinit
 .text.SYSTEM_ChipRevisionGet
                0x0000000008002a70       0x24 vscode-build/obj/gecko_sdk_4.3.1/platform/emlib/src/em_system.o
                0x0000000008002a70                SYSTEM_ChipRevisionGet
 .text.SYSTEM_GetFlashPageSize
                0x0000000008002a94       0x14 vscode-build/obj/gecko_sdk_4.3.1/platform/emlib/src/em_system.o
                0x0000000008002a94                SYSTEM_GetFlashPageSize
 .text.USART_BaudrateSyncSet
                0x0000000008002aa8       0x48 vscode-build/obj/gecko_sdk_4.3.1/platform/emlib/src/em_usart.o
                0x0000000008002aa8                USART_BaudrateSyncSet
 .text.USART_Reset
                0x0000000008002af0       0x58 vscode-build/obj/gecko_sdk_4.3.1/platform/emlib/src/em_usart.o
                0x0000000008002af0                USART_Reset
 .text.USART_InitSync
                0x0000000008002b48       0xc0 vscode-build/obj/gecko_sdk_4.3.1/platform/emlib/src/em_usart.o
                0x0000000008002b48                USART_InitSync
 .text.sl_cli_clear
                0x0000000008002c08       0x34 vscode-build/obj/gecko_sdk_4.3.1/platform/service/cli/src/sl_cli.o
                0x0000000008002c08                sl_cli_clear
 .text.sl_cli_handle_input
                0x0000000008002c3c       0x40 vscode-build/obj/gecko_sdk_4.3.1/platform/service/cli/src/sl_cli.o
                0x0000000008002c3c                sl_cli_handle_input
 .text.sli_cli_tick
                0x0000000008002c7c       0x88 vscode-build/obj/gecko_sdk_4.3.1/platform/service/cli/src/sl_cli.o
                0x0000000008002c7c                sli_cli_tick
 .text.sli_cli_arguments_validate_uint
                0x0000000008002d04       0xcc vscode-build/obj/gecko_sdk_4.3.1/platform/service/cli/src/sl_cli_arguments.o
                0x0000000008002d04                sli_cli_arguments_validate_uint
 .text.sli_cli_arguments_validate_hex_string
                0x0000000008002dd0       0x40 vscode-build/obj/gecko_sdk_4.3.1/platform/service/cli/src/sl_cli_arguments.o
                0x0000000008002dd0                sli_cli_arguments_validate_hex_string
 .text.print_and_pad
                0x0000000008002e10       0x28 vscode-build/obj/gecko_sdk_4.3.1/platform/service/cli/src/sl_cli_command.o
 .text.cmd_help_command
                0x0000000008002e38      0x1b4 vscode-build/obj/gecko_sdk_4.3.1/platform/service/cli/src/sl_cli_command.o
 .text.sl_cli_command_find_matches
                0x0000000008002fec      0x1c0 vscode-build/obj/gecko_sdk_4.3.1/platform/service/cli/src/sl_cli_command.o
                0x0000000008002fec                sl_cli_command_find_matches
 .text.sl_cli_command_find
                0x00000000080031ac       0x74 vscode-build/obj/gecko_sdk_4.3.1/platform/service/cli/src/sl_cli_command.o
                0x00000000080031ac                sl_cli_command_find
 .text.sl_cli_input_autocomplete
                0x0000000008003220      0x1f8 vscode-build/obj/gecko_sdk_4.3.1/platform/service/cli/src/sl_cli_input.o
                0x0000000008003220                sl_cli_input_autocomplete
 .text.sl_cli_input_char
                0x0000000008003418      0x1d0 vscode-build/obj/gecko_sdk_4.3.1/platform/service/cli/src/sl_cli_input.o
                0x0000000008003418                sl_cli_input_char
 .text.sl_device_init_dcdc
                0x00000000080035e8       0x2c vscode-build/obj/gecko_sdk_4.3.1/platform/service/device_init/src/sl_device_init_dcdc_s2.o
                0x00000000080035e8                sl_device_init_dcdc
 .text.sl_device_init_emu
                0x0000000008003614       0x24 vscode-build/obj/gecko_sdk_4.3.1/platform/service/device_init/src/sl_device_init_emu_s2.o
                0x0000000008003614                sl_device_init_emu
 .text.sl_device_init_hfxo
                0x0000000008003638       0x74 vscode-build/obj/gecko_sdk_4.3.1/platform/service/device_init/src/sl_device_init_hfxo_s2.o
                0x0000000008003638                sl_device_init_hfxo
 .text.sl_device_init_lfxo
                0x00000000080036ac       0x28 vscode-build/obj/gecko_sdk_4.3.1/platform/service/device_init/src/sl_device_init_lfxo_s2.o
                0x00000000080036ac                sl_device_init_lfxo
 .text.sl_device_init_nvic
                0x00000000080036d4       0x3c vscode-build/obj/gecko_sdk_4.3.1/platform/service/device_init/src/sl_device_init_nvic.o
                0x00000000080036d4                sl_device_init_nvic
 .text.sl_iostream_set_default
                0x0000000008003710       0x18 vscode-build/obj/gecko_sdk_4.3.1/platform/service/iostream/src/sl_iostream.o
                0x0000000008003710                sl_iostream_set_default
 .text.sl_iostream_get_default
                0x0000000008003728       0x18 vscode-build/obj/gecko_sdk_4.3.1/platform/service/iostream/src/sl_iostream.o
                0x0000000008003728                sl_iostream_get_default
 .text.sl_iostream_eusart_init
                0x0000000008003740      0x230 vscode-build/obj/gecko_sdk_4.3.1/platform/service/iostream/src/sl_iostream_eusart.o
                0x0000000008003740                sl_iostream_eusart_init
 .text._write   0x0000000008003970       0x1c vscode-build/obj/gecko_sdk_4.3.1/platform/service/iostream/src/sl_iostream_retarget_stdio.o
                0x0000000008003970                _write
 .text.sl_iostream_stdlib_disable_buffering
                0x000000000800398c       0x14 vscode-build/obj/gecko_sdk_4.3.1/platform/service/iostream/src/sl_iostream_stdlib_config.o
                0x000000000800398c                sl_iostream_stdlib_disable_buffering
 .text.get_write_ptr
                0x00000000080039a0       0x40 vscode-build/obj/gecko_sdk_4.3.1/platform/service/iostream/src/sl_iostream_uart.o
 .text.dma_irq_handler
                0x00000000080039e0       0x74 vscode-build/obj/gecko_sdk_4.3.1/platform/service/iostream/src/sl_iostream_uart.o
 .text.uart_read
                0x0000000008003a54      0x1f0 vscode-build/obj/gecko_sdk_4.3.1/platform/service/iostream/src/sl_iostream_uart.o
 .text.uart_deinit
                0x0000000008003c44       0x98 vscode-build/obj/gecko_sdk_4.3.1/platform/service/iostream/src/sl_iostream_uart.o
 .text.uart_write
                0x0000000008003cdc       0xc0 vscode-build/obj/gecko_sdk_4.3.1/platform/service/iostream/src/sl_iostream_uart.o
 .text.sli_iostream_uart_context_init
                0x0000000008003d9c       0xf8 vscode-build/obj/gecko_sdk_4.3.1/platform/service/iostream/src/sl_iostream_uart.o
                0x0000000008003d9c                sli_iostream_uart_context_init
 .text.sl_udelay_wait
                0x0000000008003e94       0x58 vscode-build/obj/gecko_sdk_4.3.1/platform/service/udelay/src/sl_udelay.o
                0x0000000008003e94                sl_udelay_wait
 .text.initialise_counters
                0x0000000008003eec       0x48 vscode-build/obj/nvm3_app.o
 .text.nvm3_app_write
                0x0000000008003f34       0x68 vscode-build/obj/nvm3_app.o
                0x0000000008003f34                nvm3_app_write
 .text.nvm3_app_delete
                0x0000000008003f9c       0x58 vscode-build/obj/nvm3_app.o
                0x0000000008003f9c                nvm3_app_delete
 .text.nvm3_app_read
                0x0000000008003ff4       0x7c vscode-build/obj/nvm3_app.o
                0x0000000008003ff4                nvm3_app_read
 .text.nvm3_app_display
                0x0000000008004070      0x12c vscode-build/obj/nvm3_app.o
                0x0000000008004070                nvm3_app_display
 .text.nvm3_app_reset
                0x000000000800419c       0x20 vscode-build/obj/nvm3_app.o
                0x000000000800419c                nvm3_app_reset
 .text.nvm3_app_init
                0x00000000080041bc       0x34 vscode-build/obj/nvm3_app.o
                0x00000000080041bc                nvm3_app_init
 .text.nvm3_app_process_action
                0x00000000080041f0       0x70 vscode-build/obj/nvm3_app.o
                0x00000000080041f0                nvm3_app_process_action
 .text          0x0000000008004260       0x30 /Applications/Simplicity Studio.app/Contents/Eclipse/developer/toolchains/gnu_arm/10.3_2021.10/bin/../lib/gcc/arm-none-eabi/10.3.1/thumb/v8-m.main+fp/hard/libgcc.a(_aeabi_uldivmod.o)
                0x0000000008004260                __aeabi_uldivmod
 .text          0x0000000008004290      0x2ec /Applications/Simplicity Studio.app/Contents/Eclipse/developer/toolchains/gnu_arm/10.3_2021.10/bin/../lib/gcc/arm-none-eabi/10.3.1/thumb/v8-m.main+fp/hard/libgcc.a(_udivmoddi4.o)
                0x0000000008004290                __udivmoddi4
 .text          0x000000000800457c        0x4 /Applications/Simplicity Studio.app/Contents/Eclipse/developer/toolchains/gnu_arm/10.3_2021.10/bin/../lib/gcc/arm-none-eabi/10.3.1/thumb/v8-m.main+fp/hard/libgcc.a(_dvmd_tls.o)
                0x000000000800457c                __aeabi_ldiv0
                0x000000000800457c                __aeabi_idiv0
 .text.exit     0x0000000008004580       0x28 /Applications/Simplicity Studio.app/Contents/Eclipse/developer/toolchains/gnu_arm/10.3_2021.10/bin/../lib/gcc/arm-none-eabi/10.3.1/../../../../arm-none-eabi/lib/thumb/v8-m.main+fp/hard/libc_nano.a(lib_a-exit.o)
                0x0000000008004580                exit
 .text.__libc_init_array
                0x00000000080045a8       0x48 /Applications/Simplicity Studio.app/Contents/Eclipse/developer/toolchains/gnu_arm/10.3_2021.10/bin/../lib/gcc/arm-none-eabi/10.3.1/../../../../arm-none-eabi/lib/thumb/v8-m.main+fp/hard/libc_nano.a(lib_a-init.o)
                0x00000000080045a8                __libc_init_array
 .text.printf   0x00000000080045f0       0x30 /Applications/Simplicity Studio.app/Contents/Eclipse/developer/toolchains/gnu_arm/10.3_2021.10/bin/../lib/gcc/arm-none-eabi/10.3.1/../../../../arm-none-eabi/lib/thumb/v8-m.main+fp/hard/libc_nano.a(lib_a-printf.o)
                0x00000000080045f0                printf
                0x00000000080045f0                iprintf
 .text._puts_r  0x0000000008004620       0xdc /Applications/Simplicity Studio.app/Contents/Eclipse/developer/toolchains/gnu_arm/10.3_2021.10/bin/../lib/gcc/arm-none-eabi/10.3.1/../../../../arm-none-eabi/lib/thumb/v8-m.main+fp/hard/libc_nano.a(lib_a-puts.o)
                0x0000000008004620                _puts_r
 .text.puts     0x00000000080046fc       0x10 /Applications/Simplicity Studio.app/Contents/Eclipse/developer/toolchains/gnu_arm/10.3_2021.10/bin/../lib/gcc/arm-none-eabi/10.3.1/../../../../arm-none-eabi/lib/thumb/v8-m.main+fp/hard/libc_nano.a(lib_a-puts.o)
                0x00000000080046fc                puts
 .text.setvbuf  0x000000000800470c      0x188 /Applications/Simplicity Studio.app/Contents/Eclipse/developer/toolchains/gnu_arm/10.3_2021.10/bin/../lib/gcc/arm-none-eabi/10.3.1/../../../../arm-none-eabi/lib/thumb/v8-m.main+fp/hard/libc_nano.a(lib_a-setvbuf.o)
                0x000000000800470c                setvbuf
 .text._strtol_l.constprop.0
                0x0000000008004894      0x104 /Applications/Simplicity Studio.app/Contents/Eclipse/developer/toolchains/gnu_arm/10.3_2021.10/bin/../lib/gcc/arm-none-eabi/10.3.1/../../../../arm-none-eabi/lib/thumb/v8-m.main+fp/hard/libc_nano.a(lib_a-strtol.o)
 .text.strtol   0x0000000008004998       0x14 /Applications/Simplicity Studio.app/Contents/Eclipse/developer/toolchains/gnu_arm/10.3_2021.10/bin/../lib/gcc/arm-none-eabi/10.3.1/../../../../arm-none-eabi/lib/thumb/v8-m.main+fp/hard/libc_nano.a(lib_a-strtol.o)
                0x0000000008004998                strtol
 .text._strtoll_l.constprop.0
                0x00000000080049ac      0x12c /Applications/Simplicity Studio.app/Contents/Eclipse/developer/toolchains/gnu_arm/10.3_2021.10/bin/../lib/gcc/arm-none-eabi/10.3.1/../../../../arm-none-eabi/lib/thumb/v8-m.main+fp/hard/libc_nano.a(lib_a-strtoll.o)
 .text.strtoll  0x0000000008004ad8       0x14 /Applications/Simplicity Studio.app/Contents/Eclipse/developer/toolchains/gnu_arm/10.3_2021.10/bin/../lib/gcc/arm-none-eabi/10.3.1/../../../../arm-none-eabi/lib/thumb/v8-m.main+fp/hard/libc_nano.a(lib_a-strtoll.o)
                0x0000000008004ad8                strtoll
 .text._strtoul_l.constprop.0
                0x0000000008004aec       0xe4 /Applications/Simplicity Studio.app/Contents/Eclipse/developer/toolchains/gnu_arm/10.3_2021.10/bin/../lib/gcc/arm-none-eabi/10.3.1/../../../../arm-none-eabi/lib/thumb/v8-m.main+fp/hard/libc_nano.a(lib_a-strtoul.o)
 .text.strtoul  0x0000000008004bd0       0x14 /Applications/Simplicity Studio.app/Contents/Eclipse/developer/toolchains/gnu_arm/10.3_2021.10/bin/../lib/gcc/arm-none-eabi/10.3.1/../../../../arm-none-eabi/lib/thumb/v8-m.main+fp/hard/libc_nano.a(lib_a-strtoul.o)
                0x0000000008004bd0                strtoul
 .text.vprintf  0x0000000008004be4       0x30 /Applications/Simplicity Studio.app/Contents/Eclipse/developer/toolchains/gnu_arm/10.3_2021.10/bin/../lib/gcc/arm-none-eabi/10.3.1/../../../../arm-none-eabi/lib/thumb/v8-m.main+fp/hard/libc_nano.a(lib_a-vprintf.o)
                0x0000000008004be4                vprintf
                0x0000000008004be4                viprintf
 .text.__swbuf_r
                0x0000000008004c14       0xa4 /Applications/Simplicity Studio.app/Contents/Eclipse/developer/toolchains/gnu_arm/10.3_2021.10/bin/../lib/gcc/arm-none-eabi/10.3.1/../../../../arm-none-eabi/lib/thumb/v8-m.main+fp/hard/libc_nano.a(lib_a-wbuf.o)
                0x0000000008004c14                __swbuf_r
 .text.__swsetup_r
                0x0000000008004cb8       0xdc /Applications/Simplicity Studio.app/Contents/Eclipse/developer/toolchains/gnu_arm/10.3_2021.10/bin/../lib/gcc/arm-none-eabi/10.3.1/../../../../arm-none-eabi/lib/thumb/v8-m.main+fp/hard/libc_nano.a(lib_a-wsetup.o)
                0x0000000008004cb8                __swsetup_r
 .text.__errno  0x0000000008004d94        0xc /Applications/Simplicity Studio.app/Contents/Eclipse/developer/toolchains/gnu_arm/10.3_2021.10/bin/../lib/gcc/arm-none-eabi/10.3.1/../../../../arm-none-eabi/lib/thumb/v8-m.main+fp/hard/libc_nano.a(lib_a-errno.o)
                0x0000000008004d94                __errno
 .text.__sflush_r
                0x0000000008004da0      0x108 /Applications/Simplicity Studio.app/Contents/Eclipse/developer/toolchains/gnu_arm/10.3_2021.10/bin/../lib/gcc/arm-none-eabi/10.3.1/../../../../arm-none-eabi/lib/thumb/v8-m.main+fp/hard/libc_nano.a(lib_a-fflush.o)
                0x0000000008004da0                __sflush_r
 .text._fflush_r
                0x0000000008004ea8       0x78 /Applications/Simplicity Studio.app/Contents/Eclipse/developer/toolchains/gnu_arm/10.3_2021.10/bin/../lib/gcc/arm-none-eabi/10.3.1/../../../../arm-none-eabi/lib/thumb/v8-m.main+fp/hard/libc_nano.a(lib_a-fflush.o)
                0x0000000008004ea8                _fflush_r
 .text.std      0x0000000008004f20       0x48 /Applications/Simplicity Studio.app/Contents/Eclipse/developer/toolchains/gnu_arm/10.3_2021.10/bin/../lib/gcc/arm-none-eabi/10.3.1/../../../../arm-none-eabi/lib/thumb/v8-m.main+fp/hard/libc_nano.a(lib_a-findfp.o)
 .text._cleanup_r
                0x0000000008004f68        0xc /Applications/Simplicity Studio.app/Contents/Eclipse/developer/toolchains/gnu_arm/10.3_2021.10/bin/../lib/gcc/arm-none-eabi/10.3.1/../../../../arm-none-eabi/lib/thumb/v8-m.main+fp/hard/libc_nano.a(lib_a-findfp.o)
                0x0000000008004f68                _cleanup_r
 .text.__sfp_lock_acquire
                0x0000000008004f74        0xc /Applications/Simplicity Studio.app/Contents/Eclipse/developer/toolchains/gnu_arm/10.3_2021.10/bin/../lib/gcc/arm-none-eabi/10.3.1/../../../../arm-none-eabi/lib/thumb/v8-m.main+fp/hard/libc_nano.a(lib_a-findfp.o)
                0x0000000008004f74                __sfp_lock_acquire
 .text.__sfp_lock_release
                0x0000000008004f80        0xc /Applications/Simplicity Studio.app/Contents/Eclipse/developer/toolchains/gnu_arm/10.3_2021.10/bin/../lib/gcc/arm-none-eabi/10.3.1/../../../../arm-none-eabi/lib/thumb/v8-m.main+fp/hard/libc_nano.a(lib_a-findfp.o)
                0x0000000008004f80                __sfp_lock_release
 .text.__sinit_lock_acquire
                0x0000000008004f8c        0xc /Applications/Simplicity Studio.app/Contents/Eclipse/developer/toolchains/gnu_arm/10.3_2021.10/bin/../lib/gcc/arm-none-eabi/10.3.1/../../../../arm-none-eabi/lib/thumb/v8-m.main+fp/hard/libc_nano.a(lib_a-findfp.o)
                0x0000000008004f8c                __sinit_lock_acquire
 .text.__sinit_lock_release
                0x0000000008004f98        0xc /Applications/Simplicity Studio.app/Contents/Eclipse/developer/toolchains/gnu_arm/10.3_2021.10/bin/../lib/gcc/arm-none-eabi/10.3.1/../../../../arm-none-eabi/lib/thumb/v8-m.main+fp/hard/libc_nano.a(lib_a-findfp.o)
                0x0000000008004f98                __sinit_lock_release
 .text.__sinit  0x0000000008004fa4       0x70 /Applications/Simplicity Studio.app/Contents/Eclipse/developer/toolchains/gnu_arm/10.3_2021.10/bin/../lib/gcc/arm-none-eabi/10.3.1/../../../../arm-none-eabi/lib/thumb/v8-m.main+fp/hard/libc_nano.a(lib_a-findfp.o)
                0x0000000008004fa4                __sinit
 .text.__sfp    0x0000000008005014       0x8c /Applications/Simplicity Studio.app/Contents/Eclipse/developer/toolchains/gnu_arm/10.3_2021.10/bin/../lib/gcc/arm-none-eabi/10.3.1/../../../../arm-none-eabi/lib/thumb/v8-m.main+fp/hard/libc_nano.a(lib_a-findfp.o)
                0x0000000008005014                __sfp
 .text.__smakebuf_r
                0x00000000080050a0       0x80 /Applications/Simplicity Studio.app/Contents/Eclipse/developer/toolchains/gnu_arm/10.3_2021.10/bin/../lib/gcc/arm-none-eabi/10.3.1/../../../../arm-none-eabi/lib/thumb/v8-m.main+fp/hard/libc_nano.a(lib_a-makebuf.o)
                0x00000000080050a0                __smakebuf_r
 .text.malloc   0x0000000008005120       0x10 /Applications/Simplicity Studio.app/Contents/Eclipse/developer/toolchains/gnu_arm/10.3_2021.10/bin/../lib/gcc/arm-none-eabi/10.3.1/../../../../arm-none-eabi/lib/thumb/v8-m.main+fp/hard/libc_nano.a(lib_a-malloc.o)
                0x0000000008005120                malloc
 .text._free_r  0x0000000008005130       0x98 /Applications/Simplicity Studio.app/Contents/Eclipse/developer/toolchains/gnu_arm/10.3_2021.10/bin/../lib/gcc/arm-none-eabi/10.3.1/../../../../arm-none-eabi/lib/thumb/v8-m.main+fp/hard/libc_nano.a(lib_a-nano-freer.o)
                0x0000000008005130                _free_r
 .text.sbrk_aligned
                0x00000000080051c8       0x40 /Applications/Simplicity Studio.app/Contents/Eclipse/developer/toolchains/gnu_arm/10.3_2021.10/bin/../lib/gcc/arm-none-eabi/10.3.1/../../../../arm-none-eabi/lib/thumb/v8-m.main+fp/hard/libc_nano.a(lib_a-nano-mallocr.o)
 .text._malloc_r
                0x0000000008005208       0xe8 /Applications/Simplicity Studio.app/Contents/Eclipse/developer/toolchains/gnu_arm/10.3_2021.10/bin/../lib/gcc/arm-none-eabi/10.3.1/../../../../arm-none-eabi/lib/thumb/v8-m.main+fp/hard/libc_nano.a(lib_a-nano-mallocr.o)
                0x0000000008005208                _malloc_r
 .text._vfprintf_r
                0x00000000080052f0      0x260 /Applications/Simplicity Studio.app/Contents/Eclipse/developer/toolchains/gnu_arm/10.3_2021.10/bin/../lib/gcc/arm-none-eabi/10.3.1/../../../../arm-none-eabi/lib/thumb/v8-m.main+fp/hard/libc_nano.a(lib_a-nano-vfprintf.o)
                0x00000000080052f0                _vfiprintf_r
                0x00000000080052f0                _vfprintf_r
 .text._printf_i
                0x0000000008005550      0x24c /Applications/Simplicity Studio.app/Contents/Eclipse/developer/toolchains/gnu_arm/10.3_2021.10/bin/../lib/gcc/arm-none-eabi/10.3.1/../../../../arm-none-eabi/lib/thumb/v8-m.main+fp/hard/libc_nano.a(lib_a-nano-vfprintf_i.o)
                0x0000000008005550                _printf_i
 .text._sbrk_r  0x000000000800579c       0x20 /Applications/Simplicity Studio.app/Contents/Eclipse/developer/toolchains/gnu_arm/10.3_2021.10/bin/../lib/gcc/arm-none-eabi/10.3.1/../../../../arm-none-eabi/lib/thumb/v8-m.main+fp/hard/libc_nano.a(lib_a-sbrkr.o)
                0x000000000800579c                _sbrk_r
 .text._write_r
                0x00000000080057bc       0x24 /Applications/Simplicity Studio.app/Contents/Eclipse/developer/toolchains/gnu_arm/10.3_2021.10/bin/../lib/gcc/arm-none-eabi/10.3.1/../../../../arm-none-eabi/lib/thumb/v8-m.main+fp/hard/libc_nano.a(lib_a-writer.o)
                0x00000000080057bc                _write_r
 .text._close_r
                0x00000000080057e0       0x20 /Applications/Simplicity Studio.app/Contents/Eclipse/developer/toolchains/gnu_arm/10.3_2021.10/bin/../lib/gcc/arm-none-eabi/10.3.1/../../../../arm-none-eabi/lib/thumb/v8-m.main+fp/hard/libc_nano.a(lib_a-closer.o)
                0x00000000080057e0                _close_r
 .text._fstat_r
                0x0000000008005800       0x24 /Applications/Simplicity Studio.app/Contents/Eclipse/developer/toolchains/gnu_arm/10.3_2021.10/bin/../lib/gcc/arm-none-eabi/10.3.1/../../../../arm-none-eabi/lib/thumb/v8-m.main+fp/hard/libc_nano.a(lib_a-fstatr.o)
                0x0000000008005800                _fstat_r
 .text._isatty_r
                0x0000000008005824       0x20 /Applications/Simplicity Studio.app/Contents/Eclipse/developer/toolchains/gnu_arm/10.3_2021.10/bin/../lib/gcc/arm-none-eabi/10.3.1/../../../../arm-none-eabi/lib/thumb/v8-m.main+fp/hard/libc_nano.a(lib_a-isattyr.o)
                0x0000000008005824                _isatty_r
 .text._lseek_r
                0x0000000008005844       0x24 /Applications/Simplicity Studio.app/Contents/Eclipse/developer/toolchains/gnu_arm/10.3_2021.10/bin/../lib/gcc/arm-none-eabi/10.3.1/../../../../arm-none-eabi/lib/thumb/v8-m.main+fp/hard/libc_nano.a(lib_a-lseekr.o)
                0x0000000008005844                _lseek_r
 .text.__malloc_lock
                0x0000000008005868        0xc /Applications/Simplicity Studio.app/Contents/Eclipse/developer/toolchains/gnu_arm/10.3_2021.10/bin/../lib/gcc/arm-none-eabi/10.3.1/../../../../arm-none-eabi/lib/thumb/v8-m.main+fp/hard/libc_nano.a(lib_a-mlock.o)
                0x0000000008005868                __malloc_lock
 .text.__malloc_unlock
                0x0000000008005874        0xc /Applications/Simplicity Studio.app/Contents/Eclipse/developer/toolchains/gnu_arm/10.3_2021.10/bin/../lib/gcc/arm-none-eabi/10.3.1/../../../../arm-none-eabi/lib/thumb/v8-m.main+fp/hard/libc_nano.a(lib_a-mlock.o)
                0x0000000008005874                __malloc_unlock
 .text._read_r  0x0000000008005880       0x24 /Applications/Simplicity Studio.app/Contents/Eclipse/developer/toolchains/gnu_arm/10.3_2021.10/bin/../lib/gcc/arm-none-eabi/10.3.1/../../../../arm-none-eabi/lib/thumb/v8-m.main+fp/hard/libc_nano.a(lib_a-readr.o)
                0x0000000008005880                _read_r
 .text.validateObjFragments
                0x00000000080058a4      0x238 gecko_sdk_4.3.1/platform/emdrv/nvm3/lib/libnvm3_CM33_gcc.a(nvm3.o)
 .text.findObj  0x0000000008005adc      0x170 gecko_sdk_4.3.1/platform/emdrv/nvm3/lib/libnvm3_CM33_gcc.a(nvm3.o)
 .text.fifoScan
                0x0000000008005c4c       0x74 gecko_sdk_4.3.1/platform/emdrv/nvm3/lib/libnvm3_CM33_gcc.a(nvm3.o)
 .text.repackWorker
                0x0000000008005cc0      0x154 gecko_sdk_4.3.1/platform/emdrv/nvm3/lib/libnvm3_CM33_gcc.a(nvm3.o)
 .text.enumScanFifoCallback
                0x0000000008005e14       0x6c gecko_sdk_4.3.1/platform/emdrv/nvm3/lib/libnvm3_CM33_gcc.a(nvm3.o)
 .text.fifoReadObj.constprop.0
                0x0000000008005e80      0x168 gecko_sdk_4.3.1/platform/emdrv/nvm3/lib/libnvm3_CM33_gcc.a(nvm3.o)
 .text.enumObjects
                0x0000000008005fe8       0x78 gecko_sdk_4.3.1/platform/emdrv/nvm3/lib/libnvm3_CM33_gcc.a(nvm3.o)
 .text.counterIncFldSet.constprop.0
                0x0000000008006060       0x64 gecko_sdk_4.3.1/platform/emdrv/nvm3/lib/libnvm3_CM33_gcc.a(nvm3.o)
 .text.fifoWriteObj
                0x00000000080060c4      0x428 gecko_sdk_4.3.1/platform/emdrv/nvm3/lib/libnvm3_CM33_gcc.a(nvm3.o)
 .text.fifoWriteWrapper
                0x00000000080064ec       0xa8 gecko_sdk_4.3.1/platform/emdrv/nvm3/lib/libnvm3_CM33_gcc.a(nvm3.o)
 .text.fifoUpdateCounter.constprop.0
                0x0000000008006594      0x188 gecko_sdk_4.3.1/platform/emdrv/nvm3/lib/libnvm3_CM33_gcc.a(nvm3.o)
 .text.repackFirstPageCallback
                0x000000000800671c       0x84 gecko_sdk_4.3.1/platform/emdrv/nvm3/lib/libnvm3_CM33_gcc.a(nvm3.o)
 .text.repackFirstPageScanCacheCallback
                0x00000000080067a0       0xb0 gecko_sdk_4.3.1/platform/emdrv/nvm3/lib/libnvm3_CM33_gcc.a(nvm3.o)
 .text.initialize
                0x0000000008006850      0x280 gecko_sdk_4.3.1/platform/emdrv/nvm3/lib/libnvm3_CM33_gcc.a(nvm3.o)
 .text.nvm3_open
                0x0000000008006ad0      0x1ac gecko_sdk_4.3.1/platform/emdrv/nvm3/lib/libnvm3_CM33_gcc.a(nvm3.o)
                0x0000000008006ad0                nvm3_open
 .text.nvm3_writeData
                0x0000000008006c7c       0x94 gecko_sdk_4.3.1/platform/emdrv/nvm3/lib/libnvm3_CM33_gcc.a(nvm3.o)
                0x0000000008006c7c                nvm3_writeData
 .text.nvm3_readData
                0x0000000008006d10       0x9c gecko_sdk_4.3.1/platform/emdrv/nvm3/lib/libnvm3_CM33_gcc.a(nvm3.o)
                0x0000000008006d10                nvm3_readData
 .text.nvm3_writeCounter
                0x0000000008006dac       0x98 gecko_sdk_4.3.1/platform/emdrv/nvm3/lib/libnvm3_CM33_gcc.a(nvm3.o)
                0x0000000008006dac                nvm3_writeCounter
 .text.nvm3_readCounter
                0x0000000008006e44       0x80 gecko_sdk_4.3.1/platform/emdrv/nvm3/lib/libnvm3_CM33_gcc.a(nvm3.o)
                0x0000000008006e44                nvm3_readCounter
 .text.nvm3_incrementCounter
                0x0000000008006ec4       0x8c gecko_sdk_4.3.1/platform/emdrv/nvm3/lib/libnvm3_CM33_gcc.a(nvm3.o)
                0x0000000008006ec4                nvm3_incrementCounter
 .text.nvm3_getObjectInfo
                0x0000000008006f50       0x8c gecko_sdk_4.3.1/platform/emdrv/nvm3/lib/libnvm3_CM33_gcc.a(nvm3.o)
                0x0000000008006f50                nvm3_getObjectInfo
 .text.nvm3_deleteObject
                0x0000000008006fdc       0x78 gecko_sdk_4.3.1/platform/emdrv/nvm3/lib/libnvm3_CM33_gcc.a(nvm3.o)
                0x0000000008006fdc                nvm3_deleteObject
 .text.nvm3_eraseAll
                0x0000000008007054       0x40 gecko_sdk_4.3.1/platform/emdrv/nvm3/lib/libnvm3_CM33_gcc.a(nvm3.o)
                0x0000000008007054                nvm3_eraseAll
 .text.nvm3_repack
                0x0000000008007094       0x4c gecko_sdk_4.3.1/platform/emdrv/nvm3/lib/libnvm3_CM33_gcc.a(nvm3.o)
                0x0000000008007094                nvm3_repack
 .text.nvm3_cacheSet
                0x00000000080070e0       0xa0 gecko_sdk_4.3.1/platform/emdrv/nvm3/lib/libnvm3_CM33_gcc.a(nvm3_cache.o)
                0x00000000080070e0                nvm3_cacheSet
 .text.nvm3_cacheScan
                0x0000000008007180       0x44 gecko_sdk_4.3.1/platform/emdrv/nvm3/lib/libnvm3_CM33_gcc.a(nvm3_cache.o)
                0x0000000008007180                nvm3_cacheScan
 .text.nvm3_objHdrInit
                0x00000000080071c4       0x98 gecko_sdk_4.3.1/platform/emdrv/nvm3/lib/libnvm3_CM33_gcc.a(nvm3_object.o)
                0x00000000080071c4                nvm3_objHdrInit
 .text.nvm3_objInit
                0x000000000800725c       0x2c gecko_sdk_4.3.1/platform/emdrv/nvm3/lib/libnvm3_CM33_gcc.a(nvm3_object.o)
                0x000000000800725c                nvm3_objInit
 .text.nvm3_objTypeToGroup
                0x0000000008007288       0x10 gecko_sdk_4.3.1/platform/emdrv/nvm3/lib/libnvm3_CM33_gcc.a(nvm3_object.o)
                0x0000000008007288                nvm3_objTypeToGroup
 .text.nvm3_pageHeaderWrite
                0x0000000008007298       0xec gecko_sdk_4.3.1/platform/emdrv/nvm3/lib/libnvm3_CM33_gcc.a(nvm3_page.o)
                0x0000000008007298                nvm3_pageHeaderWrite
 .text.app_init
                0x0000000008007384        0x4 vscode-build/obj/app.o
                0x0000000008007384                app_init
 .text.app_process_action
                0x0000000008007388        0x4 vscode-build/obj/app.o
                0x0000000008007388                app_process_action
 .text.sl_board_default_init
                0x000000000800738c        0x4 vscode-build/obj/autogen/sl_board_default_init.o
                0x000000000800738c                sl_board_default_init
 .text.sl_driver_init
                0x0000000008007390        0xe vscode-build/obj/autogen/sl_event_handler.o
                0x0000000008007390                sl_driver_init
 .text.sl_service_init
                0x000000000800739e       0x16 vscode-build/obj/autogen/sl_event_handler.o
                0x000000000800739e                sl_service_init
 .text.sl_stack_init
                0x00000000080073b4        0x2 vscode-build/obj/autogen/sl_event_handler.o
                0x00000000080073b4                sl_stack_init
 .text.sl_internal_app_init
                0x00000000080073b6        0x2 vscode-build/obj/autogen/sl_event_handler.o
                0x00000000080073b6                sl_internal_app_init
 .text.sl_platform_process_action
                0x00000000080073b8        0x2 vscode-build/obj/autogen/sl_event_handler.o
                0x00000000080073b8                sl_platform_process_action
 .text.sl_service_process_action
                0x00000000080073ba        0x4 vscode-build/obj/autogen/sl_event_handler.o
                0x00000000080073ba                sl_service_process_action
 .text.sl_stack_process_action
                0x00000000080073be        0x2 vscode-build/obj/autogen/sl_event_handler.o
                0x00000000080073be                sl_stack_process_action
 .text.sl_internal_app_process_action
                0x00000000080073c0        0x2 vscode-build/obj/autogen/sl_event_handler.o
                0x00000000080073c0                sl_internal_app_process_action
 .text.sl_iostream_eusart_init_instances
                0x00000000080073c2        0x4 vscode-build/obj/autogen/sl_iostream_init_eusart_instances.o
                0x00000000080073c2                sl_iostream_eusart_init_instances
 .text.EUSART0_TX_IRQHandler
                0x00000000080073c6        0x4 vscode-build/obj/autogen/sl_iostream_init_eusart_instances.o
                0x00000000080073c6                EUSART0_TX_IRQHandler
 .text.sl_board_enable_vcom
                0x00000000080073ca       0x12 vscode-build/obj/gecko_sdk_4.3.1/hardware/board/src/sl_board_control_gpio.o
                0x00000000080073ca                sl_board_enable_vcom
 .text.sl_board_configure_vcom
                0x00000000080073dc        0x4 vscode-build/obj/gecko_sdk_4.3.1/hardware/board/src/sl_board_control_gpio.o
                0x00000000080073dc                sl_board_configure_vcom
 .text.sl_board_disable_vcom
                0x00000000080073e0       0x12 vscode-build/obj/gecko_sdk_4.3.1/hardware/board/src/sl_board_control_gpio.o
                0x00000000080073e0                sl_board_disable_vcom
 .text.sl_board_init
                0x00000000080073f2       0x16 vscode-build/obj/gecko_sdk_4.3.1/hardware/board/src/sl_board_init.o
                0x00000000080073f2                sl_board_init
 .text.sl_board_preinit
                0x0000000008007408        0x8 vscode-build/obj/gecko_sdk_4.3.1/hardware/board/src/sl_board_init.o
                0x0000000008007408                sl_board_preinit
 .text.sli_cos_swo_itm_8_write.constprop.0.isra.0
                0x0000000008007410       0x60 vscode-build/obj/gecko_sdk_4.3.1/hardware/driver/configuration_over_swo/src/sl_cos.o
 .text.sl_cos_send_config
                0x0000000008007470       0x12 vscode-build/obj/gecko_sdk_4.3.1/hardware/driver/configuration_over_swo/src/sl_cos.o
                0x0000000008007470                sl_cos_send_config
 .text.sl_cos_config_vcom
                0x0000000008007482       0x1e vscode-build/obj/gecko_sdk_4.3.1/hardware/driver/configuration_over_swo/src/sl_cos.o
                0x0000000008007482                sl_cos_config_vcom
 .text.Default_Handler
                0x00000000080074a0        0x2 vscode-build/obj/gecko_sdk_4.3.1/platform/Device/SiliconLabs/EFR32ZG23/Source/startup_efr32zg23.o
                0x00000000080074a0                SYSRTC_APP_IRQHandler
                0x00000000080074a0                SW2_IRQHandler
                0x00000000080074a0                TIMER2_IRQHandler
                0x00000000080074a0                DebugMon_Handler
                0x00000000080074a0                USART0_TX_IRQHandler
                0x00000000080074a0                IADC_IRQHandler
                0x00000000080074a0                I2C0_IRQHandler
                0x00000000080074a0                LFXO_IRQHandler
                0x00000000080074a0                VDAC_IRQHandler
                0x00000000080074a0                HardFault_Handler
                0x00000000080074a0                SMU_SECURE_IRQHandler
                0x00000000080074a0                SysTick_Handler
                0x00000000080074a0                SYSRTC_SEQ_IRQHandler
                0x00000000080074a0                EMUEFP_IRQHandler
                0x00000000080074a0                EUSART2_TX_IRQHandler
                0x00000000080074a0                PendSV_Handler
                0x00000000080074a0                NMI_Handler
                0x00000000080074a0                SYNTH_IRQHandler
                0x00000000080074a0                HOSTMAILBOX_IRQHandler
                0x00000000080074a0                HFXO0_IRQHandler
                0x00000000080074a0                I2C1_IRQHandler
                0x00000000080074a0                WDOG0_IRQHandler
                0x00000000080074a0                TIMER3_IRQHandler
                0x00000000080074a0                SYSCFG_IRQHandler
                0x00000000080074a0                RFECA1_IRQHandler
                0x00000000080074a0                EMUDG_IRQHandler
                0x00000000080074a0                MSC_IRQHandler
                0x00000000080074a0                DPLL0_IRQHandler
                0x00000000080074a0                UsageFault_Handler
                0x00000000080074a0                WDOG1_IRQHandler
                0x00000000080074a0                M33CTI1_IRQHandler
                0x00000000080074a0                TIMER4_IRQHandler
                0x00000000080074a0                GPIO_EVEN_IRQHandler
                0x00000000080074a0                SEMBTX_IRQHandler
                0x00000000080074a0                SW0_IRQHandler
                0x00000000080074a0                TIMER0_IRQHandler
                0x00000000080074a0                LCD_IRQHandler
                0x00000000080074a0                LETIMER0_IRQHandler
                0x00000000080074a0                EUSART1_RX_IRQHandler
                0x00000000080074a0                TIMER1_IRQHandler
                0x00000000080074a0                HFRCO0_IRQHandler
                0x00000000080074a0                SecureFault_Handler
                0x00000000080074a0                BUFC_IRQHandler
                0x00000000080074a0                DCDC_IRQHandler
                0x00000000080074a0                MODEM_IRQHandler
                0x00000000080074a0                Default_Handler
                0x00000000080074a0                RAC_SEQ_IRQHandler
                0x00000000080074a0                FRC_PRI_IRQHandler
                0x00000000080074a0                EMU_IRQHandler
                0x00000000080074a0                SW3_IRQHandler
                0x00000000080074a0                KERNEL0_IRQHandler
                0x00000000080074a0                FRC_IRQHandler
                0x00000000080074a0                PCNT0_IRQHandler
                0x00000000080074a0                KERNEL1_IRQHandler
                0x00000000080074a0                AGC_IRQHandler
                0x00000000080074a0                EUSART1_TX_IRQHandler
                0x00000000080074a0                KEYSCAN_IRQHandler
                0x00000000080074a0                sl_app_properties
                0x00000000080074a0                HFRCOEM23_IRQHandler
                0x00000000080074a0                BURTC_IRQHandler
                0x00000000080074a0                SEMBRX_IRQHandler
                0x00000000080074a0                RFECA0_IRQHandler
                0x00000000080074a0                LFRCO_IRQHandler
                0x00000000080074a0                ACMP0_IRQHandler
                0x00000000080074a0                USART0_RX_IRQHandler
                0x00000000080074a0                MemManage_Handler
                0x00000000080074a0                SVC_Handler
                0x00000000080074a0                EUSART2_RX_IRQHandler
                0x00000000080074a0                SMU_S_PRIVILEGED_IRQHandler
                0x00000000080074a0                SW1_IRQHandler
                0x00000000080074a0                CMU_IRQHandler
                0x00000000080074a0                RAC_RSM_IRQHandler
                0x00000000080074a0                SETAMPERHOST_IRQHandler
                0x00000000080074a0                GPIO_ODD_IRQHandler
                0x00000000080074a0                LESENSE_IRQHandler
                0x00000000080074a0                AES_IRQHandler
                0x00000000080074a0                M33CTI0_IRQHandler
                0x00000000080074a0                ICACHE0_IRQHandler
                0x00000000080074a0                SMU_NS_PRIVILEGED_IRQHandler
                0x00000000080074a0                FPUEXH_IRQHandler
                0x00000000080074a0                PROTIMER_IRQHandler
                0x00000000080074a0                ACMP1_IRQHandler
                0x00000000080074a0                BusFault_Handler
                0x00000000080074a0                MPAHBRAM_IRQHandler
                0x00000000080074a0                ULFRCO_IRQHandler
 .text.SystemCLKIN0Get
                0x00000000080074a2        0x4 vscode-build/obj/gecko_sdk_4.3.1/platform/Device/SiliconLabs/EFR32ZG23/Source/system_efr32zg23.o
                0x00000000080074a2                SystemCLKIN0Get
 .text.SystemLFRCOClockGet
                0x00000000080074a6        0x6 vscode-build/obj/gecko_sdk_4.3.1/platform/Device/SiliconLabs/EFR32ZG23/Source/system_efr32zg23.o
                0x00000000080074a6                SystemLFRCOClockGet
 .text.SystemULFRCOClockGet
                0x00000000080074ac        0x6 vscode-build/obj/gecko_sdk_4.3.1/platform/Device/SiliconLabs/EFR32ZG23/Source/system_efr32zg23.o
                0x00000000080074ac                SystemULFRCOClockGet
 .text.assertEFM
                0x00000000080074b2        0x2 vscode-build/obj/gecko_sdk_4.3.1/platform/common/src/sl_assert.o
                0x00000000080074b2                assertEFM
 .text.sl_slist_init
                0x00000000080074b4        0x6 vscode-build/obj/gecko_sdk_4.3.1/platform/common/src/sl_slist.o
                0x00000000080074b4                sl_slist_init
 .text.sl_strcpy_s
                0x00000000080074ba       0x22 vscode-build/obj/gecko_sdk_4.3.1/platform/common/src/sl_string.o
                0x00000000080074ba                sl_strcpy_s
 .text.sl_strnlen
                0x00000000080074dc       0x16 vscode-build/obj/gecko_sdk_4.3.1/platform/common/src/sl_string.o
                0x00000000080074dc                sl_strnlen
 .text.sl_strlen
                0x00000000080074f2        0x8 vscode-build/obj/gecko_sdk_4.3.1/platform/common/src/sl_string.o
                0x00000000080074f2                sl_strlen
 .text.sl_strcat_s
                0x00000000080074fa       0x26 vscode-build/obj/gecko_sdk_4.3.1/platform/common/src/sl_string.o
                0x00000000080074fa                sl_strcat_s
 .text.sl_debug_swo_enable_itm
                0x0000000008007520       0x18 vscode-build/obj/gecko_sdk_4.3.1/platform/driver/debug/src/sl_debug_swo.o
                0x0000000008007520                sl_debug_swo_enable_itm
 .text.sl_debug_swo_disable_itm
                0x0000000008007538       0x1a vscode-build/obj/gecko_sdk_4.3.1/platform/driver/debug/src/sl_debug_swo.o
                0x0000000008007538                sl_debug_swo_disable_itm
 .text.DMADRV_PeripheralMemory
                0x0000000008007552       0x34 vscode-build/obj/gecko_sdk_4.3.1/platform/emdrv/dmadrv/src/dmadrv.o
                0x0000000008007552                DMADRV_PeripheralMemory
 .text.nvm3_halFlashAccess
                0x0000000008007586        0x2 vscode-build/obj/gecko_sdk_4.3.1/platform/emdrv/nvm3/src/nvm3_hal_flash.o
 .text.nvm3_halFlashGetInfo
                0x0000000008007588       0x22 vscode-build/obj/gecko_sdk_4.3.1/platform/emdrv/nvm3/src/nvm3_hal_flash.o
 .text.nvm3_halFlashClose
                0x00000000080075aa        0x4 vscode-build/obj/gecko_sdk_4.3.1/platform/emdrv/nvm3/src/nvm3_hal_flash.o
 .text.nvm3_halFlashOpen
                0x00000000080075ae        0xa vscode-build/obj/gecko_sdk_4.3.1/platform/emdrv/nvm3/src/nvm3_hal_flash.o
 .text.nvm3_halFlashReadWords
                0x00000000080075b8       0x2e vscode-build/obj/gecko_sdk_4.3.1/platform/emdrv/nvm3/src/nvm3_hal_flash.o
 .text.nvm3_lockDisableExecute
                0x00000000080075e6        0x2 vscode-build/obj/gecko_sdk_4.3.1/platform/emdrv/nvm3/src/nvm3_lock.o
                0x00000000080075e6                nvm3_lockDisableExecute
 .text.BUS_RegMaskedWrite
                0x00000000080075e8       0x22 vscode-build/obj/gecko_sdk_4.3.1/platform/emlib/src/em_cmu.o
 .text.waitStateMax
                0x000000000800760a       0x10 vscode-build/obj/gecko_sdk_4.3.1/platform/emlib/src/em_cmu.o
 .text.CMU_UpdateWaitStates
                0x000000000800761a        0xc vscode-build/obj/gecko_sdk_4.3.1/platform/emlib/src/em_cmu.o
                0x000000000800761a                CMU_UpdateWaitStates
 .text.pclkDivMax
                0x0000000008007626        0xa vscode-build/obj/gecko_sdk_4.3.1/platform/emlib/src/em_cmu.o
 .text.sli_em_cmu_SYSCLKInitPostClockSelect
                0x0000000008007630       0x2a vscode-build/obj/gecko_sdk_4.3.1/platform/emlib/src/em_cmu.o
                0x0000000008007630                sli_em_cmu_SYSCLKInitPostClockSelect
 .text.CORE_EnterCritical
                0x000000000800765a        0x8 vscode-build/obj/gecko_sdk_4.3.1/platform/emlib/src/em_core.o
                0x000000000800765a                CORE_EnterCritical
 .text.CORE_ExitCritical
                0x0000000008007662        0x6 vscode-build/obj/gecko_sdk_4.3.1/platform/emlib/src/em_core.o
                0x0000000008007662                CORE_ExitCritical
 .text.CORE_EnterAtomic
                0x0000000008007668        0xc vscode-build/obj/gecko_sdk_4.3.1/platform/emlib/src/em_core.o
                0x0000000008007668                CORE_EnterAtomic
 .text.CORE_ExitAtomic
                0x0000000008007674        0x6 vscode-build/obj/gecko_sdk_4.3.1/platform/emlib/src/em_core.o
                0x0000000008007674                CORE_ExitAtomic
 .text.EMU_EFPEM01VScale
                0x000000000800767a        0x2 vscode-build/obj/gecko_sdk_4.3.1/platform/emlib/src/em_emu.o
                0x000000000800767a                EMU_EFPEM01VScale
 .text.EMU_DCDCUpdatedHook
                0x000000000800767c        0x2 vscode-build/obj/gecko_sdk_4.3.1/platform/emlib/src/em_emu.o
                0x000000000800767c                EMU_DCDCUpdatedHook
 .text.eusart_sync
                0x000000000800767e        0x8 vscode-build/obj/gecko_sdk_4.3.1/platform/emlib/src/em_eusart.o
 .text.EUSART_Disable
                0x0000000008007686       0x34 vscode-build/obj/gecko_sdk_4.3.1/platform/emlib/src/em_eusart.o
 .text.EUSART_Tx
                0x00000000080076ba        0xa vscode-build/obj/gecko_sdk_4.3.1/platform/emlib/src/em_eusart.o
                0x00000000080076ba                EUSART_Tx
 .text.BUS_RegMaskedWrite
                0x00000000080076c4       0x22 vscode-build/obj/gecko_sdk_4.3.1/platform/emlib/src/em_gpio.o
 .text.GPIO_DbgLocationSet
                0x00000000080076e6        0x2 vscode-build/obj/gecko_sdk_4.3.1/platform/emlib/src/em_gpio.o
                0x00000000080076e6                GPIO_DbgLocationSet
 .text.USART_SpiTransfer
                0x00000000080076e8       0x14 vscode-build/obj/gecko_sdk_4.3.1/platform/emlib/src/em_usart.o
                0x00000000080076e8                USART_SpiTransfer
 .text.sli_cli_session_activity_notification
                0x00000000080076fc        0x2 vscode-build/obj/gecko_sdk_4.3.1/platform/service/cli/src/sl_cli.o
                0x00000000080076fc                sli_cli_session_activity_notification
 .text.sli_cli_session_init
                0x00000000080076fe        0x4 vscode-build/obj/gecko_sdk_4.3.1/platform/service/cli/src/sl_cli.o
                0x00000000080076fe                sli_cli_session_init
 .text.sli_cli_session_handler
                0x0000000008007702        0x4 vscode-build/obj/gecko_sdk_4.3.1/platform/service/cli/src/sl_cli.o
                0x0000000008007702                sli_cli_session_handler
 .text.sli_cli_handle_input_and_history
                0x0000000008007706       0x26 vscode-build/obj/gecko_sdk_4.3.1/platform/service/cli/src/sl_cli.o
                0x0000000008007706                sli_cli_handle_input_and_history
 .text.sl_cli_instance_init
                0x000000000800772c       0x28 vscode-build/obj/gecko_sdk_4.3.1/platform/service/cli/src/sl_cli.o
                0x000000000800772c                sl_cli_instance_init
 .text.sl_cli_tick_instance
                0x0000000008007754        0x8 vscode-build/obj/gecko_sdk_4.3.1/platform/service/cli/src/sl_cli.o
                0x0000000008007754                sl_cli_tick_instance
 .text.sli_cli_arguments_validate_int
                0x000000000800775c       0x12 vscode-build/obj/gecko_sdk_4.3.1/platform/service/cli/src/sl_cli_arguments.o
                0x000000000800775c                sli_cli_arguments_validate_int
 .text.sli_cli_validate_argument
                0x000000000800776e       0x40 vscode-build/obj/gecko_sdk_4.3.1/platform/service/cli/src/sl_cli_arguments.o
                0x000000000800776e                sli_cli_validate_argument
 .text.sli_cli_arguments_convert_single
                0x00000000080077ae       0xfc vscode-build/obj/gecko_sdk_4.3.1/platform/service/cli/src/sl_cli_arguments.o
                0x00000000080077ae                sli_cli_arguments_convert_single
 .text.sli_cli_arguments_convert_multiple
                0x00000000080078aa       0xf8 vscode-build/obj/gecko_sdk_4.3.1/platform/service/cli/src/sl_cli_arguments.o
                0x00000000080078aa                sli_cli_arguments_convert_multiple
 .text.scan_entry
                0x00000000080079a2       0x90 vscode-build/obj/gecko_sdk_4.3.1/platform/service/cli/src/sl_cli_command.o
 .text.cmd_help_group
                0x0000000008007a32       0x18 vscode-build/obj/gecko_sdk_4.3.1/platform/service/cli/src/sl_cli_command.o
 .text.sli_cli_pre_cmd_hook
                0x0000000008007a4a        0x2 vscode-build/obj/gecko_sdk_4.3.1/platform/service/cli/src/sl_cli_command.o
                0x0000000008007a4a                sli_cli_pre_cmd_hook
 .text.sli_cli_post_cmd_hook
                0x0000000008007a4c        0x2 vscode-build/obj/gecko_sdk_4.3.1/platform/service/cli/src/sl_cli_command.o
                0x0000000008007a4c                sli_cli_post_cmd_hook
 .text.sl_cli_command_add_command_group
                0x0000000008007a4e       0x1c vscode-build/obj/gecko_sdk_4.3.1/platform/service/cli/src/sl_cli_command.o
                0x0000000008007a4e                sl_cli_command_add_command_group
 .text.sl_cli_command_execute
                0x0000000008007a6a       0xae vscode-build/obj/gecko_sdk_4.3.1/platform/service/cli/src/sl_cli_command.o
                0x0000000008007a6a                sl_cli_command_execute
 .text.history_get_count
                0x0000000008007b18       0x28 vscode-build/obj/gecko_sdk_4.3.1/platform/service/cli/src/sl_cli_input.o
 .text.history_get_ofs
                0x0000000008007b40       0x66 vscode-build/obj/gecko_sdk_4.3.1/platform/service/cli/src/sl_cli_input.o
 .text.sl_cli_input_clear
                0x0000000008007ba6       0x16 vscode-build/obj/gecko_sdk_4.3.1/platform/service/cli/src/sl_cli_input.o
                0x0000000008007ba6                sl_cli_input_clear
 .text.sli_cli_input_update_history
                0x0000000008007bbc       0x88 vscode-build/obj/gecko_sdk_4.3.1/platform/service/cli/src/sl_cli_input.o
                0x0000000008007bbc                sli_cli_input_update_history
 .text.sl_cli_input_get_history
                0x0000000008007c44       0x92 vscode-build/obj/gecko_sdk_4.3.1/platform/service/cli/src/sl_cli_input.o
                0x0000000008007c44                sl_cli_input_get_history
 .text.sli_cli_io_getchar
                0x0000000008007cd6       0x1e vscode-build/obj/gecko_sdk_4.3.1/platform/service/cli/src/sl_cli_io.o
                0x0000000008007cd6                sli_cli_io_getchar
 .text.sli_cli_io_putchar
                0x0000000008007cf4       0x18 vscode-build/obj/gecko_sdk_4.3.1/platform/service/cli/src/sl_cli_io.o
                0x0000000008007cf4                sli_cli_io_putchar
 .text.sli_cli_io_printf
                0x0000000008007d0c       0x1c vscode-build/obj/gecko_sdk_4.3.1/platform/service/cli/src/sl_cli_io.o
                0x0000000008007d0c                sli_cli_io_printf
 .text.escape   0x0000000008007d28       0x26 vscode-build/obj/gecko_sdk_4.3.1/platform/service/cli/src/sl_cli_tokenize.o
 .text.sl_cli_tokenize
                0x0000000008007d4e       0xe8 vscode-build/obj/gecko_sdk_4.3.1/platform/service/cli/src/sl_cli_tokenize.o
                0x0000000008007d4e                sl_cli_tokenize
 .text.sl_iostream_write
                0x0000000008007e36       0x28 vscode-build/obj/gecko_sdk_4.3.1/platform/service/iostream/src/sl_iostream.o
                0x0000000008007e36                sl_iostream_write
 .text.sl_iostream_read
                0x0000000008007e5e       0x32 vscode-build/obj/gecko_sdk_4.3.1/platform/service/iostream/src/sl_iostream.o
                0x0000000008007e5e                sl_iostream_read
 .text.sl_iostream_putchar
                0x0000000008007e90       0x16 vscode-build/obj/gecko_sdk_4.3.1/platform/service/iostream/src/sl_iostream.o
                0x0000000008007e90                sl_iostream_putchar
 .text.sl_iostream_getchar
                0x0000000008007ea6        0x8 vscode-build/obj/gecko_sdk_4.3.1/platform/service/iostream/src/sl_iostream.o
                0x0000000008007ea6                sl_iostream_getchar
 .text.eusart_deinit
                0x0000000008007eae       0x70 vscode-build/obj/gecko_sdk_4.3.1/platform/service/iostream/src/sl_iostream_eusart.o
 .text.eusart_set_next_byte_detect
                0x0000000008007f1e       0x30 vscode-build/obj/gecko_sdk_4.3.1/platform/service/iostream/src/sl_iostream_eusart.o
 .text.eusart_tx
                0x0000000008007f4e        0xc vscode-build/obj/gecko_sdk_4.3.1/platform/service/iostream/src/sl_iostream_eusart.o
 .text.sl_iostream_eusart_irq_handler
                0x0000000008007f5a       0x72 vscode-build/obj/gecko_sdk_4.3.1/platform/service/iostream/src/sl_iostream_eusart.o
                0x0000000008007f5a                sl_iostream_eusart_irq_handler
 .text._close   0x0000000008007fcc        0x4 vscode-build/obj/gecko_sdk_4.3.1/platform/service/iostream/src/sl_iostream_retarget_stdio.o
                0x0000000008007fcc                _close
 .text._exit    0x0000000008007fd0        0x2 vscode-build/obj/gecko_sdk_4.3.1/platform/service/iostream/src/sl_iostream_retarget_stdio.o
                0x0000000008007fd0                _exit
 .text._fstat   0x0000000008007fd2        0xa vscode-build/obj/gecko_sdk_4.3.1/platform/service/iostream/src/sl_iostream_retarget_stdio.o
                0x0000000008007fd2                _fstat
 .text._isatty  0x0000000008007fdc        0x4 vscode-build/obj/gecko_sdk_4.3.1/platform/service/iostream/src/sl_iostream_retarget_stdio.o
                0x0000000008007fdc                _isatty
 .text._lseek   0x0000000008007fe0        0x4 vscode-build/obj/gecko_sdk_4.3.1/platform/service/iostream/src/sl_iostream_retarget_stdio.o
                0x0000000008007fe0                _lseek
 .text._read    0x0000000008007fe4       0x1c vscode-build/obj/gecko_sdk_4.3.1/platform/service/iostream/src/sl_iostream_retarget_stdio.o
                0x0000000008007fe4                _read
 .text.set_auto_cr_lf
                0x0000000008008000        0x6 vscode-build/obj/gecko_sdk_4.3.1/platform/service/iostream/src/sl_iostream_uart.o
 .text.get_auto_cr_lf
                0x0000000008008006        0x6 vscode-build/obj/gecko_sdk_4.3.1/platform/service/iostream/src/sl_iostream_uart.o
 .text.sl_system_init
                0x000000000800800c       0x1a vscode-build/obj/gecko_sdk_4.3.1/platform/service/system/src/sl_system_init.o
                0x000000000800800c                sl_system_init
 .text.sl_system_process_action
                0x0000000008008026       0x16 vscode-build/obj/gecko_sdk_4.3.1/platform/service/system/src/sl_system_process_action.o
                0x0000000008008026                sl_system_process_action
 .text.startup.main
                0x000000000800803c       0x14 vscode-build/obj/main.o
                0x000000000800803c                main
 .text.memcmp   0x0000000008008050       0x20 /Applications/Simplicity Studio.app/Contents/Eclipse/developer/toolchains/gnu_arm/10.3_2021.10/bin/../lib/gcc/arm-none-eabi/10.3.1/../../../../arm-none-eabi/lib/thumb/v8-m.main+fp/hard/libc_nano.a(lib_a-memcmp.o)
                0x0000000008008050                memcmp
 .text.memcpy   0x0000000008008070       0x1a /Applications/Simplicity Studio.app/Contents/Eclipse/developer/toolchains/gnu_arm/10.3_2021.10/bin/../lib/gcc/arm-none-eabi/10.3.1/../../../../arm-none-eabi/lib/thumb/v8-m.main+fp/hard/libc_nano.a(lib_a-memcpy-stub.o)
                0x0000000008008070                memcpy
 .text.memmove  0x000000000800808a       0x34 /Applications/Simplicity Studio.app/Contents/Eclipse/developer/toolchains/gnu_arm/10.3_2021.10/bin/../lib/gcc/arm-none-eabi/10.3.1/../../../../arm-none-eabi/lib/thumb/v8-m.main+fp/hard/libc_nano.a(lib_a-memmove.o)
                0x000000000800808a                memmove
 .text.memset   0x00000000080080be       0x10 /Applications/Simplicity Studio.app/Contents/Eclipse/developer/toolchains/gnu_arm/10.3_2021.10/bin/../lib/gcc/arm-none-eabi/10.3.1/../../../../arm-none-eabi/lib/thumb/v8-m.main+fp/hard/libc_nano.a(lib_a-memset.o)
                0x00000000080080be                memset
 .text          0x00000000080080ce       0x14 /Applications/Simplicity Studio.app/Contents/Eclipse/developer/toolchains/gnu_arm/10.3_2021.10/bin/../lib/gcc/arm-none-eabi/10.3.1/../../../../arm-none-eabi/lib/thumb/v8-m.main+fp/hard/libc_nano.a(lib_a-strcmp.o)
                0x00000000080080ce                strcmp
 .text          0x00000000080080e2       0x10 /Applications/Simplicity Studio.app/Contents/Eclipse/developer/toolchains/gnu_arm/10.3_2021.10/bin/../lib/gcc/arm-none-eabi/10.3.1/../../../../arm-none-eabi/lib/thumb/v8-m.main+fp/hard/libc_nano.a(lib_a-strlen.o)
                0x00000000080080e2                strlen
 .text.strncmp  0x00000000080080f2       0x28 /Applications/Simplicity Studio.app/Contents/Eclipse/developer/toolchains/gnu_arm/10.3_2021.10/bin/../lib/gcc/arm-none-eabi/10.3.1/../../../../arm-none-eabi/lib/thumb/v8-m.main+fp/hard/libc_nano.a(lib_a-strncmp.o)
                0x00000000080080f2                strncmp
 .text.__sfmoreglue
                0x000000000800811a       0x2c /Applications/Simplicity Studio.app/Contents/Eclipse/developer/toolchains/gnu_arm/10.3_2021.10/bin/../lib/gcc/arm-none-eabi/10.3.1/../../../../arm-none-eabi/lib/thumb/v8-m.main+fp/hard/libc_nano.a(lib_a-findfp.o)
                0x000000000800811a                __sfmoreglue
 .text._fwalk_reent
                0x0000000008008146       0x3e /Applications/Simplicity Studio.app/Contents/Eclipse/developer/toolchains/gnu_arm/10.3_2021.10/bin/../lib/gcc/arm-none-eabi/10.3.1/../../../../arm-none-eabi/lib/thumb/v8-m.main+fp/hard/libc_nano.a(lib_a-fwalk.o)
                0x0000000008008146                _fwalk_reent
 .text.__retarget_lock_init_recursive
                0x0000000008008184        0x2 /Applications/Simplicity Studio.app/Contents/Eclipse/developer/toolchains/gnu_arm/10.3_2021.10/bin/../lib/gcc/arm-none-eabi/10.3.1/../../../../arm-none-eabi/lib/thumb/v8-m.main+fp/hard/libc_nano.a(lib_a-lock.o)
                0x0000000008008184                __retarget_lock_init_recursive
 .text.__retarget_lock_acquire_recursive
                0x0000000008008186        0x2 /Applications/Simplicity Studio.app/Contents/Eclipse/developer/toolchains/gnu_arm/10.3_2021.10/bin/../lib/gcc/arm-none-eabi/10.3.1/../../../../arm-none-eabi/lib/thumb/v8-m.main+fp/hard/libc_nano.a(lib_a-lock.o)
                0x0000000008008186                __retarget_lock_acquire_recursive
 .text.__retarget_lock_release_recursive
                0x0000000008008188        0x2 /Applications/Simplicity Studio.app/Contents/Eclipse/developer/toolchains/gnu_arm/10.3_2021.10/bin/../lib/gcc/arm-none-eabi/10.3.1/../../../../arm-none-eabi/lib/thumb/v8-m.main+fp/hard/libc_nano.a(lib_a-lock.o)
                0x0000000008008188                __retarget_lock_release_recursive
 .text.__swhatbuf_r
                0x000000000800818a       0x4a /Applications/Simplicity Studio.app/Contents/Eclipse/developer/toolchains/gnu_arm/10.3_2021.10/bin/../lib/gcc/arm-none-eabi/10.3.1/../../../../arm-none-eabi/lib/thumb/v8-m.main+fp/hard/libc_nano.a(lib_a-makebuf.o)
                0x000000000800818a                __swhatbuf_r
 .text.__sfputc_r
                0x00000000080081d4       0x2e /Applications/Simplicity Studio.app/Contents/Eclipse/developer/toolchains/gnu_arm/10.3_2021.10/bin/../lib/gcc/arm-none-eabi/10.3.1/../../../../arm-none-eabi/lib/thumb/v8-m.main+fp/hard/libc_nano.a(lib_a-nano-vfprintf.o)
 .text.__sfputs_r
                0x0000000008008202       0x24 /Applications/Simplicity Studio.app/Contents/Eclipse/developer/toolchains/gnu_arm/10.3_2021.10/bin/../lib/gcc/arm-none-eabi/10.3.1/../../../../arm-none-eabi/lib/thumb/v8-m.main+fp/hard/libc_nano.a(lib_a-nano-vfprintf.o)
                0x0000000008008202                __sfputs_r
 .text._printf_common
                0x0000000008008226       0xe0 /Applications/Simplicity Studio.app/Contents/Eclipse/developer/toolchains/gnu_arm/10.3_2021.10/bin/../lib/gcc/arm-none-eabi/10.3.1/../../../../arm-none-eabi/lib/thumb/v8-m.main+fp/hard/libc_nano.a(lib_a-nano-vfprintf_i.o)
                0x0000000008008226                _printf_common
 .text.__sread  0x0000000008008306       0x22 /Applications/Simplicity Studio.app/Contents/Eclipse/developer/toolchains/gnu_arm/10.3_2021.10/bin/../lib/gcc/arm-none-eabi/10.3.1/../../../../arm-none-eabi/lib/thumb/v8-m.main+fp/hard/libc_nano.a(lib_a-stdio.o)
                0x0000000008008306                __sread
 .text.__swrite
                0x0000000008008328       0x38 /Applications/Simplicity Studio.app/Contents/Eclipse/developer/toolchains/gnu_arm/10.3_2021.10/bin/../lib/gcc/arm-none-eabi/10.3.1/../../../../arm-none-eabi/lib/thumb/v8-m.main+fp/hard/libc_nano.a(lib_a-stdio.o)
                0x0000000008008328                __swrite
 .text.__sseek  0x0000000008008360       0x24 /Applications/Simplicity Studio.app/Contents/Eclipse/developer/toolchains/gnu_arm/10.3_2021.10/bin/../lib/gcc/arm-none-eabi/10.3.1/../../../../arm-none-eabi/lib/thumb/v8-m.main+fp/hard/libc_nano.a(lib_a-stdio.o)
                0x0000000008008360                __sseek
 .text.__sclose
                0x0000000008008384        0x8 /Applications/Simplicity Studio.app/Contents/Eclipse/developer/toolchains/gnu_arm/10.3_2021.10/bin/../lib/gcc/arm-none-eabi/10.3.1/../../../../arm-none-eabi/lib/thumb/v8-m.main+fp/hard/libc_nano.a(lib_a-stdio.o)
                0x0000000008008384                __sclose
 .text.memchr   0x000000000800838c       0x1c /Applications/Simplicity Studio.app/Contents/Eclipse/developer/toolchains/gnu_arm/10.3_2021.10/bin/../lib/gcc/arm-none-eabi/10.3.1/../../../../arm-none-eabi/lib/thumb/v8-m.main+fp/hard/libc_nano.a(lib_a-memchr-stub.o)
                0x000000000800838c                memchr
 .text.thrHard  0x00000000080083a8       0x2a gecko_sdk_4.3.1/platform/emdrv/nvm3/lib/libnvm3_CM33_gcc.a(nvm3.o)
 .text.thrSoftMinimum
                0x00000000080083d2       0x20 gecko_sdk_4.3.1/platform/emdrv/nvm3/lib/libnvm3_CM33_gcc.a(nvm3.o)
 .text.scanPage
                0x00000000080083f2       0x32 gecko_sdk_4.3.1/platform/emdrv/nvm3/lib/libnvm3_CM33_gcc.a(nvm3.o)
 .text.workBegin
                0x0000000008008424       0x18 gecko_sdk_4.3.1/platform/emdrv/nvm3/lib/libnvm3_CM33_gcc.a(nvm3.o)
 .text.findValidPageCnt
                0x000000000800843c       0x3e gecko_sdk_4.3.1/platform/emdrv/nvm3/lib/libnvm3_CM33_gcc.a(nvm3.o)
 .text.erasePage
                0x000000000800847a       0x22 gecko_sdk_4.3.1/platform/emdrv/nvm3/lib/libnvm3_CM33_gcc.a(nvm3.o)
 .text.getPreviousGoodPage
                0x000000000800849c       0x42 gecko_sdk_4.3.1/platform/emdrv/nvm3/lib/libnvm3_CM33_gcc.a(nvm3.o)
 .text.findCurrentEraseCnt
                0x00000000080084de       0x5e gecko_sdk_4.3.1/platform/emdrv/nvm3/lib/libnvm3_CM33_gcc.a(nvm3.o)
 .text.eraseAllPages
                0x000000000800853c       0x7a gecko_sdk_4.3.1/platform/emdrv/nvm3/lib/libnvm3_CM33_gcc.a(nvm3.o)
 .text.getFirstObjAdrInNextGoodPage
                0x00000000080085b6       0x5a gecko_sdk_4.3.1/platform/emdrv/nvm3/lib/libnvm3_CM33_gcc.a(nvm3.o)
 .text.getNextObj
                0x0000000008008610       0x2e gecko_sdk_4.3.1/platform/emdrv/nvm3/lib/libnvm3_CM33_gcc.a(nvm3.o)
 .text.getFreeSize
                0x000000000800863e       0x64 gecko_sdk_4.3.1/platform/emdrv/nvm3/lib/libnvm3_CM33_gcc.a(nvm3.o)
 .text.findNumberOfUnusedPages
                0x00000000080086a2       0x52 gecko_sdk_4.3.1/platform/emdrv/nvm3/lib/libnvm3_CM33_gcc.a(nvm3.o)
 .text.cacheUpdateCallback
                0x00000000080086f4       0x12 gecko_sdk_4.3.1/platform/emdrv/nvm3/lib/libnvm3_CM33_gcc.a(nvm3.o)
 .text.validateObj
                0x0000000008008706       0x24 gecko_sdk_4.3.1/platform/emdrv/nvm3/lib/libnvm3_CM33_gcc.a(nvm3.o)
 .text.eraseFirstPageCallback
                0x000000000800872a       0x2e gecko_sdk_4.3.1/platform/emdrv/nvm3/lib/libnvm3_CM33_gcc.a(nvm3.o)
 .text.enumScanCacheCallback
                0x0000000008008758       0x36 gecko_sdk_4.3.1/platform/emdrv/nvm3/lib/libnvm3_CM33_gcc.a(nvm3.o)
 .text.eraseFirstPageScanCacheCallback
                0x000000000800878e       0x1c gecko_sdk_4.3.1/platform/emdrv/nvm3/lib/libnvm3_CM33_gcc.a(nvm3.o)
 .text.workEnd.isra.0
                0x00000000080087aa       0x10 gecko_sdk_4.3.1/platform/emdrv/nvm3/lib/libnvm3_CM33_gcc.a(nvm3.o)
 .text.counterIdxToAdr.isra.0
                0x00000000080087ba       0x66 gecko_sdk_4.3.1/platform/emdrv/nvm3/lib/libnvm3_CM33_gcc.a(nvm3.o)
 .text.counterIncFldGet
                0x0000000008008820       0x40 gecko_sdk_4.3.1/platform/emdrv/nvm3/lib/libnvm3_CM33_gcc.a(nvm3.o)
 .text.readCounter
                0x0000000008008860      0x18e gecko_sdk_4.3.1/platform/emdrv/nvm3/lib/libnvm3_CM33_gcc.a(nvm3.o)
 .text.nvm3_enumObjects
                0x00000000080089ee       0x12 gecko_sdk_4.3.1/platform/emdrv/nvm3/lib/libnvm3_CM33_gcc.a(nvm3.o)
                0x00000000080089ee                nvm3_enumObjects
 .text.nvm3_enumDeletedObjects
                0x0000000008008a00       0x12 gecko_sdk_4.3.1/platform/emdrv/nvm3/lib/libnvm3_CM33_gcc.a(nvm3.o)
                0x0000000008008a00                nvm3_enumDeletedObjects
 .text.nvm3_repackNeeded
                0x0000000008008a12       0x34 gecko_sdk_4.3.1/platform/emdrv/nvm3/lib/libnvm3_CM33_gcc.a(nvm3.o)
                0x0000000008008a12                nvm3_repackNeeded
 .text.nvm3_cacheClear
                0x0000000008008a46       0x24 gecko_sdk_4.3.1/platform/emdrv/nvm3/lib/libnvm3_CM33_gcc.a(nvm3_cache.o)
                0x0000000008008a46                nvm3_cacheClear
 .text.nvm3_cacheOpen
                0x0000000008008a6a        0x8 gecko_sdk_4.3.1/platform/emdrv/nvm3/lib/libnvm3_CM33_gcc.a(nvm3_cache.o)
                0x0000000008008a6a                nvm3_cacheOpen
 .text.nvm3_cacheDelete
                0x0000000008008a72       0x30 gecko_sdk_4.3.1/platform/emdrv/nvm3/lib/libnvm3_CM33_gcc.a(nvm3_cache.o)
                0x0000000008008a72                nvm3_cacheDelete
 .text.nvm3_cacheGet
                0x0000000008008aa2       0x34 gecko_sdk_4.3.1/platform/emdrv/nvm3/lib/libnvm3_CM33_gcc.a(nvm3_cache.o)
                0x0000000008008aa2                nvm3_cacheGet
 .text.nvm3_objHdrValidateSmall
                0x0000000008008ad6       0x2a gecko_sdk_4.3.1/platform/emdrv/nvm3/lib/libnvm3_CM33_gcc.a(nvm3_object.o)
                0x0000000008008ad6                nvm3_objHdrValidateSmall
 .text.nvm3_objHdrValidateLarge
                0x0000000008008b00       0x36 gecko_sdk_4.3.1/platform/emdrv/nvm3/lib/libnvm3_CM33_gcc.a(nvm3_object.o)
                0x0000000008008b00                nvm3_objHdrValidateLarge
 .text.nvm3_objHdrGetErased
                0x0000000008008b36        0xa gecko_sdk_4.3.1/platform/emdrv/nvm3/lib/libnvm3_CM33_gcc.a(nvm3_object.o)
                0x0000000008008b36                nvm3_objHdrGetErased
 .text.nvm3_objHdrGetFragTyp
                0x0000000008008b40       0x10 gecko_sdk_4.3.1/platform/emdrv/nvm3/lib/libnvm3_CM33_gcc.a(nvm3_object.o)
                0x0000000008008b40                nvm3_objHdrGetFragTyp
 .text.nvm3_objHdrGetKey
                0x0000000008008b50        0x8 gecko_sdk_4.3.1/platform/emdrv/nvm3/lib/libnvm3_CM33_gcc.a(nvm3_object.o)
                0x0000000008008b50                nvm3_objHdrGetKey
 .text.nvm3_objHdrGetHdrIsLarge
                0x0000000008008b58       0x10 gecko_sdk_4.3.1/platform/emdrv/nvm3/lib/libnvm3_CM33_gcc.a(nvm3_object.o)
                0x0000000008008b58                nvm3_objHdrGetHdrIsLarge
 .text.nvm3_objHdrGetHdrLen
                0x0000000008008b68        0xe gecko_sdk_4.3.1/platform/emdrv/nvm3/lib/libnvm3_CM33_gcc.a(nvm3_object.o)
                0x0000000008008b68                nvm3_objHdrGetHdrLen
 .text.nvm3_objHdrGetDatLen
                0x0000000008008b76       0x1e gecko_sdk_4.3.1/platform/emdrv/nvm3/lib/libnvm3_CM33_gcc.a(nvm3_object.o)
                0x0000000008008b76                nvm3_objHdrGetDatLen
 .text.nvm3_objHdrGetType
                0x0000000008008b94        0x8 gecko_sdk_4.3.1/platform/emdrv/nvm3/lib/libnvm3_CM33_gcc.a(nvm3_object.o)
                0x0000000008008b94                nvm3_objHdrGetType
 .text.nvm3_objGroupToType
                0x0000000008008b9c       0x1a gecko_sdk_4.3.1/platform/emdrv/nvm3/lib/libnvm3_CM33_gcc.a(nvm3_object.o)
                0x0000000008008b9c                nvm3_objGroupToType
 .text.nvm3_utilsComputeBergerCode
                0x0000000008008bb6       0x3c gecko_sdk_4.3.1/platform/emdrv/nvm3/lib/libnvm3_CM33_gcc.a(nvm3_utils.o)
                0x0000000008008bb6                nvm3_utilsComputeBergerCode
 .text.nvm3_pageSetBad
                0x0000000008008bf2       0x26 gecko_sdk_4.3.1/platform/emdrv/nvm3/lib/libnvm3_CM33_gcc.a(nvm3_page.o)
                0x0000000008008bf2                nvm3_pageSetBad
 .text.nvm3_pageSetEip
                0x0000000008008c18       0x3e gecko_sdk_4.3.1/platform/emdrv/nvm3/lib/libnvm3_CM33_gcc.a(nvm3_page.o)
                0x0000000008008c18                nvm3_pageSetEip
 .text.nvm3_pageGetEraseCnt
                0x0000000008008c56       0x52 gecko_sdk_4.3.1/platform/emdrv/nvm3/lib/libnvm3_CM33_gcc.a(nvm3_page.o)
                0x0000000008008c56                nvm3_pageGetEraseCnt
 .text.nvm3_pageGetState
                0x0000000008008ca8       0x4a gecko_sdk_4.3.1/platform/emdrv/nvm3/lib/libnvm3_CM33_gcc.a(nvm3_page.o)
                0x0000000008008ca8                nvm3_pageGetState
 .text.nvm3_pageStateIsGood
                0x0000000008008cf2        0xa gecko_sdk_4.3.1/platform/emdrv/nvm3/lib/libnvm3_CM33_gcc.a(nvm3_page.o)
                0x0000000008008cf2                nvm3_pageStateIsGood
 .text.nvm3_pageStateIsInvalid