Archive member included to satisfy reference by file (symbol)

/Applications/Simplicity Studio.app/Contents/Eclipse/developer/toolchains/gnu_arm/10.3_2021.10/bin/../lib/gcc/arm-none-eabi/10.3.1/thumb/v8-m.main+fp/hard/libgcc.a(_aeabi_ldivmod.o)
                              vscode-build/obj/gecko_sdk_4.3.1/platform/emlib/src/em_eusart.o (__aeabi_ldivmod)
/Applications/Simplicity Studio.app/Contents/Eclipse/developer/toolchains/gnu_arm/10.3_2021.10/bin/../lib/gcc/arm-none-eabi/10.3.1/thumb/v8-m.main+fp/hard/libgcc.a(_aeabi_uldivmod.o)
                              vscode-build/obj/gecko_sdk_4.3.1/platform/emlib/src/em_eusart.o (__aeabi_uldivmod)
/Applications/Simplicity Studio.app/Contents/Eclipse/developer/toolchains/gnu_arm/10.3_2021.10/bin/../lib/gcc/arm-none-eabi/10.3.1/thumb/v8-m.main+fp/hard/libgcc.a(_udivmoddi4.o)
                              /Applications/Simplicity Studio.app/Contents/Eclipse/developer/toolchains/gnu_arm/10.3_2021.10/bin/../lib/gcc/arm-none-eabi/10.3.1/thumb/v8-m.main+fp/hard/libgcc.a(_aeabi_ldivmod.o) (__udivmoddi4)
/Applications/Simplicity Studio.app/Contents/Eclipse/developer/toolchains/gnu_arm/10.3_2021.10/bin/../lib/gcc/arm-none-eabi/10.3.1/thumb/v8-m.main+fp/hard/libgcc.a(_dvmd_tls.o)
                              /Applications/Simplicity Studio.app/Contents/Eclipse/developer/toolchains/gnu_arm/10.3_2021.10/bin/../lib/gcc/arm-none-eabi/10.3.1/thumb/v8-m.main+fp/hard/libgcc.a(_aeabi_ldivmod.o) (__aeabi_ldiv0)
/Applications/Simplicity Studio.app/Contents/Eclipse/developer/toolchains/gnu_arm/10.3_2021.10/bin/../lib/gcc/arm-none-eabi/10.3.1/../../../../arm-none-eabi/lib/thumb/v8-m.main+fp/hard/libc_nano.a(lib_a-ctype_.o)
                              vscode-build/obj/gecko_sdk_4.3.1/platform/common/src/sl_string.o (_ctype_)
/Applications/Simplicity Studio.app/Contents/Eclipse/developer/toolchains/gnu_arm/10.3_2021.10/bin/../lib/gcc/arm-none-eabi/10.3.1/../../../../arm-none-eabi/lib/thumb/v8-m.main+fp/hard/libc_nano.a(lib_a-exit.o)
                              /Applications/Simplicity Studio.app/Contents/Eclipse/developer/toolchains/gnu_arm/10.3_2021.10/bin/../lib/gcc/arm-none-eabi/10.3.1/../../../../arm-none-eabi/lib/thumb/v8-m.main+fp/hard/crt0.o (exit)
/Applications/Simplicity Studio.app/Contents/Eclipse/developer/toolchains/gnu_arm/10.3_2021.10/bin/../lib/gcc/arm-none-eabi/10.3.1/../../../../arm-none-eabi/lib/thumb/v8-m.main+fp/hard/libc_nano.a(lib_a-impure.o)
                              /Applications/Simplicity Studio.app/Contents/Eclipse/developer/toolchains/gnu_arm/10.3_2021.10/bin/../lib/gcc/arm-none-eabi/10.3.1/../../../../arm-none-eabi/lib/thumb/v8-m.main+fp/hard/libc_nano.a(lib_a-exit.o) (_global_impure_ptr)
/Applications/Simplicity Studio.app/Contents/Eclipse/developer/toolchains/gnu_arm/10.3_2021.10/bin/../lib/gcc/arm-none-eabi/10.3.1/../../../../arm-none-eabi/lib/thumb/v8-m.main+fp/hard/libc_nano.a(lib_a-init.o)
                              /Applications/Simplicity Studio.app/Contents/Eclipse/developer/toolchains/gnu_arm/10.3_2021.10/bin/../lib/gcc/arm-none-eabi/10.3.1/../../../../arm-none-eabi/lib/thumb/v8-m.main+fp/hard/crt0.o (__libc_init_array)
/Applications/Simplicity Studio.app/Contents/Eclipse/developer/toolchains/gnu_arm/10.3_2021.10/bin/../lib/gcc/arm-none-eabi/10.3.1/../../../../arm-none-eabi/lib/thumb/v8-m.main+fp/hard/libc_nano.a(lib_a-memcmp.o)
                              vscode-build/obj/gecko_sdk_4.3.1/platform/emdrv/nvm3/src/nvm3_hal_flash.o (memcmp)
/Applications/Simplicity Studio.app/Contents/Eclipse/developer/toolchains/gnu_arm/10.3_2021.10/bin/../lib/gcc/arm-none-eabi/10.3.1/../../../../arm-none-eabi/lib/thumb/v8-m.main+fp/hard/libc_nano.a(lib_a-memcpy-stub.o)
                              vscode-build/obj/gecko_sdk_4.3.1/platform/emdrv/nvm3/src/nvm3_hal_flash.o (memcpy)
/Applications/Simplicity Studio.app/Contents/Eclipse/developer/toolchains/gnu_arm/10.3_2021.10/bin/../lib/gcc/arm-none-eabi/10.3.1/../../../../arm-none-eabi/lib/thumb/v8-m.main+fp/hard/libc_nano.a(lib_a-memmove.o)
                              vscode-build/obj/gecko_sdk_4.3.1/platform/service/cli/src/sl_cli_input.o (memmove)
/Applications/Simplicity Studio.app/Contents/Eclipse/developer/toolchains/gnu_arm/10.3_2021.10/bin/../lib/gcc/arm-none-eabi/10.3.1/../../../../arm-none-eabi/lib/thumb/v8-m.main+fp/hard/libc_nano.a(lib_a-memset.o)
                              /Applications/Simplicity Studio.app/Contents/Eclipse/developer/toolchains/gnu_arm/10.3_2021.10/bin/../lib/gcc/arm-none-eabi/10.3.1/../../../../arm-none-eabi/lib/thumb/v8-m.main+fp/hard/crt0.o (memset)
/Applications/Simplicity Studio.app/Contents/Eclipse/developer/toolchains/gnu_arm/10.3_2021.10/bin/../lib/gcc/arm-none-eabi/10.3.1/../../../../arm-none-eabi/lib/thumb/v8-m.main+fp/hard/libc_nano.a(lib_a-printf.o)
                              vscode-build/obj/nvm3_app.o (printf)
[...]
Memory Configuration

Name             Origin             Length             Attributes
FLASH            0x0000000008000000 0x000000000007e000 xr
RAM              0x0000000020000000 0x0000000000010000 xrw
*default*        0x0000000000000000 0xffffffffffffffff

Linker script and memory map

LOAD /Applications/Simplicity Studio.app/Contents/Eclipse/developer/toolchains/gnu_arm/10.3_2021.10/bin/../lib/gcc/arm-none-eabi/10.3.1/thumb/v8-m.main+fp/hard/crti.o
LOAD /Applications/Simplicity Studio.app/Contents/Eclipse/developer/toolchains/gnu_arm/10.3_2021.10/bin/../lib/gcc/arm-none-eabi/10.3.1/thumb/v8-m.main+fp/hard/crtbegin.o
LOAD /Applications/Simplicity Studio.app/Contents/Eclipse/developer/toolchains/gnu_arm/10.3_2021.10/bin/../lib/gcc/arm-none-eabi/10.3.1/../../../../arm-none-eabi/lib/thumb/v8-m.main+fp/hard/crt0.o
LOAD vscode-build/obj/gecko_sdk_4.3.1/platform/service/udelay/src/sl_udelay_armv6m_gcc.o
LOAD vscode-build/obj/app.o
LOAD vscode-build/obj/autogen/sl_board_default_init.o
LOAD vscode-build/obj/autogen/sl_cli_command_table.o
LOAD vscode-build/obj/autogen/sl_cli_instances.o
LOAD vscode-build/obj/autogen/sl_device_init_clocks.o
LOAD vscode-build/obj/autogen/sl_event_handler.o
LOAD vscode-build/obj/autogen/sl_iostream_handles.o
LOAD vscode-build/obj/autogen/sl_iostream_init_eusart_instances.o
LOAD vscode-build/obj/autogen/sli_cli_hooks.o
LOAD vscode-build/obj/gecko_sdk_4.3.1/hardware/board/src/sl_board_control_gpio.o
LOAD vscode-build/obj/gecko_sdk_4.3.1/hardware/board/src/sl_board_init.o
LOAD vscode-build/obj/gecko_sdk_4.3.1/hardware/driver/configuration_over_swo/src/sl_cos.o
LOAD vscode-build/obj/gecko_sdk_4.3.1/hardware/driver/mx25_flash_shutdown/src/sl_mx25_flash_shutdown_usart/sl_mx25_flash_shutdown.o
LOAD vscode-build/obj/gecko_sdk_4.3.1/platform/Device/SiliconLabs/EFR32ZG23/Source/startup_efr32zg23.o
LOAD vscode-build/obj/gecko_sdk_4.3.1/platform/Device/SiliconLabs/EFR32ZG23/Source/system_efr32zg23.o
LOAD vscode-build/obj/gecko_sdk_4.3.1/platform/common/src/sl_assert.o
LOAD vscode-build/obj/gecko_sdk_4.3.1/platform/common/src/sl_slist.o
LOAD vscode-build/obj/gecko_sdk_4.3.1/platform/common/src/sl_string.o
LOAD vscode-build/obj/gecko_sdk_4.3.1/platform/common/toolchain/src/sl_memory.o
LOAD vscode-build/obj/gecko_sdk_4.3.1/platform/driver/debug/src/sl_debug_swo.o
LOAD vscode-build/obj/gecko_sdk_4.3.1/platform/emdrv/dmadrv/src/dmadrv.o
LOAD vscode-build/obj/gecko_sdk_4.3.1/platform/emdrv/nvm3/src/nvm3_default_common_linker.o
LOAD vscode-build/obj/gecko_sdk_4.3.1/platform/emdrv/nvm3/src/nvm3_hal_flash.o
LOAD vscode-build/obj/gecko_sdk_4.3.1/platform/emdrv/nvm3/src/nvm3_lock.o
LOAD vscode-build/obj/gecko_sdk_4.3.1/platform/emlib/src/em_cmu.o
LOAD vscode-build/obj/gecko_sdk_4.3.1/platform/emlib/src/em_core.o
LOAD vscode-build/obj/gecko_sdk_4.3.1/platform/emlib/src/em_emu.o
LOAD vscode-build/obj/gecko_sdk_4.3.1/platform/emlib/src/em_eusart.o
LOAD vscode-build/obj/gecko_sdk_4.3.1/platform/emlib/src/em_gpio.o
LOAD vscode-build/obj/gecko_sdk_4.3.1/platform/emlib/src/em_ldma.o
LOAD vscode-build/obj/gecko_sdk_4.3.1/platform/emlib/src/em_msc.o
LOAD vscode-build/obj/gecko_sdk_4.3.1/platform/emlib/src/em_system.o
LOAD vscode-build/obj/gecko_sdk_4.3.1/platform/emlib/src/em_usart.o
LOAD vscode-build/obj/gecko_sdk_4.3.1/platform/service/cli/src/sl_cli.o
LOAD vscode-build/obj/gecko_sdk_4.3.1/platform/service/cli/src/sl_cli_arguments.o
LOAD vscode-build/obj/gecko_sdk_4.3.1/platform/service/cli/src/sl_cli_command.o
LOAD vscode-build/obj/gecko_sdk_4.3.1/platform/service/cli/src/sl_cli_input.o
LOAD vscode-build/obj/gecko_sdk_4.3.1/platform/service/cli/src/sl_cli_io.o
LOAD vscode-build/obj/gecko_sdk_4.3.1/platform/service/cli/src/sl_cli_tokenize.o
LOAD vscode-build/obj/gecko_sdk_4.3.1/platform/service/device_init/src/sl_device_init_dcdc_s2.o
LOAD vscode-build/obj/gecko_sdk_4.3.1/platform/service/device_init/src/sl_device_init_emu_s2.o
LOAD vscode-build/obj/gecko_sdk_4.3.1/platform/service/device_init/src/sl_device_init_hfxo_s2.o
LOAD vscode-build/obj/gecko_sdk_4.3.1/platform/service/device_init/src/sl_device_init_lfxo_s2.o
LOAD vscode-build/obj/gecko_sdk_4.3.1/platform/service/device_init/src/sl_device_init_nvic.o
LOAD vscode-build/obj/gecko_sdk_4.3.1/platform/service/iostream/src/sl_iostream.o
LOAD vscode-build/obj/gecko_sdk_4.3.1/platform/service/iostream/src/sl_iostream_eusart.o
LOAD vscode-build/obj/gecko_sdk_4.3.1/platform/service/iostream/src/sl_iostream_retarget_stdio.o
LOAD vscode-build/obj/gecko_sdk_4.3.1/platform/service/iostream/src/sl_iostream_stdlib_config.o
LOAD vscode-build/obj/gecko_sdk_4.3.1/platform/service/iostream/src/sl_iostream_uart.o
LOAD vscode-build/obj/gecko_sdk_4.3.1/platform/service/system/src/sl_system_init.o
LOAD vscode-build/obj/gecko_sdk_4.3.1/platform/service/system/src/sl_system_process_action.o
LOAD vscode-build/obj/gecko_sdk_4.3.1/platform/service/udelay/src/sl_udelay.o
LOAD vscode-build/obj/main.o
LOAD vscode-build/obj/nvm3_app.o
START GROUP
LOAD /Applications/Simplicity Studio.app/Contents/Eclipse/developer/toolchains/gnu_arm/10.3_2021.10/bin/../lib/gcc/arm-none-eabi/10.3.1/thumb/v8-m.main+fp/hard/libgcc.a
LOAD /Applications/Simplicity Studio.app/Contents/Eclipse/developer/toolchains/gnu_arm/10.3_2021.10/bin/../lib/gcc/arm-none-eabi/10.3.1/../../../../arm-none-eabi/lib/thumb/v8-m.main+fp/hard/libc_nano.a
LOAD /Applications/Simplicity Studio.app/Contents/Eclipse/developer/toolchains/gnu_arm/10.3_2021.10/bin/../lib/gcc/arm-none-eabi/10.3.1/../../../../arm-none-eabi/lib/thumb/v8-m.main+fp/hard/libm.a
LOAD /Applications/Simplicity Studio.app/Contents/Eclipse/developer/toolchains/gnu_arm/10.3_2021.10/bin/../lib/gcc/arm-none-eabi/10.3.1/../../../../arm-none-eabi/lib/thumb/v8-m.main+fp/hard/libnosys.a
LOAD gecko_sdk_4.3.1/platform/emdrv/nvm3/lib/libnvm3_CM33_gcc.a
END GROUP
START GROUP
LOAD /Applications/Simplicity Studio.app/Contents/Eclipse/developer/toolchains/gnu_arm/10.3_2021.10/bin/../lib/gcc/arm-none-eabi/10.3.1/thumb/v8-m.main+fp/hard/libgcc.a
LOAD /Applications/Simplicity Studio.app/Contents/Eclipse/developer/toolchains/gnu_arm/10.3_2021.10/bin/../lib/gcc/arm-none-eabi/10.3.1/../../../../arm-none-eabi/lib/thumb/v8-m.main+fp/hard/libc_nano.a
END GROUP
START GROUP
LOAD /Applications/Simplicity Studio.app/Contents/Eclipse/developer/toolchains/gnu_arm/10.3_2021.10/bin/../lib/gcc/arm-none-eabi/10.3.1/thumb/v8-m.main+fp/hard/libgcc.a
LOAD /Applications/Simplicity Studio.app/Contents/Eclipse/developer/toolchains/gnu_arm/10.3_2021.10/bin/../lib/gcc/arm-none-eabi/10.3.1/../../../../arm-none-eabi/lib/thumb/v8-m.main+fp/hard/libc_nano.a
END GROUP
LOAD /Applications/Simplicity Studio.app/Contents/Eclipse/developer/toolchains/gnu_arm/10.3_2021.10/bin/../lib/gcc/arm-none-eabi/10.3.1/thumb/v8-m.main+fp/hard/crtend.o
LOAD /Applications/Simplicity Studio.app/Contents/Eclipse/developer/toolchains/gnu_arm/10.3_2021.10/bin/../lib/gcc/arm-none-eabi/10.3.1/thumb/v8-m.main+fp/hard/crtn.o

.text           0x0000000008000000     0x9810
                0x0000000008000000                linker_vectors_begin = .
 *(.vectors)
 .vectors       0x0000000008000000      0x170 vscode-build/obj/gecko_sdk_4.3.1/platform/Device/SiliconLabs/EFR32ZG23/Source/startup_efr32zg23.o
                0x0000000008000000                __Vectors
                0x0000000008000170                linker_vectors_end = .
                0x0000000008000170                __Vectors_End = .
                0x0000000008000170                __Vectors_Size = (__Vectors_End - __Vectors)
                0x0000000008000170                linker_code_begin = .
 *(SORT_BY_ALIGNMENT(.text*))
 .text          0x0000000008000170        0x8 vscode-build/obj/gecko_sdk_4.3.1/platform/service/udelay/src/sl_udelay_armv6m_gcc.o
                0x0000000008000170                sli_delay_loop
 .text          0x0000000008000178       0x40 /Applications/Simplicity Studio.app/Contents/Eclipse/developer/toolchains/gnu_arm/10.3_2021.10/bin/../lib/gcc/arm-none-eabi/10.3.1/thumb/v8-m.main+fp/hard/crtbegin.o
 .text          0x00000000080001b8       0x7c /Applications/Simplicity Studio.app/Contents/Eclipse/developer/toolchains/gnu_arm/10.3_2021.10/bin/../lib/gcc/arm-none-eabi/10.3.1/../../../../arm-none-eabi/lib/thumb/v8-m.main+fp/hard/crt0.o
                0x00000000080001b8                _stack_init
                0x00000000080001c0                _mainCRTStartup
                0x00000000080001c0                _start
 .text.sl_cli_instances_init
                0x0000000008000234       0x40 vscode-build/obj/autogen/sl_cli_instances.o
                0x0000000008000234                sl_cli_instances_init
 .text.sl_cli_instances_tick
                0x0000000008000274       0x28 vscode-build/obj/autogen/sl_cli_instances.o
                0x0000000008000274                sl_cli_instances_tick
 .text.sl_device_init_clocks
                0x000000000800029c       0xac vscode-build/obj/autogen/sl_device_init_clocks.o
                0x000000000800029c                sl_device_init_clocks
 .text.sl_platform_init
                0x0000000008000348       0x9c vscode-build/obj/autogen/sl_event_handler.o
                0x0000000008000348                sl_platform_init
 .text.sl_iostream_eusart_init_vcom
                0x00000000080003e4       0xb0 vscode-build/obj/autogen/sl_iostream_init_eusart_instances.o
                0x00000000080003e4                sl_iostream_eusart_init_vcom
 .text.EUSART0_RX_IRQHandler
                0x0000000008000494        0xc vscode-build/obj/autogen/sl_iostream_init_eusart_instances.o
                0x0000000008000494                EUSART0_RX_IRQHandler
 .text.cs_high  0x00000000080004a0       0x10 vscode-build/obj/gecko_sdk_4.3.1/hardware/driver/mx25_flash_shutdown/src/sl_mx25_flash_shutdown_usart/sl_mx25_flash_shutdown.o
 .text.cs_low   0x00000000080004b0       0x10 vscode-build/obj/gecko_sdk_4.3.1/hardware/driver/mx25_flash_shutdown/src/sl_mx25_flash_shutdown_usart/sl_mx25_flash_shutdown.o
 .text.sl_mx25_flash_shutdown
                0x00000000080004c0      0x118 vscode-build/obj/gecko_sdk_4.3.1/hardware/driver/mx25_flash_shutdown/src/sl_mx25_flash_shutdown_usart/sl_mx25_flash_shutdown.o
                0x00000000080004c0                sl_mx25_flash_shutdown
 .text.Reset_Handler
                0x00000000080005d8       0x60 vscode-build/obj/gecko_sdk_4.3.1/platform/Device/SiliconLabs/EFR32ZG23/Source/startup_efr32zg23.o
                0x00000000080005d8                Reset_Handler
 .text.SystemInit
                0x0000000008000638       0x68 vscode-build/obj/gecko_sdk_4.3.1/platform/Device/SiliconLabs/EFR32ZG23/Source/system_efr32zg23.o
                0x0000000008000638                SystemInit
 .text.SystemHFRCODPLLClockGet
                0x00000000080006a0        0xc vscode-build/obj/gecko_sdk_4.3.1/platform/Device/SiliconLabs/EFR32ZG23/Source/system_efr32zg23.o
                0x00000000080006a0                SystemHFRCODPLLClockGet
 .text.SystemSYSCLKGet
                0x00000000080006ac       0x34 vscode-build/obj/gecko_sdk_4.3.1/platform/Device/SiliconLabs/EFR32ZG23/Source/system_efr32zg23.o
                0x00000000080006ac                SystemSYSCLKGet
 .text.SystemHCLKGet
                0x00000000080006e0       0x24 vscode-build/obj/gecko_sdk_4.3.1/platform/Device/SiliconLabs/EFR32ZG23/Source/system_efr32zg23.o
                0x00000000080006e0                SystemHCLKGet
 .text.SystemMaxCoreClockGet
                0x0000000008000704        0x8 vscode-build/obj/gecko_sdk_4.3.1/platform/Device/SiliconLabs/EFR32ZG23/Source/system_efr32zg23.o
                0x0000000008000704                SystemMaxCoreClockGet
 .text.SystemHFXOClockGet
                0x000000000800070c        0xc vscode-build/obj/gecko_sdk_4.3.1/platform/Device/SiliconLabs/EFR32ZG23/Source/system_efr32zg23.o
                0x000000000800070c                SystemHFXOClockGet
 .text.SystemHFXOClockSet
                0x0000000008000718       0x20 vscode-build/obj/gecko_sdk_4.3.1/platform/Device/SiliconLabs/EFR32ZG23/Source/system_efr32zg23.o
                0x0000000008000718                SystemHFXOClockSet
 .text.SystemFSRCOClockGet
                0x0000000008000738        0x8 vscode-build/obj/gecko_sdk_4.3.1/platform/Device/SiliconLabs/EFR32ZG23/Source/system_efr32zg23.o
                0x0000000008000738                SystemFSRCOClockGet
 .text.SystemHFRCOEM23ClockGet
                0x0000000008000740       0x84 vscode-build/obj/gecko_sdk_4.3.1/platform/Device/SiliconLabs/EFR32ZG23/Source/system_efr32zg23.o
                0x0000000008000740                SystemHFRCOEM23ClockGet
 .text.SystemLFXOClockGet
                0x00000000080007c4        0xc vscode-build/obj/gecko_sdk_4.3.1/platform/Device/SiliconLabs/EFR32ZG23/Source/system_efr32zg23.o
                0x00000000080007c4                SystemLFXOClockGet
 .text.sl_slist_push
                0x00000000080007d0       0x20 vscode-build/obj/gecko_sdk_4.3.1/platform/common/src/sl_slist.o
                0x00000000080007d0                sl_slist_push
 .text.sl_strcasecmp
                0x00000000080007f0       0x44 vscode-build/obj/gecko_sdk_4.3.1/platform/common/src/sl_string.o
                0x00000000080007f0                sl_strcasecmp
 .text._sbrk    0x0000000008000834       0x20 vscode-build/obj/gecko_sdk_4.3.1/platform/common/toolchain/src/sl_memory.o
                0x0000000008000834                _sbrk
 .text.sl_debug_swo_init
                0x0000000008000854       0xc0 vscode-build/obj/gecko_sdk_4.3.1/platform/driver/debug/src/sl_debug_swo.o
                0x0000000008000854                sl_debug_swo_init
 .text.sl_debug_swo_write_u8
                0x0000000008000914       0x44 vscode-build/obj/gecko_sdk_4.3.1/platform/driver/debug/src/sl_debug_swo.o
                0x0000000008000914                sl_debug_swo_write_u8
 .text.StartTransfer
                0x0000000008000958      0x17c vscode-build/obj/gecko_sdk_4.3.1/platform/emdrv/dmadrv/src/dmadrv.o
 .text.DMADRV_AllocateChannel
                0x0000000008000ad4       0x60 vscode-build/obj/gecko_sdk_4.3.1/platform/emdrv/dmadrv/src/dmadrv.o
                0x0000000008000ad4                DMADRV_AllocateChannel
 .text.DMADRV_DeInit
                0x0000000008000b34       0x44 vscode-build/obj/gecko_sdk_4.3.1/platform/emdrv/dmadrv/src/dmadrv.o
                0x0000000008000b34                DMADRV_DeInit
 .text.DMADRV_FreeChannel
                0x0000000008000b78       0x4c vscode-build/obj/gecko_sdk_4.3.1/platform/emdrv/dmadrv/src/dmadrv.o
                0x0000000008000b78                DMADRV_FreeChannel
 .text.DMADRV_Init
                0x0000000008000bc4       0x68 vscode-build/obj/gecko_sdk_4.3.1/platform/emdrv/dmadrv/src/dmadrv.o
                0x0000000008000bc4                DMADRV_Init
 .text.DMADRV_PauseTransfer
                0x0000000008000c2c       0x40 vscode-build/obj/gecko_sdk_4.3.1/platform/emdrv/dmadrv/src/dmadrv.o
                0x0000000008000c2c                DMADRV_PauseTransfer
 .text.DMADRV_ResumeTransfer
                0x0000000008000c6c       0x40 vscode-build/obj/gecko_sdk_4.3.1/platform/emdrv/dmadrv/src/dmadrv.o
                0x0000000008000c6c                DMADRV_ResumeTransfer
 .text.DMADRV_StopTransfer
                0x0000000008000cac       0x40 vscode-build/obj/gecko_sdk_4.3.1/platform/emdrv/dmadrv/src/dmadrv.o
                0x0000000008000cac                DMADRV_StopTransfer
 .text.DMADRV_TransferCompletePending
                0x0000000008000cec       0x50 vscode-build/obj/gecko_sdk_4.3.1/platform/emdrv/dmadrv/src/dmadrv.o
                0x0000000008000cec                DMADRV_TransferCompletePending
 .text.DMADRV_TransferDone
                0x0000000008000d3c       0x44 vscode-build/obj/gecko_sdk_4.3.1/platform/emdrv/dmadrv/src/dmadrv.o
                0x0000000008000d3c                DMADRV_TransferDone
 .text.LDMA_IRQHandler
                0x0000000008000d80       0x74 vscode-build/obj/gecko_sdk_4.3.1/platform/emdrv/dmadrv/src/dmadrv.o
                0x0000000008000d80                LDMA_IRQHandler
 .text.nvm3_initDefault
                0x0000000008000df4       0x14 vscode-build/obj/gecko_sdk_4.3.1/platform/emdrv/nvm3/src/nvm3_default_common_linker.o
                0x0000000008000df4                nvm3_initDefault
 .text.nvm3_halFlashWriteWords
                0x0000000008000e08       0x40 vscode-build/obj/gecko_sdk_4.3.1/platform/emdrv/nvm3/src/nvm3_hal_flash.o
 .text.nvm3_halFlashPageErase
                0x0000000008000e48       0x44 vscode-build/obj/gecko_sdk_4.3.1/platform/emdrv/nvm3/src/nvm3_hal_flash.o
 .text.nvm3_lockBegin
                0x0000000008000e8c       0x10 vscode-build/obj/gecko_sdk_4.3.1/platform/emdrv/nvm3/src/nvm3_lock.o
                0x0000000008000e8c                nvm3_lockBegin
 .text.nvm3_lockEnd
                0x0000000008000e9c        0xc vscode-build/obj/gecko_sdk_4.3.1/platform/emdrv/nvm3/src/nvm3_lock.o
                0x0000000008000e9c                nvm3_lockEnd
 .text.EMU_VScaleGet
                0x0000000008000ea8       0x18 vscode-build/obj/gecko_sdk_4.3.1/platform/emlib/src/em_cmu.o
 .text.em01GrpaClkGet
                0x0000000008000ec0       0x74 vscode-build/obj/gecko_sdk_4.3.1/platform/emlib/src/em_cmu.o
 .text.em01GrpcClkGet
                0x0000000008000f34       0x70 vscode-build/obj/gecko_sdk_4.3.1/platform/emlib/src/em_cmu.o
 .text.iadcClkGet
                0x0000000008000fa4       0x60 vscode-build/obj/gecko_sdk_4.3.1/platform/emlib/src/em_cmu.o
 .text.lesenseHFClkGet
                0x0000000008001004       0x48 vscode-build/obj/gecko_sdk_4.3.1/platform/emlib/src/em_cmu.o
 .text.eusart0ClkGet
                0x000000000800104c       0x74 vscode-build/obj/gecko_sdk_4.3.1/platform/emlib/src/em_cmu.o
 .text.em23GrpaClkGet
                0x00000000080010c0       0x48 vscode-build/obj/gecko_sdk_4.3.1/platform/emlib/src/em_cmu.o
 .text.vdac0ClkGet
                0x0000000008001108       0x70 vscode-build/obj/gecko_sdk_4.3.1/platform/emlib/src/em_cmu.o
 .text.pcnt0ClkGet
                0x0000000008001178       0x4c vscode-build/obj/gecko_sdk_4.3.1/platform/emlib/src/em_cmu.o
 .text.wdog0ClkGet
                0x00000000080011c4       0x64 vscode-build/obj/gecko_sdk_4.3.1/platform/emlib/src/em_cmu.o
 .text.wdog1ClkGet
                0x0000000008001228       0x64 vscode-build/obj/gecko_sdk_4.3.1/platform/emlib/src/em_cmu.o
 .text.sysrtcClkGet
                0x000000000800128c       0x48 vscode-build/obj/gecko_sdk_4.3.1/platform/emlib/src/em_cmu.o
 .text.lcdClkGet
                0x00000000080012d4       0x54 vscode-build/obj/gecko_sdk_4.3.1/platform/emlib/src/em_cmu.o
 .text.em4GrpaClkGet
                0x0000000008001328       0x48 vscode-build/obj/gecko_sdk_4.3.1/platform/emlib/src/em_cmu.o
 .text.CMU_ClockDivGet
                0x0000000008001370       0x84 vscode-build/obj/gecko_sdk_4.3.1/platform/emlib/src/em_cmu.o
                0x0000000008001370                CMU_ClockDivGet
 .text.flashWaitStateControl
                0x00000000080013f4       0x58 vscode-build/obj/gecko_sdk_4.3.1/platform/emlib/src/em_cmu.o
 .text.CMU_ClockEnable
                0x000000000800144c       0x58 vscode-build/obj/gecko_sdk_4.3.1/platform/emlib/src/em_cmu.o
                0x000000000800144c                CMU_ClockEnable
 .text.CMU_ClockFreqGet
                0x00000000080014a4      0x270 vscode-build/obj/gecko_sdk_4.3.1/platform/emlib/src/em_cmu.o
                0x00000000080014a4                CMU_ClockFreqGet
 .text.rhclkPrescOptimize
                0x0000000008001714       0x20 vscode-build/obj/gecko_sdk_4.3.1/platform/emlib/src/em_cmu.o
 .text.CMU_ClockSelectGet
                0x0000000008001734      0x268 vscode-build/obj/gecko_sdk_4.3.1/platform/emlib/src/em_cmu.o
                0x0000000008001734                CMU_ClockSelectGet
 .text.sli_em_cmu_HFXOSetForceEnable
                0x000000000800199c       0x1c vscode-build/obj/gecko_sdk_4.3.1/platform/emlib/src/em_cmu.o
                0x000000000800199c                sli_em_cmu_HFXOSetForceEnable
 .text.CMU_HFXOInit
                0x00000000080019b8      0x23c vscode-build/obj/gecko_sdk_4.3.1/platform/emlib/src/em_cmu.o
                0x00000000080019b8                CMU_HFXOInit
 .text.CMU_HFXOCTuneDeltaGet
                0x0000000008001bf4        0xc vscode-build/obj/gecko_sdk_4.3.1/platform/emlib/src/em_cmu.o
                0x0000000008001bf4                CMU_HFXOCTuneDeltaGet
 .text.CMU_LFXOInit
                0x0000000008001c00       0xc4 vscode-build/obj/gecko_sdk_4.3.1/platform/emlib/src/em_cmu.o
                0x0000000008001c00                CMU_LFXOInit
 .text.CMU_LFXOPrecisionSet
                0x0000000008001cc4        0xc vscode-build/obj/gecko_sdk_4.3.1/platform/emlib/src/em_cmu.o
                0x0000000008001cc4                CMU_LFXOPrecisionSet
 .text.CMU_HFXOPrecisionSet
                0x0000000008001cd0        0xc vscode-build/obj/gecko_sdk_4.3.1/platform/emlib/src/em_cmu.o
                0x0000000008001cd0                CMU_HFXOPrecisionSet
 .text.CMU_ClockDivSet
                0x0000000008001cdc      0x104 vscode-build/obj/gecko_sdk_4.3.1/platform/emlib/src/em_cmu.o
                0x0000000008001cdc                CMU_ClockDivSet
 .text.sli_em_cmu_SYSCLKInitPreClockSelect
                0x0000000008001de0       0x20 vscode-build/obj/gecko_sdk_4.3.1/platform/emlib/src/em_cmu.o
                0x0000000008001de0                sli_em_cmu_SYSCLKInitPreClockSelect
 .text.pclkDivOptimize
                0x0000000008001e00       0x24 vscode-build/obj/gecko_sdk_4.3.1/platform/emlib/src/em_cmu.o
 .text.EMU_DCDCSync
                0x0000000008001e24       0x10 vscode-build/obj/gecko_sdk_4.3.1/platform/emlib/src/em_emu.o
 .text.EMU_EM4Init
                0x0000000008001e34       0x14 vscode-build/obj/gecko_sdk_4.3.1/platform/emlib/src/em_emu.o
                0x0000000008001e34                EMU_EM4Init
 .text.EMU_VScaleEM01
                0x0000000008001e48       0xb0 vscode-build/obj/gecko_sdk_4.3.1/platform/emlib/src/em_emu.o
                0x0000000008001e48                EMU_VScaleEM01
 .text.EMU_VScaleEM01ByClock
                0x0000000008001ef8       0x30 vscode-build/obj/gecko_sdk_4.3.1/platform/emlib/src/em_emu.o
                0x0000000008001ef8                EMU_VScaleEM01ByClock
 .text.EMU_DCDCModeSet
                0x0000000008001f28       0xac vscode-build/obj/gecko_sdk_4.3.1/platform/emlib/src/em_emu.o
                0x0000000008001f28                EMU_DCDCModeSet
 .text.EMU_DCDCInit
                0x0000000008001fd4       0x70 vscode-build/obj/gecko_sdk_4.3.1/platform/emlib/src/em_emu.o
                0x0000000008001fd4                EMU_DCDCInit
 .text.EMU_DCDCSetPFMXModePeakCurrent
                0x0000000008002044       0x70 vscode-build/obj/gecko_sdk_4.3.1/platform/emlib/src/em_emu.o
                0x0000000008002044                EMU_DCDCSetPFMXModePeakCurrent
 .text.EUSART_Reset
                0x00000000080020b4       0x50 vscode-build/obj/gecko_sdk_4.3.1/platform/emlib/src/em_eusart.o
                0x00000000080020b4                EUSART_Reset
 .text.EUSART_Enable
                0x0000000008002104       0x74 vscode-build/obj/gecko_sdk_4.3.1/platform/emlib/src/em_eusart.o
                0x0000000008002104                EUSART_Enable
 .text.EUSART_BaudrateSet
                0x0000000008002178      0x1e4 vscode-build/obj/gecko_sdk_4.3.1/platform/emlib/src/em_eusart.o
                0x0000000008002178                EUSART_BaudrateSet
 .text.EUSART_AsyncInitCommon.constprop.0
                0x000000000800235c      0x1dc vscode-build/obj/gecko_sdk_4.3.1/platform/emlib/src/em_eusart.o
 .text.EUSART_UartInitLf
                0x0000000008002538       0xb4 vscode-build/obj/gecko_sdk_4.3.1/platform/emlib/src/em_eusart.o
                0x0000000008002538                EUSART_UartInitLf
 .text.EUSART_UartInitHf
                0x00000000080025ec       0x64 vscode-build/obj/gecko_sdk_4.3.1/platform/emlib/src/em_eusart.o
                0x00000000080025ec                EUSART_UartInitHf
 .text.GPIO_PinOutSet
                0x0000000008002650       0x50 vscode-build/obj/gecko_sdk_4.3.1/platform/emlib/src/em_gpio.o
 .text.GPIO_PinOutClear
                0x00000000080026a0       0x50 vscode-build/obj/gecko_sdk_4.3.1/platform/emlib/src/em_gpio.o
 .text.GPIO_PinModeSet
                0x00000000080026f0       0xa8 vscode-build/obj/gecko_sdk_4.3.1/platform/emlib/src/em_gpio.o
                0x00000000080026f0                GPIO_PinModeSet
 .text.LDMA_DeInit
                0x0000000008002798       0x3c vscode-build/obj/gecko_sdk_4.3.1/platform/emlib/src/em_ldma.o
                0x0000000008002798                LDMA_DeInit
 .text.LDMA_EnableChannelRequest
                0x00000000080027d4       0x44 vscode-build/obj/gecko_sdk_4.3.1/platform/emlib/src/em_ldma.o
                0x00000000080027d4                LDMA_EnableChannelRequest
 .text.LDMA_Init
                0x0000000008002818       0x94 vscode-build/obj/gecko_sdk_4.3.1/platform/emlib/src/em_ldma.o
                0x0000000008002818                LDMA_Init
 .text.LDMA_StartTransfer
                0x00000000080028ac      0x104 vscode-build/obj/gecko_sdk_4.3.1/platform/emlib/src/em_ldma.o
                0x00000000080028ac                LDMA_StartTransfer
 .text.LDMA_StopTransfer
                0x00000000080029b0       0x38 vscode-build/obj/gecko_sdk_4.3.1/platform/emlib/src/em_ldma.o
                0x00000000080029b0                LDMA_StopTransfer
 .text.LDMA_TransferDone
                0x00000000080029e8       0x44 vscode-build/obj/gecko_sdk_4.3.1/platform/emlib/src/em_ldma.o
                0x00000000080029e8                LDMA_TransferDone
 .text.MSC_Init
                0x0000000008002a2c       0x20 vscode-build/obj/gecko_sdk_4.3.1/platform/emlib/src/em_msc.o
                0x0000000008002a2c                MSC_Init
 .text.MSC_Deinit
                0x0000000008002a4c       0x24 vscode-build/obj/gecko_sdk_4.3.1/platform/emlib/src/em_msc.o
                0x0000000008002a4c                MSC_Deinit
 .text.SYSTEM_ChipRevisionGet
                0x0000000008002a70       0x24 vscode-build/obj/gecko_sdk_4.3.1/platform/emlib/src/em_system.o
                0x0000000008002a70                SYSTEM_ChipRevisionGet
 .text.SYSTEM_GetFlashPageSize
                0x0000000008002a94       0x14 vscode-build/obj/gecko_sdk_4.3.1/platform/emlib/src/em_system.o
                0x0000000008002a94                SYSTEM_GetFlashPageSize
 .text.USART_BaudrateSyncSet
                0x0000000008002aa8       0x48 vscode-build/obj/gecko_sdk_4.3.1/platform/emlib/src/em_usart.o
                0x0000000008002aa8                USART_BaudrateSyncSet
 .text.USART_Reset
                0x0000000008002af0       0x58 vscode-build/obj/gecko_sdk_4.3.1/platform/emlib/src/em_usart.o
                0x0000000008002af0                USART_Reset
 .text.USART_InitSync
                0x0000000008002b48       0xc0 vscode-build/obj/gecko_sdk_4.3.1/platform/emlib/src/em_usart.o
                0x0000000008002b48                USART_InitSync
 .text.sl_cli_clear
                0x0000000008002c08       0x34 vscode-build/obj/gecko_sdk_4.3.1/platform/service/cli/src/sl_cli.o
                0x0000000008002c08                sl_cli_clear
 .text.sl_cli_handle_input
                0x0000000008002c3c       0x40 vscode-build/obj/gecko_sdk_4.3.1/platform/service/cli/src/sl_cli.o
                0x0000000008002c3c                sl_cli_handle_input
 .text.sli_cli_tick
                0x0000000008002c7c       0x88 vscode-build/obj/gecko_sdk_4.3.1/platform/service/cli/src/sl_cli.o
                0x0000000008002c7c                sli_cli_tick
 .text.sli_cli_arguments_validate_uint
                0x0000000008002d04       0xcc vscode-build/obj/gecko_sdk_4.3.1/platform/service/cli/src/sl_cli_arguments.o
                0x0000000008002d04                sli_cli_arguments_validate_uint
 .text.sli_cli_arguments_validate_hex_string
                0x0000000008002dd0       0x40 vscode-build/obj/gecko_sdk_4.3.1/platform/service/cli/src/sl_cli_arguments.o
                0x0000000008002dd0                sli_cli_arguments_validate_hex_string
 .text.print_and_pad
                0x0000000008002e10       0x28 vscode-build/obj/gecko_sdk_4.3.1/platform/service/cli/src/sl_cli_command.o
 .text.cmd_help_command
                0x0000000008002e38      0x1b4 vscode-build/obj/gecko_sdk_4.3.1/platform/service/cli/src/sl_cli_command.o
 .text.sl_cli_command_find_matches
                0x0000000008002fec      0x1c0 vscode-build/obj/gecko_sdk_4.3.1/platform/service/cli/src/sl_cli_command.o
                0x0000000008002fec                sl_cli_command_find_matches
 .text.sl_cli_command_find
                0x00000000080031ac       0x74 vscode-build/obj/gecko_sdk_4.3.1/platform/service/cli/src/sl_cli_command.o
                0x00000000080031ac                sl_cli_command_find
 .text.sl_cli_input_autocomplete
                0x0000000008003220      0x1f8 vscode-build/obj/gecko_sdk_4.3.1/platform/service/cli/src/sl_cli_input.o
                0x0000000008003220                sl_cli_input_autocomplete
 .text.sl_cli_input_char
                0x0000000008003418      0x1d0 vscode-build/obj/gecko_sdk_4.3.1/platform/service/cli/src/sl_cli_input.o
                0x0000000008003418                sl_cli_input_char
 .text.sl_device_init_dcdc
                0x00000000080035e8       0x2c vscode-build/obj/gecko_sdk_4.3.1/platform/service/device_init/src/sl_device_init_dcdc_s2.o
                0x00000000080035e8                sl_device_init_dcdc
 .text.sl_device_init_emu
                0x0000000008003614       0x24 vscode-build/obj/gecko_sdk_4.3.1/platform/service/device_init/src/sl_device_init_emu_s2.o
                0x0000000008003614                sl_device_init_emu
 .text.sl_device_init_hfxo
                0x0000000008003638       0x74 vscode-build/obj/gecko_sdk_4.3.1/platform/service/device_init/src/sl_device_init_hfxo_s2.o
                0x0000000008003638                sl_device_init_hfxo
 .text.sl_device_init_lfxo
                0x00000000080036ac       0x28 vscode-build/obj/gecko_sdk_4.3.1/platform/service/device_init/src/sl_device_init_lfxo_s2.o
                0x00000000080036ac                sl_device_init_lfxo
 .text.sl_device_init_nvic
                0x00000000080036d4       0x3c vscode-build/obj/gecko_sdk_4.3.1/platform/service/device_init/src/sl_device_init_nvic.o
                0x00000000080036d4                sl_device_init_nvic
 .text.sl_iostream_set_default
                0x0000000008003710       0x18 vscode-build/obj/gecko_sdk_4.3.1/platform/service/iostream/src/sl_iostream.o
                0x0000000008003710                sl_iostream_set_default
 .text.sl_iostream_get_default
                0x0000000008003728       0x18 vscode-build/obj/gecko_sdk_4.3.1/platform/service/iostream/src/sl_iostream.o
                0x0000000008003728                sl_iostream_get_default
 .text.sl_iostream_eusart_init
                0x0000000008003740      0x230 vscode-build/obj/gecko_sdk_4.3.1/platform/service/iostream/src/sl_iostream_eusart.o
                0x0000000008003740                sl_iostream_eusart_init
 .text._write   0x0000000008003970       0x1c vscode-build/obj/gecko_sdk_4.3.1/platform/service/iostream/src/sl_iostream_retarget_stdio.o
                0x0000000008003970                _write
 .text.sl_iostream_stdlib_disable_buffering
                0x000000000800398c       0x14 vscode-build/obj/gecko_sdk_4.3.1/platform/service/iostream/src/sl_iostream_stdlib_config.o
                0x000000000800398c                sl_iostream_stdlib_disable_buffering
 .text.get_write_ptr
                0x00000000080039a0       0x40 vscode-build/obj/gecko_sdk_4.3.1/platform/service/iostream/src/sl_iostream_uart.o
 .text.dma_irq_handler
                0x00000000080039e0       0x74 vscode-build/obj/gecko_sdk_4.3.1/platform/service/iostream/src/sl_iostream_uart.o
 .text.uart_read
                0x0000000008003a54      0x1f0 vscode-build/obj/gecko_sdk_4.3.1/platform/service/iostream/src/sl_iostream_uart.o
 .text.uart_deinit
                0x0000000008003c44       0x98 vscode-build/obj/gecko_sdk_4.3.1/platform/service/iostream/src/sl_iostream_uart.o
 .text.uart_write
                0x0000000008003cdc       0xc0 vscode-build/obj/gecko_sdk_4.3.1/platform/service/iostream/src/sl_iostream_uart.o
 .text.sli_iostream_uart_context_init
                0x0000000008003d9c       0xf8 vscode-build/obj/gecko_sdk_4.3.1/platform/service/iostream/src/sl_iostream_uart.o
                0x0000000008003d9c                sli_iostream_uart_context_init
 .text.sl_udelay_wait
                0x0000000008003e94       0x58 vscode-build/obj/gecko_sdk_4.3.1/platform/service/udelay/src/sl_udelay.o
                0x0000000008003e94                sl_udelay_wait
 .text.initialise_counters
                0x0000000008003eec       0x48 vscode-build/obj/nvm3_app.o
 .text.nvm3_app_write
                0x0000000008003f34       0x78 vscode-build/obj/nvm3_app.o
                0x0000000008003f34                nvm3_app_write
 .text.nvm3_app_delete
                0x0000000008003fac       0x58 vscode-build/obj/nvm3_app.o
                0x0000000008003fac                nvm3_app_delete
 .text.nvm3_app_read
                0x0000000008004004       0x84 vscode-build/obj/nvm3_app.o
                0x0000000008004004                nvm3_app_read
 .text.nvm3_app_display
                0x0000000008004088      0x12c vscode-build/obj/nvm3_app.o
                0x0000000008004088                nvm3_app_display
 .text.nvm3_app_reset
                0x00000000080041b4       0x20 vscode-build/obj/nvm3_app.o
                0x00000000080041b4                nvm3_app_reset
 .text.nvm3_app_init
                0x00000000080041d4       0x34 vscode-build/obj/nvm3_app.o
                0x00000000080041d4                nvm3_app_init
 .text.nvm3_app_process_action
                0x0000000008004208       0x28 vscode-build/obj/nvm3_app.o
                0x0000000008004208                nvm3_app_process_action
 .text          0x0000000008004230       0x30 /Applications/Simplicity Studio.app/Contents/Eclipse/developer/toolchains/gnu_arm/10.3_2021.10/bin/../lib/gcc/arm-none-eabi/10.3.1/thumb/v8-m.main+fp/hard/libgcc.a(_aeabi_uldivmod.o)
                0x0000000008004230                __aeabi_uldivmod
 .text          0x0000000008004260      0x2ec /Applications/Simplicity Studio.app/Contents/Eclipse/developer/toolchains/gnu_arm/10.3_2021.10/bin/../lib/gcc/arm-none-eabi/10.3.1/thumb/v8-m.main+fp/hard/libgcc.a(_udivmoddi4.o)
                0x0000000008004260                __udivmoddi4
 .text          0x000000000800454c        0x4 /Applications/Simplicity Studio.app/Contents/Eclipse/developer/toolchains/gnu_arm/10.3_2021.10/bin/../lib/gcc/arm-none-eabi/10.3.1/thumb/v8-m.main+fp/hard/libgcc.a(_dvmd_tls.o)
                0x000000000800454c                __aeabi_ldiv0
                0x000000000800454c                __aeabi_idiv0
 .text.exit     0x0000000008004550       0x28 /Applications/Simplicity Studio.app/Contents/Eclipse/developer/toolchains/gnu_arm/10.3_2021.10/bin/../lib/gcc/arm-none-eabi/10.3.1/../../../../arm-none-eabi/lib/thumb/v8-m.main+fp/hard/libc_nano.a(lib_a-exit.o)
                0x0000000008004550                exit
 .text.__libc_init_array
                0x0000000008004578       0x48 /Applications/Simplicity Studio.app/Contents/Eclipse/developer/toolchains/gnu_arm/10.3_2021.10/bin/../lib/gcc/arm-none-eabi/10.3.1/../../../../arm-none-eabi/lib/thumb/v8-m.main+fp/hard/libc_nano.a(lib_a-init.o)
                0x0000000008004578                __libc_init_array
 .text.printf   0x00000000080045c0       0x30 /Applications/Simplicity Studio.app/Contents/Eclipse/developer/toolchains/gnu_arm/10.3_2021.10/bin/../lib/gcc/arm-none-eabi/10.3.1/../../../../arm-none-eabi/lib/thumb/v8-m.main+fp/hard/libc_nano.a(lib_a-printf.o)
                0x00000000080045c0                printf
                0x00000000080045c0                iprintf
 .text._puts_r  0x00000000080045f0       0xdc /Applications/Simplicity Studio.app/Contents/Eclipse/developer/toolchains/gnu_arm/10.3_2021.10/bin/../lib/gcc/arm-none-eabi/10.3.1/../../../../arm-none-eabi/lib/thumb/v8-m.main+fp/hard/libc_nano.a(lib_a-puts.o)
                0x00000000080045f0                _puts_r
 .text.puts     0x00000000080046cc       0x10 /Applications/Simplicity Studio.app/Contents/Eclipse/developer/toolchains/gnu_arm/10.3_2021.10/bin/../lib/gcc/arm-none-eabi/10.3.1/../../../../arm-none-eabi/lib/thumb/v8-m.main+fp/hard/libc_nano.a(lib_a-puts.o)
                0x00000000080046cc                puts
 .text.setvbuf  0x00000000080046dc      0x188 /Applications/Simplicity Studio.app/Contents/Eclipse/developer/toolchains/gnu_arm/10.3_2021.10/bin/../lib/gcc/arm-none-eabi/10.3.1/../../../../arm-none-eabi/lib/thumb/v8-m.main+fp/hard/libc_nano.a(lib_a-setvbuf.o)
                0x00000000080046dc                setvbuf
 .text._strtol_l.constprop.0
                0x0000000008004864      0x104 /Applications/Simplicity Studio.app/Contents/Eclipse/developer/toolchains/gnu_arm/10.3_2021.10/bin/../lib/gcc/arm-none-eabi/10.3.1/../../../../arm-none-eabi/lib/thumb/v8-m.main+fp/hard/libc_nano.a(lib_a-strtol.o)
 .text.strtol   0x0000000008004968       0x14 /Applications/Simplicity Studio.app/Contents/Eclipse/developer/toolchains/gnu_arm/10.3_2021.10/bin/../lib/gcc/arm-none-eabi/10.3.1/../../../../arm-none-eabi/lib/thumb/v8-m.main+fp/hard/libc_nano.a(lib_a-strtol.o)
                0x0000000008004968                strtol
 .text._strtoll_l.constprop.0
                0x000000000800497c      0x12c /Applications/Simplicity Studio.app/Contents/Eclipse/developer/toolchains/gnu_arm/10.3_2021.10/bin/../lib/gcc/arm-none-eabi/10.3.1/../../../../arm-none-eabi/lib/thumb/v8-m.main+fp/hard/libc_nano.a(lib_a-strtoll.o)
 .text.strtoll  0x0000000008004aa8       0x14 /Applications/Simplicity Studio.app/Contents/Eclipse/developer/toolchains/gnu_arm/10.3_2021.10/bin/../lib/gcc/arm-none-eabi/10.3.1/../../../../arm-none-eabi/lib/thumb/v8-m.main+fp/hard/libc_nano.a(lib_a-strtoll.o)
                0x0000000008004aa8                strtoll
 .text._strtoul_l.constprop.0
                0x0000000008004abc       0xe4 /Applications/Simplicity Studio.app/Contents/Eclipse/developer/toolchains/gnu_arm/10.3_2021.10/bin/../lib/gcc/arm-none-eabi/10.3.1/../../../../arm-none-eabi/lib/thumb/v8-m.main+fp/hard/libc_nano.a(lib_a-strtoul.o)
 .text.strtoul  0x0000000008004ba0       0x14 /Applications/Simplicity Studio.app/Contents/Eclipse/developer/toolchains/gnu_arm/10.3_2021.10/bin/../lib/gcc/arm-none-eabi/10.3.1/../../../../arm-none-eabi/lib/thumb/v8-m.main+fp/hard/libc_nano.a(lib_a-strtoul.o)
                0x0000000008004ba0                strtoul
 .text.vprintf  0x0000000008004bb4       0x30 /Applications/Simplicity Studio.app/Contents/Eclipse/developer/toolchains/gnu_arm/10.3_2021.10/bin/../lib/gcc/arm-none-eabi/10.3.1/../../../../arm-none-eabi/lib/thumb/v8-m.main+fp/hard/libc_nano.a(lib_a-vprintf.o)
                0x0000000008004bb4                vprintf
                0x0000000008004bb4                viprintf
 .text.__swbuf_r
                0x0000000008004be4       0xa4 /Applications/Simplicity Studio.app/Contents/Eclipse/developer/toolchains/gnu_arm/10.3_2021.10/bin/../lib/gcc/arm-none-eabi/10.3.1/../../../../arm-none-eabi/lib/thumb/v8-m.main+fp/hard/libc_nano.a(lib_a-wbuf.o)
                0x0000000008004be4                __swbuf_r
 .text.__swsetup_r
                0x0000000008004c88       0xdc /Applications/Simplicity Studio.app/Contents/Eclipse/developer/toolchains/gnu_arm/10.3_2021.10/bin/../lib/gcc/arm-none-eabi/10.3.1/../../../../arm-none-eabi/lib/thumb/v8-m.main+fp/hard/libc_nano.a(lib_a-wsetup.o)
                0x0000000008004c88                __swsetup_r
 .text.__errno  0x0000000008004d64        0xc /Applications/Simplicity Studio.app/Contents/Eclipse/developer/toolchains/gnu_arm/10.3_2021.10/bin/../lib/gcc/arm-none-eabi/10.3.1/../../../../arm-none-eabi/lib/thumb/v8-m.main+fp/hard/libc_nano.a(lib_a-errno.o)
                0x0000000008004d64                __errno
 .text.__sflush_r
                0x0000000008004d70      0x108 /Applications/Simplicity Studio.app/Contents/Eclipse/developer/toolchains/gnu_arm/10.3_2021.10/bin/../lib/gcc/arm-none-eabi/10.3.1/../../../../arm-none-eabi/lib/thumb/v8-m.main+fp/hard/libc_nano.a(lib_a-fflush.o)
                0x0000000008004d70                __sflush_r
 .text._fflush_r
                0x0000000008004e78       0x78 /Applications/Simplicity Studio.app/Contents/Eclipse/developer/toolchains/gnu_arm/10.3_2021.10/bin/../lib/gcc/arm-none-eabi/10.3.1/../../../../arm-none-eabi/lib/thumb/v8-m.main+fp/hard/libc_nano.a(lib_a-fflush.o)
                0x0000000008004e78                _fflush_r
 .text.std      0x0000000008004ef0       0x48 /Applications/Simplicity Studio.app/Contents/Eclipse/developer/toolchains/gnu_arm/10.3_2021.10/bin/../lib/gcc/arm-none-eabi/10.3.1/../../../../arm-none-eabi/lib/thumb/v8-m.main+fp/hard/libc_nano.a(lib_a-findfp.o)
 .text._cleanup_r
                0x0000000008004f38        0xc /Applications/Simplicity Studio.app/Contents/Eclipse/developer/toolchains/gnu_arm/10.3_2021.10/bin/../lib/gcc/arm-none-eabi/10.3.1/../../../../arm-none-eabi/lib/thumb/v8-m.main+fp/hard/libc_nano.a(lib_a-findfp.o)
                0x0000000008004f38                _cleanup_r
 .text.__sfp_lock_acquire
                0x0000000008004f44        0xc /Applications/Simplicity Studio.app/Contents/Eclipse/developer/toolchains/gnu_arm/10.3_2021.10/bin/../lib/gcc/arm-none-eabi/10.3.1/../../../../arm-none-eabi/lib/thumb/v8-m.main+fp/hard/libc_nano.a(lib_a-findfp.o)
                0x0000000008004f44                __sfp_lock_acquire
 .text.__sfp_lock_release
                0x0000000008004f50        0xc /Applications/Simplicity Studio.app/Contents/Eclipse/developer/toolchains/gnu_arm/10.3_2021.10/bin/../lib/gcc/arm-none-eabi/10.3.1/../../../../arm-none-eabi/lib/thumb/v8-m.main+fp/hard/libc_nano.a(lib_a-findfp.o)
                0x0000000008004f50                __sfp_lock_release
 .text.__sinit_lock_acquire
                0x0000000008004f5c        0xc /Applications/Simplicity Studio.app/Contents/Eclipse/developer/toolchains/gnu_arm/10.3_2021.10/bin/../lib/gcc/arm-none-eabi/10.3.1/../../../../arm-none-eabi/lib/thumb/v8-m.main+fp/hard/libc_nano.a(lib_a-findfp.o)
                0x0000000008004f5c                __sinit_lock_acquire
 .text.__sinit_lock_release
                0x0000000008004f68        0xc /Applications/Simplicity Studio.app/Contents/Eclipse/developer/toolchains/gnu_arm/10.3_2021.10/bin/../lib/gcc/arm-none-eabi/10.3.1/../../../../arm-none-eabi/lib/thumb/v8-m.main+fp/hard/libc_nano.a(lib_a-findfp.o)
                0x0000000008004f68                __sinit_lock_release
 .text.__sinit  0x0000000008004f74       0x70 /Applications/Simplicity Studio.app/Contents/Eclipse/developer/toolchains/gnu_arm/10.3_2021.10/bin/../lib/gcc/arm-none-eabi/10.3.1/../../../../arm-none-eabi/lib/thumb/v8-m.main+fp/hard/libc_nano.a(lib_a-findfp.o)
                0x0000000008004f74                __sinit
 .text.__sfp    0x0000000008004fe4       0x8c /Applications/Simplicity Studio.app/Contents/Eclipse/developer/toolchains/gnu_arm/10.3_2021.10/bin/../lib/gcc/arm-none-eabi/10.3.1/../../../../arm-none-eabi/lib/thumb/v8-m.main+fp/hard/libc_nano.a(lib_a-findfp.o)
                0x0000000008004fe4                __sfp
 .text.__smakebuf_r
                0x0000000008005070       0x80 /Applications/Simplicity Studio.app/Contents/Eclipse/developer/toolchains/gnu_arm/10.3_2021.10/bin/../lib/gcc/arm-none-eabi/10.3.1/../../../../arm-none-eabi/lib/thumb/v8-m.main+fp/hard/libc_nano.a(lib_a-makebuf.o)
                0x0000000008005070                __smakebuf_r
 .text.malloc   0x00000000080050f0       0x10 /Applications/Simplicity Studio.app/Contents/Eclipse/developer/toolchains/gnu_arm/10.3_2021.10/bin/../lib/gcc/arm-none-eabi/10.3.1/../../../../arm-none-eabi/lib/thumb/v8-m.main+fp/hard/libc_nano.a(lib_a-malloc.o)
                0x00000000080050f0                malloc
 .text._free_r  0x0000000008005100       0x98 /Applications/Simplicity Studio.app/Contents/Eclipse/developer/toolchains/gnu_arm/10.3_2021.10/bin/../lib/gcc/arm-none-eabi/10.3.1/../../../../arm-none-eabi/lib/thumb/v8-m.main+fp/hard/libc_nano.a(lib_a-nano-freer.o)
                0x0000000008005100                _free_r
 .text.sbrk_aligned
                0x0000000008005198       0x40 /Applications/Simplicity Studio.app/Contents/Eclipse/developer/toolchains/gnu_arm/10.3_2021.10/bin/../lib/gcc/arm-none-eabi/10.3.1/../../../../arm-none-eabi/lib/thumb/v8-m.main+fp/hard/libc_nano.a(lib_a-nano-mallocr.o)
 .text._malloc_r
                0x00000000080051d8       0xe8 /Applications/Simplicity Studio.app/Contents/Eclipse/developer/toolchains/gnu_arm/10.3_2021.10/bin/../lib/gcc/arm-none-eabi/10.3.1/../../../../arm-none-eabi/lib/thumb/v8-m.main+fp/hard/libc_nano.a(lib_a-nano-mallocr.o)
                0x00000000080051d8                _malloc_r
 .text._vfprintf_r
                0x00000000080052c0      0x260 /Applications/Simplicity Studio.app/Contents/Eclipse/developer/toolchains/gnu_arm/10.3_2021.10/bin/../lib/gcc/arm-none-eabi/10.3.1/../../../../arm-none-eabi/lib/thumb/v8-m.main+fp/hard/libc_nano.a(lib_a-nano-vfprintf.o)
                0x00000000080052c0                _vfiprintf_r
                0x00000000080052c0                _vfprintf_r
 .text._printf_i
                0x0000000008005520      0x24c /Applications/Simplicity Studio.app/Contents/Eclipse/developer/toolchains/gnu_arm/10.3_2021.10/bin/../lib/gcc/arm-none-eabi/10.3.1/../../../../arm-none-eabi/lib/thumb/v8-m.main+fp/hard/libc_nano.a(lib_a-nano-vfprintf_i.o)
                0x0000000008005520                _printf_i
 .text._sbrk_r  0x000000000800576c       0x20 /Applications/Simplicity Studio.app/Contents/Eclipse/developer/toolchains/gnu_arm/10.3_2021.10/bin/../lib/gcc/arm-none-eabi/10.3.1/../../../../arm-none-eabi/lib/thumb/v8-m.main+fp/hard/libc_nano.a(lib_a-sbrkr.o)
                0x000000000800576c                _sbrk_r
 .text._write_r
                0x000000000800578c       0x24 /Applications/Simplicity Studio.app/Contents/Eclipse/developer/toolchains/gnu_arm/10.3_2021.10/bin/../lib/gcc/arm-none-eabi/10.3.1/../../../../arm-none-eabi/lib/thumb/v8-m.main+fp/hard/libc_nano.a(lib_a-writer.o)
                0x000000000800578c                _write_r
 .text._close_r
                0x00000000080057b0       0x20 /Applications/Simplicity Studio.app/Contents/Eclipse/developer/toolchains/gnu_arm/10.3_2021.10/bin/../lib/gcc/arm-none-eabi/10.3.1/../../../../arm-none-eabi/lib/thumb/v8-m.main+fp/hard/libc_nano.a(lib_a-closer.o)
                0x00000000080057b0                _close_r
 .text._fstat_r
                0x00000000080057d0       0x24 /Applications/Simplicity Studio.app/Contents/Eclipse/developer/toolchains/gnu_arm/10.3_2021.10/bin/../lib/gcc/arm-none-eabi/10.3.1/../../../../arm-none-eabi/lib/thumb/v8-m.main+fp/hard/libc_nano.a(lib_a-fstatr.o)
                0x00000000080057d0                _fstat_r
 .text._isatty_r
                0x00000000080057f4       0x20 /Applications/Simplicity Studio.app/Contents/Eclipse/developer/toolchains/gnu_arm/10.3_2021.10/bin/../lib/gcc/arm-none-eabi/10.3.1/../../../../arm-none-eabi/lib/thumb/v8-m.main+fp/hard/libc_nano.a(lib_a-isattyr.o)
                0x00000000080057f4                _isatty_r
 .text._lseek_r
                0x0000000008005814       0x24 /Applications/Simplicity Studio.app/Contents/Eclipse/developer/toolchains/gnu_arm/10.3_2021.10/bin/../lib/gcc/arm-none-eabi/10.3.1/../../../../arm-none-eabi/lib/thumb/v8-m.main+fp/hard/libc_nano.a(lib_a-lseekr.o)
                0x0000000008005814                _lseek_r
 .text.__malloc_lock
                0x0000000008005838        0xc /Applications/Simplicity Studio.app/Contents/Eclipse/developer/toolchains/gnu_arm/10.3_2021.10/bin/../lib/gcc/arm-none-eabi/10.3.1/../../../../arm-none-eabi/lib/thumb/v8-m.main+fp/hard/libc_nano.a(lib_a-mlock.o)
                0x0000000008005838                __malloc_lock
 .text.__malloc_unlock
                0x0000000008005844        0xc /Applications/Simplicity Studio.app/Contents/Eclipse/developer/toolchains/gnu_arm/10.3_2021.10/bin/../lib/gcc/arm-none-eabi/10.3.1/../../../../arm-none-eabi/lib/thumb/v8-m.main+fp/hard/libc_nano.a(lib_a-mlock.o)
                0x0000000008005844                __malloc_unlock
 .text._read_r  0x0000000008005850       0x24 /Applications/Simplicity Studio.app/Contents/Eclipse/developer/toolchains/gnu_arm/10.3_2021.10/bin/../lib/gcc/arm-none-eabi/10.3.1/../../../../arm-none-eabi/lib/thumb/v8-m.main+fp/hard/libc_nano.a(lib_a-readr.o)
                0x0000000008005850                _read_r
 .text.validateObjFragments
                0x0000000008005874      0x238 gecko_sdk_4.3.1/platform/emdrv/nvm3/lib/libnvm3_CM33_gcc.a(nvm3.o)
 .text.findObj  0x0000000008005aac      0x170 gecko_sdk_4.3.1/platform/emdrv/nvm3/lib/libnvm3_CM33_gcc.a(nvm3.o)
 .text.fifoScan
                0x0000000008005c1c       0x74 gecko_sdk_4.3.1/platform/emdrv/nvm3/lib/libnvm3_CM33_gcc.a(nvm3.o)
 .text.repackWorker
                0x0000000008005c90      0x154 gecko_sdk_4.3.1/platform/emdrv/nvm3/lib/libnvm3_CM33_gcc.a(nvm3.o)
 .text.enumScanFifoCallback
                0x0000000008005de4       0x6c gecko_sdk_4.3.1/platform/emdrv/nvm3/lib/libnvm3_CM33_gcc.a(nvm3.o)
 .text.fifoReadObj.constprop.0
                0x0000000008005e50      0x168 gecko_sdk_4.3.1/platform/emdrv/nvm3/lib/libnvm3_CM33_gcc.a(nvm3.o)
 .text.enumObjects
                0x0000000008005fb8       0x78 gecko_sdk_4.3.1/platform/emdrv/nvm3/lib/libnvm3_CM33_gcc.a(nvm3.o)
 .text.counterIncFldSet.constprop.0
                0x0000000008006030       0x64 gecko_sdk_4.3.1/platform/emdrv/nvm3/lib/libnvm3_CM33_gcc.a(nvm3.o)
 .text.fifoWriteObj
                0x0000000008006094      0x428 gecko_sdk_4.3.1/platform/emdrv/nvm3/lib/libnvm3_CM33_gcc.a(nvm3.o)
 .text.fifoWriteWrapper
                0x00000000080064bc       0xa8 gecko_sdk_4.3.1/platform/emdrv/nvm3/lib/libnvm3_CM33_gcc.a(nvm3.o)
 .text.fifoUpdateCounter.constprop.0
                0x0000000008006564      0x188 gecko_sdk_4.3.1/platform/emdrv/nvm3/lib/libnvm3_CM33_gcc.a(nvm3.o)
 .text.repackFirstPageCallback
                0x00000000080066ec       0x84 gecko_sdk_4.3.1/platform/emdrv/nvm3/lib/libnvm3_CM33_gcc.a(nvm3.o)
 .text.repackFirstPageScanCacheCallback
                0x0000000008006770       0xb0 gecko_sdk_4.3.1/platform/emdrv/nvm3/lib/libnvm3_CM33_gcc.a(nvm3.o)
 .text.initialize
                0x0000000008006820      0x280 gecko_sdk_4.3.1/platform/emdrv/nvm3/lib/libnvm3_CM33_gcc.a(nvm3.o)
 .text.nvm3_open
                0x0000000008006aa0      0x1ac gecko_sdk_4.3.1/platform/emdrv/nvm3/lib/libnvm3_CM33_gcc.a(nvm3.o)
                0x0000000008006aa0                nvm3_open
 .text.nvm3_writeData
                0x0000000008006c4c       0x94 gecko_sdk_4.3.1/platform/emdrv/nvm3/lib/libnvm3_CM33_gcc.a(nvm3.o)
                0x0000000008006c4c                nvm3_writeData
 .text.nvm3_readData
                0x0000000008006ce0       0x9c gecko_sdk_4.3.1/platform/emdrv/nvm3/lib/libnvm3_CM33_gcc.a(nvm3.o)
                0x0000000008006ce0                nvm3_readData
 .text.nvm3_writeCounter
                0x0000000008006d7c       0x98 gecko_sdk_4.3.1/platform/emdrv/nvm3/lib/libnvm3_CM33_gcc.a(nvm3.o)
                0x0000000008006d7c                nvm3_writeCounter
 .text.nvm3_readCounter
                0x0000000008006e14       0x80 gecko_sdk_4.3.1/platform/emdrv/nvm3/lib/libnvm3_CM33_gcc.a(nvm3.o)
                0x0000000008006e14                nvm3_readCounter
 .text.nvm3_incrementCounter
                0x0000000008006e94       0x8c gecko_sdk_4.3.1/platform/emdrv/nvm3/lib/libnvm3_CM33_gcc.a(nvm3.o)
                0x0000000008006e94                nvm3_incrementCounter
 .text.nvm3_getObjectInfo
                0x0000000008006f20       0x8c gecko_sdk_4.3.1/platform/emdrv/nvm3/lib/libnvm3_CM33_gcc.a(nvm3.o)
                0x0000000008006f20                nvm3_getObjectInfo
 .text.nvm3_deleteObject
                0x0000000008006fac       0x78 gecko_sdk_4.3.1/platform/emdrv/nvm3/lib/libnvm3_CM33_gcc.a(nvm3.o)
                0x0000000008006fac                nvm3_deleteObject
 .text.nvm3_eraseAll
                0x0000000008007024       0x40 gecko_sdk_4.3.1/platform/emdrv/nvm3/lib/libnvm3_CM33_gcc.a(nvm3.o)
                0x0000000008007024                nvm3_eraseAll
 .text.nvm3_repack
                0x0000000008007064       0x4c gecko_sdk_4.3.1/platform/emdrv/nvm3/lib/libnvm3_CM33_gcc.a(nvm3.o)
                0x0000000008007064                nvm3_repack
 .text.nvm3_cacheSet
                0x00000000080070b0       0xa0 gecko_sdk_4.3.1/platform/emdrv/nvm3/lib/libnvm3_CM33_gcc.a(nvm3_cache.o)
                0x00000000080070b0                nvm3_cacheSet
 .text.nvm3_cacheScan
                0x0000000008007150       0x44 gecko_sdk_4.3.1/platform/emdrv/nvm3/lib/libnvm3_CM33_gcc.a(nvm3_cache.o)
                0x0000000008007150                nvm3_cacheScan
 .text.nvm3_objHdrInit
                0x0000000008007194       0x98 gecko_sdk_4.3.1/platform/emdrv/nvm3/lib/libnvm3_CM33_gcc.a(nvm3_object.o)
                0x0000000008007194                nvm3_objHdrInit
 .text.nvm3_objInit
                0x000000000800722c       0x2c gecko_sdk_4.3.1/platform/emdrv/nvm3/lib/libnvm3_CM33_gcc.a(nvm3_object.o)
                0x000000000800722c                nvm3_objInit
 .text.nvm3_objTypeToGroup
                0x0000000008007258       0x10 gecko_sdk_4.3.1/platform/emdrv/nvm3/lib/libnvm3_CM33_gcc.a(nvm3_object.o)
                0x0000000008007258                nvm3_objTypeToGroup
 .text.nvm3_pageHeaderWrite
                0x0000000008007268       0xec gecko_sdk_4.3.1/platform/emdrv/nvm3/lib/libnvm3_CM33_gcc.a(nvm3_page.o)
                0x0000000008007268                nvm3_pageHeaderWrite
 .text.app_init
                0x0000000008007354        0x4 vscode-build/obj/app.o
                0x0000000008007354                app_init
 .text.app_process_action
                0x0000000008007358        0x4 vscode-build/obj/app.o
                0x0000000008007358                app_process_action
 .text.sl_board_default_init
                0x000000000800735c        0x4 vscode-build/obj/autogen/sl_board_default_init.o
                0x000000000800735c                sl_board_default_init
 .text.sl_driver_init
                0x0000000008007360        0xe vscode-build/obj/autogen/sl_event_handler.o
                0x0000000008007360                sl_driver_init
 .text.sl_service_init
                0x000000000800736e       0x16 vscode-build/obj/autogen/sl_event_handler.o
                0x000000000800736e                sl_service_init
 .text.sl_stack_init
                0x0000000008007384        0x2 vscode-build/obj/autogen/sl_event_handler.o
                0x0000000008007384                sl_stack_init
 .text.sl_internal_app_init
                0x0000000008007386        0x2 vscode-build/obj/autogen/sl_event_handler.o
                0x0000000008007386                sl_internal_app_init
 .text.sl_platform_process_action
                0x0000000008007388        0x2 vscode-build/obj/autogen/sl_event_handler.o
                0x0000000008007388                sl_platform_process_action
 .text.sl_service_process_action
                0x000000000800738a        0x4 vscode-build/obj/autogen/sl_event_handler.o
                0x000000000800738a                sl_service_process_action
 .text.sl_stack_process_action
                0x000000000800738e        0x2 vscode-build/obj/autogen/sl_event_handler.o
                0x000000000800738e                sl_stack_process_action
 .text.sl_internal_app_process_action
                0x0000000008007390        0x2 vscode-build/obj/autogen/sl_event_handler.o
                0x0000000008007390                sl_internal_app_process_action
 .text.sl_iostream_eusart_init_instances
                0x0000000008007392        0x4 vscode-build/obj/autogen/sl_iostream_init_eusart_instances.o
                0x0000000008007392                sl_iostream_eusart_init_instances
 .text.EUSART0_TX_IRQHandler
                0x0000000008007396        0x4 vscode-build/obj/autogen/sl_iostream_init_eusart_instances.o
                0x0000000008007396                EUSART0_TX_IRQHandler
 .text.sl_board_enable_vcom
                0x000000000800739a       0x12 vscode-build/obj/gecko_sdk_4.3.1/hardware/board/src/sl_board_control_gpio.o
                0x000000000800739a                sl_board_enable_vcom
 .text.sl_board_configure_vcom
                0x00000000080073ac        0x4 vscode-build/obj/gecko_sdk_4.3.1/hardware/board/src/sl_board_control_gpio.o
                0x00000000080073ac                sl_board_configure_vcom
 .text.sl_board_disable_vcom
                0x00000000080073b0       0x12 vscode-build/obj/gecko_sdk_4.3.1/hardware/board/src/sl_board_control_gpio.o
                0x00000000080073b0                sl_board_disable_vcom
 .text.sl_board_init
                0x00000000080073c2       0x16 vscode-build/obj/gecko_sdk_4.3.1/hardware/board/src/sl_board_init.o
                0x00000000080073c2                sl_board_init
 .text.sl_board_preinit
                0x00000000080073d8        0x8 vscode-build/obj/gecko_sdk_4.3.1/hardware/board/src/sl_board_init.o
                0x00000000080073d8                sl_board_preinit
 .text.sli_cos_swo_itm_8_write.constprop.0.isra.0
                0x00000000080073e0       0x60 vscode-build/obj/gecko_sdk_4.3.1/hardware/driver/configuration_over_swo/src/sl_cos.o
 .text.sl_cos_send_config
                0x0000000008007440       0x12 vscode-build/obj/gecko_sdk_4.3.1/hardware/driver/configuration_over_swo/src/sl_cos.o
                0x0000000008007440                sl_cos_send_config
 .text.sl_cos_config_vcom
                0x0000000008007452       0x1e vscode-build/obj/gecko_sdk_4.3.1/hardware/driver/configuration_over_swo/src/sl_cos.o
                0x0000000008007452                sl_cos_config_vcom
 .text.Default_Handler
                0x0000000008007470        0x2 vscode-build/obj/gecko_sdk_4.3.1/platform/Device/SiliconLabs/EFR32ZG23/Source/startup_efr32zg23.o
                0x0000000008007470                SYSRTC_APP_IRQHandler
                0x0000000008007470                SW2_IRQHandler
                0x0000000008007470                TIMER2_IRQHandler
                0x0000000008007470                DebugMon_Handler
                0x0000000008007470                USART0_TX_IRQHandler
                0x0000000008007470                IADC_IRQHandler
                0x0000000008007470                I2C0_IRQHandler
                0x0000000008007470                LFXO_IRQHandler
                0x0000000008007470                VDAC_IRQHandler
                0x0000000008007470                HardFault_Handler
                0x0000000008007470                SMU_SECURE_IRQHandler
                0x0000000008007470                SysTick_Handler
                0x0000000008007470                SYSRTC_SEQ_IRQHandler
                0x0000000008007470                EMUEFP_IRQHandler
                0x0000000008007470                EUSART2_TX_IRQHandler
                0x0000000008007470                PendSV_Handler
                0x0000000008007470                NMI_Handler
                0x0000000008007470                SYNTH_IRQHandler
                0x0000000008007470                HOSTMAILBOX_IRQHandler
                0x0000000008007470                HFXO0_IRQHandler
                0x0000000008007470                I2C1_IRQHandler
                0x0000000008007470                WDOG0_IRQHandler
                0x0000000008007470                TIMER3_IRQHandler
                0x0000000008007470                SYSCFG_IRQHandler
                0x0000000008007470                RFECA1_IRQHandler
                0x0000000008007470                EMUDG_IRQHandler
                0x0000000008007470                MSC_IRQHandler
                0x0000000008007470                DPLL0_IRQHandler
                0x0000000008007470                UsageFault_Handler
                0x0000000008007470                WDOG1_IRQHandler
                0x0000000008007470                M33CTI1_IRQHandler
                0x0000000008007470                TIMER4_IRQHandler
                0x0000000008007470                GPIO_EVEN_IRQHandler
                0x0000000008007470                SEMBTX_IRQHandler
                0x0000000008007470                SW0_IRQHandler
                0x0000000008007470                TIMER0_IRQHandler
                0x0000000008007470                LCD_IRQHandler
                0x0000000008007470                LETIMER0_IRQHandler
                0x0000000008007470                EUSART1_RX_IRQHandler
                0x0000000008007470                TIMER1_IRQHandler
                0x0000000008007470                HFRCO0_IRQHandler
                0x0000000008007470                SecureFault_Handler
                0x0000000008007470                BUFC_IRQHandler
                0x0000000008007470                DCDC_IRQHandler
                0x0000000008007470                MODEM_IRQHandler
                0x0000000008007470                Default_Handler
                0x0000000008007470                RAC_SEQ_IRQHandler
                0x0000000008007470                FRC_PRI_IRQHandler
                0x0000000008007470                EMU_IRQHandler
                0x0000000008007470                SW3_IRQHandler
                0x0000000008007470                KERNEL0_IRQHandler
                0x0000000008007470                FRC_IRQHandler
                0x0000000008007470                PCNT0_IRQHandler
                0x0000000008007470                KERNEL1_IRQHandler
                0x0000000008007470                AGC_IRQHandler
                0x0000000008007470                EUSART1_TX_IRQHandler
                0x0000000008007470                KEYSCAN_IRQHandler
                0x0000000008007470                sl_app_properties
                0x0000000008007470                HFRCOEM23_IRQHandler
                0x0000000008007470                BURTC_IRQHandler
                0x0000000008007470                SEMBRX_IRQHandler
                0x0000000008007470                RFECA0_IRQHandler
                0x0000000008007470                LFRCO_IRQHandler
                0x0000000008007470                ACMP0_IRQHandler
                0x0000000008007470                USART0_RX_IRQHandler
                0x0000000008007470                MemManage_Handler
                0x0000000008007470                SVC_Handler
                0x0000000008007470                EUSART2_RX_IRQHandler
                0x0000000008007470                SMU_S_PRIVILEGED_IRQHandler
                0x0000000008007470                SW1_IRQHandler
                0x0000000008007470                CMU_IRQHandler
                0x0000000008007470                RAC_RSM_IRQHandler
                0x0000000008007470                SETAMPERHOST_IRQHandler
                0x0000000008007470                GPIO_ODD_IRQHandler
                0x0000000008007470                LESENSE_IRQHandler
                0x0000000008007470                AES_IRQHandler
                0x0000000008007470                M33CTI0_IRQHandler
                0x0000000008007470                ICACHE0_IRQHandler
                0x0000000008007470                SMU_NS_PRIVILEGED_IRQHandler
                0x0000000008007470                FPUEXH_IRQHandler
                0x0000000008007470                PROTIMER_IRQHandler
                0x0000000008007470                ACMP1_IRQHandler
                0x0000000008007470                BusFault_Handler
                0x0000000008007470                MPAHBRAM_IRQHandler
                0x0000000008007470                ULFRCO_IRQHandler
 .text.SystemCLKIN0Get
                0x0000000008007472        0x4 vscode-build/obj/gecko_sdk_4.3.1/platform/Device/SiliconLabs/EFR32ZG23/Source/system_efr32zg23.o
                0x0000000008007472                SystemCLKIN0Get
 .text.SystemLFRCOClockGet
                0x0000000008007476        0x6 vscode-build/obj/gecko_sdk_4.3.1/platform/Device/SiliconLabs/EFR32ZG23/Source/system_efr32zg23.o
                0x0000000008007476                SystemLFRCOClockGet
 .text.SystemULFRCOClockGet
                0x000000000800747c        0x6 vscode-build/obj/gecko_sdk_4.3.1/platform/Device/SiliconLabs/EFR32ZG23/Source/system_efr32zg23.o
                0x000000000800747c                SystemULFRCOClockGet
 .text.assertEFM
                0x0000000008007482        0x2 vscode-build/obj/gecko_sdk_4.3.1/platform/common/src/sl_assert.o
                0x0000000008007482                assertEFM
 .text.sl_slist_init
                0x0000000008007484        0x6 vscode-build/obj/gecko_sdk_4.3.1/platform/common/src/sl_slist.o
                0x0000000008007484                sl_slist_init
 .text.sl_strcpy_s
                0x000000000800748a       0x22 vscode-build/obj/gecko_sdk_4.3.1/platform/common/src/sl_string.o
                0x000000000800748a                sl_strcpy_s
 .text.sl_strnlen
                0x00000000080074ac       0x16 vscode-build/obj/gecko_sdk_4.3.1/platform/common/src/sl_string.o
                0x00000000080074ac                sl_strnlen
 .text.sl_strlen
                0x00000000080074c2        0x8 vscode-build/obj/gecko_sdk_4.3.1/platform/common/src/sl_string.o
                0x00000000080074c2                sl_strlen
 .text.sl_strcat_s
                0x00000000080074ca       0x26 vscode-build/obj/gecko_sdk_4.3.1/platform/common/src/sl_string.o
                0x00000000080074ca                sl_strcat_s
 .text.sl_debug_swo_enable_itm
                0x00000000080074f0       0x18 vscode-build/obj/gecko_sdk_4.3.1/platform/driver/debug/src/sl_debug_swo.o
                0x00000000080074f0                sl_debug_swo_enable_itm
 .text.sl_debug_swo_disable_itm
                0x0000000008007508       0x1a vscode-build/obj/gecko_sdk_4.3.1/platform/driver/debug/src/sl_debug_swo.o
                0x0000000008007508                sl_debug_swo_disable_itm
 .text.DMADRV_PeripheralMemory
                0x0000000008007522       0x34 vscode-build/obj/gecko_sdk_4.3.1/platform/emdrv/dmadrv/src/dmadrv.o
                0x0000000008007522                DMADRV_PeripheralMemory
 .text.nvm3_halFlashAccess
                0x0000000008007556        0x2 vscode-build/obj/gecko_sdk_4.3.1/platform/emdrv/nvm3/src/nvm3_hal_flash.o
 .text.nvm3_halFlashGetInfo
                0x0000000008007558       0x22 vscode-build/obj/gecko_sdk_4.3.1/platform/emdrv/nvm3/src/nvm3_hal_flash.o
 .text.nvm3_halFlashClose
                0x000000000800757a        0x4 vscode-build/obj/gecko_sdk_4.3.1/platform/emdrv/nvm3/src/nvm3_hal_flash.o
 .text.nvm3_halFlashOpen
                0x000000000800757e        0xa vscode-build/obj/gecko_sdk_4.3.1/platform/emdrv/nvm3/src/nvm3_hal_flash.o
 .text.nvm3_halFlashReadWords
                0x0000000008007588       0x2e vscode-build/obj/gecko_sdk_4.3.1/platform/emdrv/nvm3/src/nvm3_hal_flash.o
 .text.nvm3_lockDisableExecute
                0x00000000080075b6        0x2 vscode-build/obj/gecko_sdk_4.3.1/platform/emdrv/nvm3/src/nvm3_lock.o
                0x00000000080075b6                nvm3_lockDisableExecute
 .text.BUS_RegMaskedWrite
                0x00000000080075b8       0x22 vscode-build/obj/gecko_sdk_4.3.1/platform/emlib/src/em_cmu.o
 .text.waitStateMax
                0x00000000080075da       0x10 vscode-build/obj/gecko_sdk_4.3.1/platform/emlib/src/em_cmu.o
 .text.CMU_UpdateWaitStates
                0x00000000080075ea        0xc vscode-build/obj/gecko_sdk_4.3.1/platform/emlib/src/em_cmu.o
                0x00000000080075ea                CMU_UpdateWaitStates
 .text.pclkDivMax
                0x00000000080075f6        0xa vscode-build/obj/gecko_sdk_4.3.1/platform/emlib/src/em_cmu.o
 .text.sli_em_cmu_SYSCLKInitPostClockSelect
                0x0000000008007600       0x2a vscode-build/obj/gecko_sdk_4.3.1/platform/emlib/src/em_cmu.o
                0x0000000008007600                sli_em_cmu_SYSCLKInitPostClockSelect
 .text.CORE_EnterCritical
                0x000000000800762a        0x8 vscode-build/obj/gecko_sdk_4.3.1/platform/emlib/src/em_core.o
                0x000000000800762a                CORE_EnterCritical
 .text.CORE_ExitCritical
                0x0000000008007632        0x6 vscode-build/obj/gecko_sdk_4.3.1/platform/emlib/src/em_core.o
                0x0000000008007632                CORE_ExitCritical
 .text.CORE_EnterAtomic
                0x0000000008007638        0xc vscode-build/obj/gecko_sdk_4.3.1/platform/emlib/src/em_core.o
                0x0000000008007638                CORE_EnterAtomic
 .text.CORE_ExitAtomic
                0x0000000008007644        0x6 vscode-build/obj/gecko_sdk_4.3.1/platform/emlib/src/em_core.o
                0x0000000008007644                CORE_ExitAtomic
 .text.EMU_EFPEM01VScale
                0x000000000800764a        0x2 vscode-build/obj/gecko_sdk_4.3.1/platform/emlib/src/em_emu.o
                0x000000000800764a                EMU_EFPEM01VScale
 .text.EMU_DCDCUpdatedHook
                0x000000000800764c        0x2 vscode-build/obj/gecko_sdk_4.3.1/platform/emlib/src/em_emu.o
                0x000000000800764c                EMU_DCDCUpdatedHook
 .text.eusart_sync
                0x000000000800764e        0x8 vscode-build/obj/gecko_sdk_4.3.1/platform/emlib/src/em_eusart.o
 .text.EUSART_Disable
                0x0000000008007656       0x34 vscode-build/obj/gecko_sdk_4.3.1/platform/emlib/src/em_eusart.o
 .text.EUSART_Tx
                0x000000000800768a        0xa vscode-build/obj/gecko_sdk_4.3.1/platform/emlib/src/em_eusart.o
                0x000000000800768a                EUSART_Tx
 .text.BUS_RegMaskedWrite
                0x0000000008007694       0x22 vscode-build/obj/gecko_sdk_4.3.1/platform/emlib/src/em_gpio.o
 .text.GPIO_DbgLocationSet
                0x00000000080076b6        0x2 vscode-build/obj/gecko_sdk_4.3.1/platform/emlib/src/em_gpio.o
                0x00000000080076b6                GPIO_DbgLocationSet
 .text.USART_SpiTransfer
                0x00000000080076b8       0x14 vscode-build/obj/gecko_sdk_4.3.1/platform/emlib/src/em_usart.o
                0x00000000080076b8                USART_SpiTransfer
 .text.sli_cli_session_activity_notification
                0x00000000080076cc        0x2 vscode-build/obj/gecko_sdk_4.3.1/platform/service/cli/src/sl_cli.o
                0x00000000080076cc                sli_cli_session_activity_notification
 .text.sli_cli_session_init
                0x00000000080076ce        0x4 vscode-build/obj/gecko_sdk_4.3.1/platform/service/cli/src/sl_cli.o
                0x00000000080076ce                sli_cli_session_init
 .text.sli_cli_session_handler
                0x00000000080076d2        0x4 vscode-build/obj/gecko_sdk_4.3.1/platform/service/cli/src/sl_cli.o
                0x00000000080076d2                sli_cli_session_handler
 .text.sli_cli_handle_input_and_history
                0x00000000080076d6       0x26 vscode-build/obj/gecko_sdk_4.3.1/platform/service/cli/src/sl_cli.o
                0x00000000080076d6                sli_cli_handle_input_and_history
 .text.sl_cli_instance_init
                0x00000000080076fc       0x28 vscode-build/obj/gecko_sdk_4.3.1/platform/service/cli/src/sl_cli.o
                0x00000000080076fc                sl_cli_instance_init
 .text.sl_cli_tick_instance
                0x0000000008007724        0x8 vscode-build/obj/gecko_sdk_4.3.1/platform/service/cli/src/sl_cli.o
                0x0000000008007724                sl_cli_tick_instance
 .text.sli_cli_arguments_validate_int
                0x000000000800772c       0x12 vscode-build/obj/gecko_sdk_4.3.1/platform/service/cli/src/sl_cli_arguments.o
                0x000000000800772c                sli_cli_arguments_validate_int
 .text.sli_cli_validate_argument
                0x000000000800773e       0x40 vscode-build/obj/gecko_sdk_4.3.1/platform/service/cli/src/sl_cli_arguments.o
                0x000000000800773e                sli_cli_validate_argument
 .text.sli_cli_arguments_convert_single
                0x000000000800777e       0xfc vscode-build/obj/gecko_sdk_4.3.1/platform/service/cli/src/sl_cli_arguments.o
                0x000000000800777e                sli_cli_arguments_convert_single
 .text.sli_cli_arguments_convert_multiple
                0x000000000800787a       0xf8 vscode-build/obj/gecko_sdk_4.3.1/platform/service/cli/src/sl_cli_arguments.o
                0x000000000800787a                sli_cli_arguments_convert_multiple
 .text.scan_entry
                0x0000000008007972       0x90 vscode-build/obj/gecko_sdk_4.3.1/platform/service/cli/src/sl_cli_command.o
 .text.cmd_help_group
                0x0000000008007a02       0x18 vscode-build/obj/gecko_sdk_4.3.1/platform/service/cli/src/sl_cli_command.o
 .text.sli_cli_pre_cmd_hook
                0x0000000008007a1a        0x2 vscode-build/obj/gecko_sdk_4.3.1/platform/service/cli/src/sl_cli_command.o
                0x0000000008007a1a                sli_cli_pre_cmd_hook
 .text.sli_cli_post_cmd_hook
                0x0000000008007a1c        0x2 vscode-build/obj/gecko_sdk_4.3.1/platform/service/cli/src/sl_cli_command.o
                0x0000000008007a1c                sli_cli_post_cmd_hook
 .text.sl_cli_command_add_command_group
                0x0000000008007a1e       0x1c vscode-build/obj/gecko_sdk_4.3.1/platform/service/cli/src/sl_cli_command.o
                0x0000000008007a1e                sl_cli_command_add_command_group
 .text.sl_cli_command_execute
                0x0000000008007a3a       0xae vscode-build/obj/gecko_sdk_4.3.1/platform/service/cli/src/sl_cli_command.o
                0x0000000008007a3a                sl_cli_command_execute
 .text.history_get_count
                0x0000000008007ae8       0x28 vscode-build/obj/gecko_sdk_4.3.1/platform/service/cli/src/sl_cli_input.o
 .text.history_get_ofs
                0x0000000008007b10       0x66 vscode-build/obj/gecko_sdk_4.3.1/platform/service/cli/src/sl_cli_input.o
 .text.sl_cli_input_clear
                0x0000000008007b76       0x16 vscode-build/obj/gecko_sdk_4.3.1/platform/service/cli/src/sl_cli_input.o
                0x0000000008007b76                sl_cli_input_clear
 .text.sli_cli_input_update_history
                0x0000000008007b8c       0x88 vscode-build/obj/gecko_sdk_4.3.1/platform/service/cli/src/sl_cli_input.o
                0x0000000008007b8c                sli_cli_input_update_history
 .text.sl_cli_input_get_history
                0x0000000008007c14       0x92 vscode-build/obj/gecko_sdk_4.3.1/platform/service/cli/src/sl_cli_input.o
                0x0000000008007c14                sl_cli_input_get_history
 .text.sli_cli_io_getchar
                0x0000000008007ca6       0x1e vscode-build/obj/gecko_sdk_4.3.1/platform/service/cli/src/sl_cli_io.o
                0x0000000008007ca6                sli_cli_io_getchar
 .text.sli_cli_io_putchar
                0x0000000008007cc4       0x18 vscode-build/obj/gecko_sdk_4.3.1/platform/service/cli/src/sl_cli_io.o
                0x0000000008007cc4                sli_cli_io_putchar
 .text.sli_cli_io_printf
                0x0000000008007cdc       0x1c vscode-build/obj/gecko_sdk_4.3.1/platform/service/cli/src/sl_cli_io.o
                0x0000000008007cdc                sli_cli_io_printf
 .text.escape   0x0000000008007cf8       0x26 vscode-build/obj/gecko_sdk_4.3.1/platform/service/cli/src/sl_cli_tokenize.o
 .text.sl_cli_tokenize
                0x0000000008007d1e       0xe8 vscode-build/obj/gecko_sdk_4.3.1/platform/service/cli/src/sl_cli_tokenize.o
                0x0000000008007d1e                sl_cli_tokenize
 .text.sl_iostream_write
                0x0000000008007e06       0x28 vscode-build/obj/gecko_sdk_4.3.1/platform/service/iostream/src/sl_iostream.o
                0x0000000008007e06                sl_iostream_write
 .text.sl_iostream_read
                0x0000000008007e2e       0x32 vscode-build/obj/gecko_sdk_4.3.1/platform/service/iostream/src/sl_iostream.o
                0x0000000008007e2e                sl_iostream_read
 .text.sl_iostream_putchar
                0x0000000008007e60       0x16 vscode-build/obj/gecko_sdk_4.3.1/platform/service/iostream/src/sl_iostream.o
                0x0000000008007e60                sl_iostream_putchar
 .text.sl_iostream_getchar
                0x0000000008007e76        0x8 vscode-build/obj/gecko_sdk_4.3.1/platform/service/iostream/src/sl_iostream.o
                0x0000000008007e76                sl_iostream_getchar
 .text.eusart_deinit
                0x0000000008007e7e       0x70 vscode-build/obj/gecko_sdk_4.3.1/platform/service/iostream/src/sl_iostream_eusart.o
 .text.eusart_set_next_byte_detect
                0x0000000008007eee       0x30 vscode-build/obj/gecko_sdk_4.3.1/platform/service/iostream/src/sl_iostream_eusart.o
 .text.eusart_tx
                0x0000000008007f1e        0xc vscode-build/obj/gecko_sdk_4.3.1/platform/service/iostream/src/sl_iostream_eusart.o
 .text.sl_iostream_eusart_irq_handler
                0x0000000008007f2a       0x72 vscode-build/obj/gecko_sdk_4.3.1/platform/service/iostream/src/sl_iostream_eusart.o
                0x0000000008007f2a                sl_iostream_eusart_irq_handler
 .text._close   0x0000000008007f9c        0x4 vscode-build/obj/gecko_sdk_4.3.1/platform/service/iostream/src/sl_iostream_retarget_stdio.o
                0x0000000008007f9c                _close
 .text._exit    0x0000000008007fa0        0x2 vscode-build/obj/gecko_sdk_4.3.1/platform/service/iostream/src/sl_iostream_retarget_stdio.o
                0x0000000008007fa0                _exit
 .text._fstat   0x0000000008007fa2        0xa vscode-build/obj/gecko_sdk_4.3.1/platform/service/iostream/src/sl_iostream_retarget_stdio.o
                0x0000000008007fa2                _fstat
 .text._isatty  0x0000000008007fac        0x4 vscode-build/obj/gecko_sdk_4.3.1/platform/service/iostream/src/sl_iostream_retarget_stdio.o
                0x0000000008007fac                _isatty
 .text._lseek   0x0000000008007fb0        0x4 vscode-build/obj/gecko_sdk_4.3.1/platform/service/iostream/src/sl_iostream_retarget_stdio.o
                0x0000000008007fb0                _lseek
 .text._read    0x0000000008007fb4       0x1c vscode-build/obj/gecko_sdk_4.3.1/platform/service/iostream/src/sl_iostream_retarget_stdio.o
                0x0000000008007fb4                _read
 .text.set_auto_cr_lf
                0x0000000008007fd0        0x6 vscode-build/obj/gecko_sdk_4.3.1/platform/service/iostream/src/sl_iostream_uart.o
 .text.get_auto_cr_lf
                0x0000000008007fd6        0x6 vscode-build/obj/gecko_sdk_4.3.1/platform/service/iostream/src/sl_iostream_uart.o
 .text.sl_system_init
                0x0000000008007fdc       0x1a vscode-build/obj/gecko_sdk_4.3.1/platform/service/system/src/sl_system_init.o
                0x0000000008007fdc                sl_system_init
 .text.sl_system_process_action
                0x0000000008007ff6       0x16 vscode-build/obj/gecko_sdk_4.3.1/platform/service/system/src/sl_system_process_action.o
                0x0000000008007ff6                sl_system_process_action
 .text.startup.main
                0x000000000800800c       0x14 vscode-build/obj/main.o
                0x000000000800800c                main
 .text.memcmp   0x0000000008008020       0x20 /Applications/Simplicity Studio.app/Contents/Eclipse/developer/toolchains/gnu_arm/10.3_2021.10/bin/../lib/gcc/arm-none-eabi/10.3.1/../../../../arm-none-eabi/lib/thumb/v8-m.main+fp/hard/libc_nano.a(lib_a-memcmp.o)
                0x0000000008008020                memcmp
 .text.memcpy   0x0000000008008040       0x1a /Applications/Simplicity Studio.app/Contents/Eclipse/developer/toolchains/gnu_arm/10.3_2021.10/bin/../lib/gcc/arm-none-eabi/10.3.1/../../../../arm-none-eabi/lib/thumb/v8-m.main+fp/hard/libc_nano.a(lib_a-memcpy-stub.o)
                0x0000000008008040                memcpy
 .text.memmove  0x000000000800805a       0x34 /Applications/Simplicity Studio.app/Contents/Eclipse/developer/toolchains/gnu_arm/10.3_2021.10/bin/../lib/gcc/arm-none-eabi/10.3.1/../../../../arm-none-eabi/lib/thumb/v8-m.main+fp/hard/libc_nano.a(lib_a-memmove.o)
                0x000000000800805a                memmove
 .text.memset   0x000000000800808e       0x10 /Applications/Simplicity Studio.app/Contents/Eclipse/developer/toolchains/gnu_arm/10.3_2021.10/bin/../lib/gcc/arm-none-eabi/10.3.1/../../../../arm-none-eabi/lib/thumb/v8-m.main+fp/hard/libc_nano.a(lib_a-memset.o)
                0x000000000800808e                memset
 .text          0x000000000800809e       0x14 /Applications/Simplicity Studio.app/Contents/Eclipse/developer/toolchains/gnu_arm/10.3_2021.10/bin/../lib/gcc/arm-none-eabi/10.3.1/../../../../arm-none-eabi/lib/thumb/v8-m.main+fp/hard/libc_nano.a(lib_a-strcmp.o)
                0x000000000800809e                strcmp
 .text          0x00000000080080b2       0x10 /Applications/Simplicity Studio.app/Contents/Eclipse/developer/toolchains/gnu_arm/10.3_2021.10/bin/../lib/gcc/arm-none-eabi/10.3.1/../../../../arm-none-eabi/lib/thumb/v8-m.main+fp/hard/libc_nano.a(lib_a-strlen.o)
                0x00000000080080b2                strlen
 .text.strncmp  0x00000000080080c2       0x28 /Applications/Simplicity Studio.app/Contents/Eclipse/developer/toolchains/gnu_arm/10.3_2021.10/bin/../lib/gcc/arm-none-eabi/10.3.1/../../../../arm-none-eabi/lib/thumb/v8-m.main+fp/hard/libc_nano.a(lib_a-strncmp.o)
                0x00000000080080c2                strncmp
 .text.__sfmoreglue
                0x00000000080080ea       0x2c /Applications/Simplicity Studio.app/Contents/Eclipse/developer/toolchains/gnu_arm/10.3_2021.10/bin/../lib/gcc/arm-none-eabi/10.3.1/../../../../arm-none-eabi/lib/thumb/v8-m.main+fp/hard/libc_nano.a(lib_a-findfp.o)
                0x00000000080080ea                __sfmoreglue
 .text._fwalk_reent
                0x0000000008008116       0x3e /Applications/Simplicity Studio.app/Contents/Eclipse/developer/toolchains/gnu_arm/10.3_2021.10/bin/../lib/gcc/arm-none-eabi/10.3.1/../../../../arm-none-eabi/lib/thumb/v8-m.main+fp/hard/libc_nano.a(lib_a-fwalk.o)
                0x0000000008008116                _fwalk_reent
 .text.__retarget_lock_init_recursive
                0x0000000008008154        0x2 /Applications/Simplicity Studio.app/Contents/Eclipse/developer/toolchains/gnu_arm/10.3_2021.10/bin/../lib/gcc/arm-none-eabi/10.3.1/../../../../arm-none-eabi/lib/thumb/v8-m.main+fp/hard/libc_nano.a(lib_a-lock.o)
                0x0000000008008154                __retarget_lock_init_recursive
 .text.__retarget_lock_acquire_recursive
                0x0000000008008156        0x2 /Applications/Simplicity Studio.app/Contents/Eclipse/developer/toolchains/gnu_arm/10.3_2021.10/bin/../lib/gcc/arm-none-eabi/10.3.1/../../../../arm-none-eabi/lib/thumb/v8-m.main+fp/hard/libc_nano.a(lib_a-lock.o)
                0x0000000008008156                __retarget_lock_acquire_recursive
 .text.__retarget_lock_release_recursive
                0x0000000008008158        0x2 /Applications/Simplicity Studio.app/Contents/Eclipse/developer/toolchains/gnu_arm/10.3_2021.10/bin/../lib/gcc/arm-none-eabi/10.3.1/../../../../arm-none-eabi/lib/thumb/v8-m.main+fp/hard/libc_nano.a(lib_a-lock.o)
                0x0000000008008158                __retarget_lock_release_recursive
 .text.__swhatbuf_r
                0x000000000800815a       0x4a /Applications/Simplicity Studio.app/Contents/Eclipse/developer/toolchains/gnu_arm/10.3_2021.10/bin/../lib/gcc/arm-none-eabi/10.3.1/../../../../arm-none-eabi/lib/thumb/v8-m.main+fp/hard/libc_nano.a(lib_a-makebuf.o)
                0x000000000800815a                __swhatbuf_r
 .text.__sfputc_r
                0x00000000080081a4       0x2e /Applications/Simplicity Studio.app/Contents/Eclipse/developer/toolchains/gnu_arm/10.3_2021.10/bin/../lib/gcc/arm-none-eabi/10.3.1/../../../../arm-none-eabi/lib/thumb/v8-m.main+fp/hard/libc_nano.a(lib_a-nano-vfprintf.o)
 .text.__sfputs_r
                0x00000000080081d2       0x24 /Applications/Simplicity Studio.app/Contents/Eclipse/developer/toolchains/gnu_arm/10.3_2021.10/bin/../lib/gcc/arm-none-eabi/10.3.1/../../../../arm-none-eabi/lib/thumb/v8-m.main+fp/hard/libc_nano.a(lib_a-nano-vfprintf.o)
                0x00000000080081d2                __sfputs_r
 .text._printf_common
                0x00000000080081f6       0xe0 /Applications/Simplicity Studio.app/Contents/Eclipse/developer/toolchains/gnu_arm/10.3_2021.10/bin/../lib/gcc/arm-none-eabi/10.3.1/../../../../arm-none-eabi/lib/thumb/v8-m.main+fp/hard/libc_nano.a(lib_a-nano-vfprintf_i.o)
                0x00000000080081f6                _printf_common
 .text.__sread  0x00000000080082d6       0x22 /Applications/Simplicity Studio.app/Contents/Eclipse/developer/toolchains/gnu_arm/10.3_2021.10/bin/../lib/gcc/arm-none-eabi/10.3.1/../../../../arm-none-eabi/lib/thumb/v8-m.main+fp/hard/libc_nano.a(lib_a-stdio.o)
                0x00000000080082d6                __sread
 .text.__swrite
                0x00000000080082f8       0x38 /Applications/Simplicity Studio.app/Contents/Eclipse/developer/toolchains/gnu_arm/10.3_2021.10/bin/../lib/gcc/arm-none-eabi/10.3.1/../../../../arm-none-eabi/lib/thumb/v8-m.main+fp/hard/libc_nano.a(lib_a-stdio.o)
                0x00000000080082f8                __swrite
 .text.__sseek  0x0000000008008330       0x24 /Applications/Simplicity Studio.app/Contents/Eclipse/developer/toolchains/gnu_arm/10.3_2021.10/bin/../lib/gcc/arm-none-eabi/10.3.1/../../../../arm-none-eabi/lib/thumb/v8-m.main+fp/hard/libc_nano.a(lib_a-stdio.o)
                0x0000000008008330                __sseek
 .text.__sclose
                0x0000000008008354        0x8 /Applications/Simplicity Studio.app/Contents/Eclipse/developer/toolchains/gnu_arm/10.3_2021.10/bin/../lib/gcc/arm-none-eabi/10.3.1/../../../../arm-none-eabi/lib/thumb/v8-m.main+fp/hard/libc_nano.a(lib_a-stdio.o)
                0x0000000008008354                __sclose
 .text.memchr   0x000000000800835c       0x1c /Applications/Simplicity Studio.app/Contents/Eclipse/developer/toolchains/gnu_arm/10.3_2021.10/bin/../lib/gcc/arm-none-eabi/10.3.1/../../../../arm-none-eabi/lib/thumb/v8-m.main+fp/hard/libc_nano.a(lib_a-memchr-stub.o)
                0x000000000800835c                memchr
 .text.thrHard  0x0000000008008378       0x2a gecko_sdk_4.3.1/platform/emdrv/nvm3/lib/libnvm3_CM33_gcc.a(nvm3.o)
 .text.thrSoftMinimum
                0x00000000080083a2       0x20 gecko_sdk_4.3.1/platform/emdrv/nvm3/lib/libnvm3_CM33_gcc.a(nvm3.o)
 .text.scanPage
                0x00000000080083c2       0x32 gecko_sdk_4.3.1/platform/emdrv/nvm3/lib/libnvm3_CM33_gcc.a(nvm3.o)
 .text.workBegin
                0x00000000080083f4       0x18 gecko_sdk_4.3.1/platform/emdrv/nvm3/lib/libnvm3_CM33_gcc.a(nvm3.o)
 .text.findValidPageCnt
                0x000000000800840c       0x3e gecko_sdk_4.3.1/platform/emdrv/nvm3/lib/libnvm3_CM33_gcc.a(nvm3.o)
 .text.erasePage
                0x000000000800844a       0x22 gecko_sdk_4.3.1/platform/emdrv/nvm3/lib/libnvm3_CM33_gcc.a(nvm3.o)
 .text.getPreviousGoodPage
                0x000000000800846c       0x42 gecko_sdk_4.3.1/platform/emdrv/nvm3/lib/libnvm3_CM33_gcc.a(nvm3.o)
 .text.findCurrentEraseCnt
                0x00000000080084ae       0x5e gecko_sdk_4.3.1/platform/emdrv/nvm3/lib/libnvm3_CM33_gcc.a(nvm3.o)
 .text.eraseAllPages
                0x000000000800850c       0x7a gecko_sdk_4.3.1/platform/emdrv/nvm3/lib/libnvm3_CM33_gcc.a(nvm3.o)
 .text.getFirstObjAdrInNextGoodPage
                0x0000000008008586       0x5a gecko_sdk_4.3.1/platform/emdrv/nvm3/lib/libnvm3_CM33_gcc.a(nvm3.o)
 .text.getNextObj
                0x00000000080085e0       0x2e gecko_sdk_4.3.1/platform/emdrv/nvm3/lib/libnvm3_CM33_gcc.a(nvm3.o)
 .text.getFreeSize
                0x000000000800860e       0x64 gecko_sdk_4.3.1/platform/emdrv/nvm3/lib/libnvm3_CM33_gcc.a(nvm3.o)
 .text.findNumberOfUnusedPages
                0x0000000008008672       0x52 gecko_sdk_4.3.1/platform/emdrv/nvm3/lib/libnvm3_CM33_gcc.a(nvm3.o)
 .text.cacheUpdateCallback
                0x00000000080086c4       0x12 gecko_sdk_4.3.1/platform/emdrv/nvm3/lib/libnvm3_CM33_gcc.a(nvm3.o)
 .text.validateObj
                0x00000000080086d6       0x24 gecko_sdk_4.3.1/platform/emdrv/nvm3/lib/libnvm3_CM33_gcc.a(nvm3.o)
 .text.eraseFirstPageCallback
                0x00000000080086fa       0x2e gecko_sdk_4.3.1/platform/emdrv/nvm3/lib/libnvm3_CM33_gcc.a(nvm3.o)
 .text.enumScanCacheCallback
                0x0000000008008728       0x36 gecko_sdk_4.3.1/platform/emdrv/nvm3/lib/libnvm3_CM33_gcc.a(nvm3.o)
 .text.eraseFirstPageScanCacheCallback
                0x000000000800875e       0x1c gecko_sdk_4.3.1/platform/emdrv/nvm3/lib/libnvm3_CM33_gcc.a(nvm3.o)
 .text.workEnd.isra.0
                0x000000000800877a       0x10 gecko_sdk_4.3.1/platform/emdrv/nvm3/lib/libnvm3_CM33_gcc.a(nvm3.o)
 .text.counterIdxToAdr.isra.0
                0x000000000800878a       0x66 gecko_sdk_4.3.1/platform/emdrv/nvm3/lib/libnvm3_CM33_gcc.a(nvm3.o)
 .text.counterIncFldGet
                0x00000000080087f0       0x40 gecko_sdk_4.3.1/platform/emdrv/nvm3/lib/libnvm3_CM33_gcc.a(nvm3.o)
 .text.readCounter
                0x0000000008008830      0x18e gecko_sdk_4.3.1/platform/emdrv/nvm3/lib/libnvm3_CM33_gcc.a(nvm3.o)
 .text.nvm3_enumObjects
                0x00000000080089be       0x12 gecko_sdk_4.3.1/platform/emdrv/nvm3/lib/libnvm3_CM33_gcc.a(nvm3.o)
                0x00000000080089be                nvm3_enumObjects
 .text.nvm3_enumDeletedObjects
                0x00000000080089d0       0x12 gecko_sdk_4.3.1/platform/emdrv/nvm3/lib/libnvm3_CM33_gcc.a(nvm3.o)
                0x00000000080089d0                nvm3_enumDeletedObjects
 .text.nvm3_repackNeeded
                0x00000000080089e2       0x34 gecko_sdk_4.3.1/platform/emdrv/nvm3/lib/libnvm3_CM33_gcc.a(nvm3.o)
                0x00000000080089e2                nvm3_repackNeeded
 .text.nvm3_cacheClear
                0x0000000008008a16       0x24 gecko_sdk_4.3.1/platform/emdrv/nvm3/lib/libnvm3_CM33_gcc.a(nvm3_cache.o)
                0x0000000008008a16                nvm3_cacheClear
 .text.nvm3_cacheOpen
                0x0000000008008a3a        0x8 gecko_sdk_4.3.1/platform/emdrv/nvm3/lib/libnvm3_CM33_gcc.a(nvm3_cache.o)
                0x0000000008008a3a                nvm3_cacheOpen
 .text.nvm3_cacheDelete
                0x0000000008008a42       0x30 gecko_sdk_4.3.1/platform/emdrv/nvm3/lib/libnvm3_CM33_gcc.a(nvm3_cache.o)
                0x0000000008008a42                nvm3_cacheDelete
 .text.nvm3_cacheGet
                0x0000000008008a72       0x34 gecko_sdk_4.3.1/platform/emdrv/nvm3/lib/libnvm3_CM33_gcc.a(nvm3_cache.o)
                0x0000000008008a72                nvm3_cacheGet
 .text.nvm3_objHdrValidateSmall
                0x0000000008008aa6       0x2a gecko_sdk_4.3.1/platform/emdrv/nvm3/lib/libnvm3_CM33_gcc.a(nvm3_object.o)
                0x0000000008008aa6                nvm3_objHdrValidateSmall
 .text.nvm3_objHdrValidateLarge
                0x0000000008008ad0       0x36 gecko_sdk_4.3.1/platform/emdrv/nvm3/lib/libnvm3_CM33_gcc.a(nvm3_object.o)
                0x0000000008008ad0                nvm3_objHdrValidateLarge
 .text.nvm3_objHdrGetErased
                0x0000000008008b06        0xa gecko_sdk_4.3.1/platform/emdrv/nvm3/lib/libnvm3_CM33_gcc.a(nvm3_object.o)
                0x0000000008008b06                nvm3_objHdrGetErased
 .text.nvm3_objHdrGetFragTyp
                0x0000000008008b10       0x10 gecko_sdk_4.3.1/platform/emdrv/nvm3/lib/libnvm3_CM33_gcc.a(nvm3_object.o)
                0x0000000008008b10                nvm3_objHdrGetFragTyp
 .text.nvm3_objHdrGetKey
                0x0000000008008b20        0x8 gecko_sdk_4.3.1/platform/emdrv/nvm3/lib/libnvm3_CM33_gcc.a(nvm3_object.o)
                0x0000000008008b20                nvm3_objHdrGetKey
 .text.nvm3_objHdrGetHdrIsLarge
                0x0000000008008b28       0x10 gecko_sdk_4.3.1/platform/emdrv/nvm3/lib/libnvm3_CM33_gcc.a(nvm3_object.o)
                0x0000000008008b28                nvm3_objHdrGetHdrIsLarge
 .text.nvm3_objHdrGetHdrLen
                0x0000000008008b38        0xe gecko_sdk_4.3.1/platform/emdrv/nvm3/lib/libnvm3_CM33_gcc.a(nvm3_object.o)
                0x0000000008008b38                nvm3_objHdrGetHdrLen
 .text.nvm3_objHdrGetDatLen
                0x0000000008008b46       0x1e gecko_sdk_4.3.1/platform/emdrv/nvm3/lib/libnvm3_CM33_gcc.a(nvm3_object.o)
                0x0000000008008b46                nvm3_objHdrGetDatLen
 .text.nvm3_objHdrGetType
                0x0000000008008b64        0x8 gecko_sdk_4.3.1/platform/emdrv/nvm3/lib/libnvm3_CM33_gcc.a(nvm3_object.o)
                0x0000000008008b64                nvm3_objHdrGetType
 .text.nvm3_objGroupToType
                0x0000000008008b6c       0x1a gecko_sdk_4.3.1/platform/emdrv/nvm3/lib/libnvm3_CM33_gcc.a(nvm3_object.o)
                0x0000000008008b6c                nvm3_objGroupToType
 .text.nvm3_utilsComputeBergerCode
                0x0000000008008b86       0x3c gecko_sdk_4.3.1/platform/emdrv/nvm3/lib/libnvm3_CM33_gcc.a(nvm3_utils.o)
                0x0000000008008b86                nvm3_utilsComputeBergerCode
 .text.nvm3_pageSetBad
                0x0000000008008bc2       0x26 gecko_sdk_4.3.1/platform/emdrv/nvm3/lib/libnvm3_CM33_gcc.a(nvm3_page.o)
                0x0000000008008bc2                nvm3_pageSetBad
 .text.nvm3_pageSetEip
                0x0000000008008be8       0x3e gecko_sdk_4.3.1/platform/emdrv/nvm3/lib/libnvm3_CM33_gcc.a(nvm3_page.o)
                0x0000000008008be8                nvm3_pageSetEip
 .text.nvm3_pageGetEraseCnt
                0x0000000008008c26       0x52 gecko_sdk_4.3.1/platform/emdrv/nvm3/lib/libnvm3_CM33_gcc.a(nvm3_page.o)
                0x0000000008008c26                nvm3_pageGetEraseCnt
 .text.nvm3_pageGetState
                0x0000000008008c78       0x4a gecko_sdk_4.3.1/platform/emdrv/nvm3/lib/libnvm3_CM33_gcc.a(nvm3_page.o)
                0x0000000008008c78                nvm3_pageGetState
 .text.nvm3_pageStateIsGood
                0x0000000008008cc2        0xa gecko_sdk_4.3.1/platform/emdrv/nvm3/lib/libnvm3_CM33_gcc.a(nvm3_page.o)
                0x0000000008008cc2                nvm3_pageStateIsGood
 .text.nvm3_pageStateIsInvalid